Microchip MPLAB XC8 Compiler V1.45 ()

Linker command line:

--edf=/Applications/microchip/xc8/v1.45/dat/en_msgs.txt -cs \
  -h+dist/pro/production/synth1705.X_2.production.sym \
  --cmf=dist/pro/production/synth1705.X_2.production.cmf -z -Q16F1705 \
  -o/tmp/xcsM81Vwp -Mdist/pro/production/synth1705.X_2.production.map -E1 \
  -ver=XC8 -ASTACK=0218Ah-021efh -pstack=STACK -ACODE=00h-07FFhx4 \
  -ASTRCODE=00h-01FFFh -ASTRING=00h-0FFhx32 -ACONST=00h-0FFhx32 \
  -AENTRY=00h-0FFhx32 -ACOMMON=070h-07Fh -ABANK0=020h-06Fh \
  -ABANK1=0A0h-0EFh -ABANK2=0120h-016Fh -ABANK3=01A0h-01EFh \
  -ABANK4=0220h-026Fh -ABANK5=02A0h-02EFh -ABANK6=0320h-036Fh \
  -ABANK7=03A0h-03EFh -ABANK8=0420h-046Fh -ABANK9=04A0h-04EFh \
  -ABANK10=0520h-056Fh -ABANK11=05A0h-05EFh -ABANK12=0620h-064Fh \
  -ABIGRAM=02000h-023EFh \
  -ARAM=020h-06Fh,0A0h-0EFh,0120h-016Fh,01A0h-01EFh,0220h-026Fh,02A0h-02EFh,0320h-036Fh,03A0h-03EFh,0420h-046Fh,04A0h-04EFh,0520h-056Fh,05A0h-05EFh,0620h-064Fh \
  -AABS1=020h-07Fh,0A0h-0EFh,0120h-016Fh,01A0h-01EFh,0220h-026Fh,02A0h-02EFh,0320h-036Fh,03A0h-03EFh,0420h-046Fh,04A0h-04EFh,0520h-056Fh,05A0h-05EFh,0620h-064Fh \
  -ASFR0=00h-01Fh -ASFR1=080h-09Fh -ASFR2=0100h-011Fh -ASFR3=0180h-019Fh \
  -ASFR4=0200h-021Fh -ASFR5=0280h-029Fh -ASFR6=0300h-031Fh \
  -ASFR7=0380h-039Fh -ASFR8=0400h-041Fh -ASFR9=0480h-049Fh \
  -ASFR10=0500h-051Fh -ASFR11=0580h-059Fh -ASFR12=0600h-061Fh \
  -ASFR13=0680h-06EFh -ASFR14=0700h-076Fh -ASFR15=0780h-07EFh \
  -ASFR16=0800h-086Fh -ASFR17=0880h-08EFh -ASFR18=0900h-096Fh \
  -ASFR19=0980h-09EFh -ASFR20=0A00h-0A6Fh -ASFR21=0A80h-0AEFh \
  -ASFR22=0B00h-0B6Fh -ASFR23=0B80h-0BEFh -ASFR24=0C00h-0C6Fh \
  -ASFR25=0C80h-0CEFh -ASFR26=0D00h-0D6Fh -ASFR27=0D80h-0DEFh \
  -ASFR28=0E00h-0E6Fh -ASFR29=0E80h-0EEFh -ASFR30=0F00h-0F6Fh \
  -ASFR31=0F80h-0FEFh -preset_vec=00h,intentry=04h,init,end_init \
  -ppowerup=CODE -pcinit=CODE -pfunctab=ENTRY -ACONFIG=08007h-08008h \
  -pconfig=CONFIG -DCONFIG=2 -AIDLOC=08000h-08003h -pidloc=IDLOC -DIDLOC=2 \
  -DCODE=2 -DSTRCODE=2 -DSTRING=2 -DCONST=2 -DENTRY=2 -k /tmp/xc0EZGoAx.obj \
  dist/pro/production/synth1705.X_2.production.obj 

Object code version is 3.11

Machine type is 16F1705



                Name                               Link     Load   Length Selector   Space Scale
/tmp/xc0EZGoAx.obj
                end_init                             12       12        2        8       0
                reset_vec                             0        0        2        0       0
                config                             8007     8007        2    1000E       0
dist/pro/production/synth1705.X_2.production.obj
                cinit                                14       14      3F2        8       0
                intentry                              4        4        E        8       0
                text67                              C80      C80       71     1900       0
                text66                              ABE      ABE        D     157C       0
                text53                              606      606      1AD        8       0
                text43                              AFD      AFD       20     15FA       0
                text42                              B1D      B1D       20     163A       0
                text41                              B3D      B3D       20     167A       0
                text40                              B5D      B5D       20     16BA       0
                swtext2                             800      800        4     1000       0
                swtext1                               2        2        2        4       0
                text30                              ACB      ACB       16     1596       0
                text23                              B7D      B7D       2C     16FA       0
                text8                               E65      E65      19B     1CCA       0
                text6                               CF1      CF1      174     19E2       0
                text3                               BA9      BA9       2C     1752       0
                text1                               BD5      BD5       2F     17AA       0
                cstackBANK0                          20       20       43       20       1
                cstackCOMMON                         70       70        A       70       1
                clrtext                             AA6      AA6        C     154C       0
                inittext                            AB2      AB2        C     1564       0
                dataBANK4                           220      220       4A      220       1
                dataBANK3                           1A0      1A0       4A      1A0       1
                dataBANK2                           120      120       32      120       1
                dataBANK1                            D2       D2       1C       A0       1
                bssBANK1                             A0       A0       32       A0       1
                bssBANK0                             63       63        B       20       1
                bssCOMMON                            7A       7A        3       70       1
                stringtext1                        1000     1000       20     2000       0
                idataBIGRAM                         406      406      200        8       0
                idataBANK4                          C36      C36       4A     186C       0
                idataBANK3                          7B3      7B3       4A        8       0
                idataBANK2                          C04      C04       32     1808       0
                idataBANK1                          AE1      AE1       1C     15C2       0

TOTAL           Name                               Link     Load   Length     Space
        CLASS   STACK          

        CLASS   CODE           
                end_init                             12       12        2         0
                cinit                                14       14      3F2         0
                intentry                              4        4        E         0
                reset_vec                             0        0        2         0
                text67                              C80      C80       71         0
                text66                              ABE      ABE        D         0
                text53                              606      606      1AD         0
                text43                              AFD      AFD       20         0
                text42                              B1D      B1D       20         0
                text41                              B3D      B3D       20         0
                text40                              B5D      B5D       20         0
                text30                              ACB      ACB       16         0
                text23                              B7D      B7D       2C         0
                text8                               E65      E65      19B         0
                text6                               CF1      CF1      174         0
                text3                               BA9      BA9       2C         0
                text1                               BD5      BD5       2F         0
                clrtext                             AA6      AA6        C         0
                inittext                            AB2      AB2        C         0
                idataBIGRAM                         406      406      200         0
                idataBANK4                          C36      C36       4A         0
                idataBANK3                          7B3      7B3       4A         0
                idataBANK2                          C04      C04       32         0
                idataBANK1                          AE1      AE1       1C         0

        CLASS   STRCODE        
                stringtext1                        1000     1000       20         0

        CLASS   STRING         

        CLASS   CONST          
                swtext2                             800      800        4         0
                swtext1                               2        2        2         0

        CLASS   ENTRY          

        CLASS   COMMON         
                cstackCOMMON                         70       70        A         1
                bssCOMMON                            7A       7A        3         1

        CLASS   BANK0          
                cstackBANK0                          20       20       43         1
                bssBANK0                             63       63        B         1

        CLASS   BANK1          
                dataBANK1                            D2       D2       1C         1
                bssBANK1                             A0       A0       32         1

        CLASS   BANK2          
                dataBANK2                           120      120       32         1

        CLASS   BANK3          
                dataBANK3                           1A0      1A0       4A         1

        CLASS   BANK4          
                dataBANK4                           220      220       4A         1

        CLASS   BANK5          

        CLASS   BANK6          

        CLASS   BANK7          

        CLASS   BANK8          

        CLASS   BANK9          

        CLASS   BANK10         

        CLASS   BANK11         

        CLASS   BANK12         

        CLASS   BIGRAM         

        CLASS   RAM            

        CLASS   ABS1           
                abs_s1                               7E       7E        2         1
                abs_s1                              330      330       40         1
                abs_s1                              3A0      3A0       50         1
                abs_s1                              420      420       50         1
                abs_s1                              4A0      4A0       50         1
                abs_s1                              520      520       50         1
                abs_s1                              5A0      5A0       50         1
                abs_s1                              620      620       30         1
                abs_s1                             21F0     21F0        0         1
                abs_s1                             22F0     22F0        0         1

        CLASS   SFR0           

        CLASS   SFR1           

        CLASS   SFR2           

        CLASS   SFR3           

        CLASS   SFR4           

        CLASS   SFR5           

        CLASS   SFR6           

        CLASS   SFR7           

        CLASS   SFR8           

        CLASS   SFR9           

        CLASS   SFR10          

        CLASS   SFR11          

        CLASS   SFR12          

        CLASS   SFR13          

        CLASS   SFR14          

        CLASS   SFR15          

        CLASS   SFR16          

        CLASS   SFR17          

        CLASS   SFR18          

        CLASS   SFR19          

        CLASS   SFR20          

        CLASS   SFR21          

        CLASS   SFR22          

        CLASS   SFR23          

        CLASS   SFR24          

        CLASS   SFR25          

        CLASS   SFR26          

        CLASS   SFR27          

        CLASS   SFR28          

        CLASS   SFR29          

        CLASS   SFR30          

        CLASS   SFR31          

        CLASS   CONFIG         
                config                             8007     8007        2         0

        CLASS   IDLOC          

        CLASS   BANK31         

        CLASS   BANK30         

        CLASS   BANK29         

        CLASS   BANK28         

        CLASS   BANK27         

        CLASS   BANK26         

        CLASS   BANK25         

        CLASS   BANK24         

        CLASS   BANK23         

        CLASS   BANK22         

        CLASS   BANK21         

        CLASS   BANK20         

        CLASS   BANK19         

        CLASS   BANK18         

        CLASS   BANK17         

        CLASS   BANK16         

        CLASS   BANK15         

        CLASS   BANK14         

        CLASS   BANK13         

        CLASS   EEDATA         



SEGMENTS        Name                           Load    Length   Top    Selector   Space  Class     Delta

                reset_vec                      000000  000002  000002         0       0  CODE        2
                swtext1                        000002  000002  000004         4       0  CONST       2
                intentry                       000004  0007F9  0007FD         8       0  CODE        2
                cstackBANK0                    000020  00004E  00006E        20       1  BANK0       1
                cstackCOMMON                   000070  00000D  00007D        70       1  COMMON      1
                bssBANK1                       0000A0  00004E  0000EE        A0       1  BANK1       1
                dataBANK2                      000120  000032  000152       120       1  BANK2       1
                dataBANK3                      0001A0  00004A  0001EA       1A0       1  BANK3       1
                dataBANK4                      000220  00004A  00026A       220       1  BANK4       1
                swtext2                        000800  000004  000804      1000       0  CONST       2
                clrtext                        000AA6  00000C  000AB2      154C       0  CODE        2
                inittext                       000AB2  00000C  000ABE      1564       0  CODE        2
                text66                         000ABE  00000D  000ACB      157C       0  CODE        2
                text30                         000ACB  000016  000AE1      1596       0  CODE        2
                idataBANK1                     000AE1  00001C  000AFD      15C2       0  CODE        2
                text43                         000AFD  000020  000B1D      15FA       0  CODE        2
                text42                         000B1D  000020  000B3D      163A       0  CODE        2
                text41                         000B3D  000020  000B5D      167A       0  CODE        2
                text40                         000B5D  000020  000B7D      16BA       0  CODE        2
                text23                         000B7D  00002C  000BA9      16FA       0  CODE        2
                text3                          000BA9  00002C  000BD5      1752       0  CODE        2
                text1                          000BD5  00002F  000C04      17AA       0  CODE        2
                idataBANK2                     000C04  000032  000C36      1808       0  CODE        2
                idataBANK4                     000C36  00004A  000C80      186C       0  CODE        2
                text67                         000C80  000071  000CF1      1900       0  CODE        2
                text6                          000CF1  000174  000E65      19E2       0  CODE        2
                text8                          000E65  00019B  001000      1CCA       0  CODE        2
                stringtext1                    001000  000020  001020      2000       0  STRCODE     2
                config                         008007  000002  008009     1000E       0  CONFIG      2


UNUSED ADDRESS RANGES

        Name                Unused          Largest block    Delta
        BANK0            0006E-0006F               2           1
        BANK1            000EE-000EF               2           1
        BANK2            00152-0016F              1E           1
        BANK3            001EA-001EF               6           1
        BANK4            0026A-0026F               6           1
        BANK5            002A0-002EF              50           1
        BANK6            00320-0032F              10           1
        BIGRAM           02000-023EF             3F0           1
        CODE             007FD-007FF               3           2
                         00804-00AA5             2A2
                         01020-01FFF             7E0
        COMMON           0007D-0007D               1           1
        CONST            007FD-007FF               3           2
                         00804-00AA5             100
                         01020-01FFF             100
        ENTRY            007FD-007FF               3           2
                         00804-00AA5             100
                         01020-01FFF             100
        IDLOC            08000-08003               4           2
        RAM              0006E-0006F               2           1
                         000EE-000EF               2
                         00152-0016F              1E
                         001EA-001EF               6
                         0026A-0026F               6
                         002A0-002EF              50
                         00320-0032F              10
        SFR0             00000-0001F              20           1
        SFR1             00080-0009F              20           1
        SFR10            00500-0051F              20           1
        SFR11            00580-0059F              20           1
        SFR12            00600-0061F              20           1
        SFR13            00680-006EF              70           1
        SFR14            00700-0076F              70           1
        SFR15            00780-007EF              70           1
        SFR16            00800-0086F              70           1
        SFR17            00880-008EF              70           1
        SFR18            00900-0096F              70           1
        SFR19            00980-009EF              70           1
        SFR2             00100-0011F              20           1
        SFR20            00A00-00A6F              70           1
        SFR21            00A80-00AEF              70           1
        SFR22            00B00-00B6F              70           1
        SFR23            00B80-00BEF              70           1
        SFR24            00C00-00C6F              70           1
        SFR25            00C80-00CEF              70           1
        SFR26            00D00-00D6F              70           1
        SFR27            00D80-00DEF              70           1
        SFR28            00E00-00E6F              70           1
        SFR29            00E80-00EEF              70           1
        SFR3             00180-0019F              20           1
        SFR30            00F00-00F6F              70           1
        SFR31            00F80-00FEF              70           1
        SFR4             00200-0021F              20           1
        SFR5             00280-0029F              20           1
        SFR6             00300-0031F              20           1
        SFR7             00380-0039F              20           1
        SFR8             00400-0041F              20           1
        SFR9             00480-0049F              20           1
        STACK            0218A-021EF              66           1
        STRCODE          007FD-007FF               3           2
                         00804-00AA5             2A2
                         01020-01FFF             FE0
        STRING           007FD-007FF               3           2
                         00804-00AA5             100
                         01020-01FFF             100

                                  Symbol Table

?_MTOUCH_Sensor_RawSample_Get             cstackBANK0  00023
?___abtoft                                cstackBANK0  00028
?___ftadd                                 cstackBANK0  00046
?___ftdiv                                 cstackBANK0  00037
?___ftmul                                 cstackBANK0  00028
?___ftpack                                cstackBANK0  00020
?_abs                                     cstackBANK0  00020
Button_Baseline_Initialize@button         cstackBANK0  0002B
Button_Baseline_Update@button             cstackBANK0  00026
Button_DefaultCallback@button             cstackBANK0  00020
Button_Deviation_Update@button            cstackBANK0  0002E
Button_Deviation_Update@deviation         cstackBANK0  0002A
Button_Reading_Update@button              cstackBANK0  00029
Button_Service@button                     cstackBANK0  00032
Button_Service@name                       cstackBANK0  00031
Button_State_Initializing@button          cstackBANK0  0002C
Button_State_NotPressed@button            cstackBANK0  0002C
Button_State_Pressed@button               cstackBANK0  0002C
Button_Tick_helper@button                 cstackBANK0  00022
DAC_SetOutput@inputData                   cstackCOMMON 00070
MTOUCH_Button_Deviation_Get@name          cstackBANK0  00020
MTOUCH_Button_Initialize@button           cstackBANK0  00021
MTOUCH_Button_Initialize@name             cstackBANK0  00020
MTOUCH_Button_InitializeAll@button        cstackBANK0  00023
MTOUCH_Button_ServiceAll@button           cstackBANK0  00033
MTOUCH_Button_Tick@i                      cstackBANK0  00023
MTOUCH_Button_isPressed@name              cstackBANK0  00020
MTOUCH_Delay@i                            cstackBANK0  00020
MTOUCH_Random@seed                        bssCOMMON    0007C
MTOUCH_Sensor_Enable@sensor               cstackBANK0  00023
MTOUCH_Sensor_Initialize@sensor           cstackBANK0  00024
MTOUCH_Sensor_InitializeAll@sensor        cstackBANK0  00025
MTOUCH_Sensor_RawSample_Get@name          cstackBANK0  00026
MTOUCH_Sensor_SampleAll@sensor            cstackBANK0  00036
MTOUCH_Sensor_Sampled_ResetAll@sensor     cstackBANK0  00022
MTOUCH_Sensor_wasSampled@sensor           cstackBANK0  00023
Sensor_Acq_ExecutePacket@ADCON0_temp      cstackBANK0  00027
Sensor_Acq_ExecutePacket@ADCON1_temp      cstackBANK0  00028
Sensor_Acq_ExecutePacket@ADCON2_temp      cstackBANK0  00029
Sensor_Acq_ExecutePacket@GIE_state        cstackBANK0  0002A
Sensor_Acq_ExecutePacket@error            cstackBANK0  0002B
Sensor_Acq_ExecutePacket@sensor           cstackBANK0  0002C
Sensor_Acq_ExecuteScan@result             cstackBANK0  00025
Sensor_Acquisition@retry                  cstackBANK0  00031
Sensor_Acquisition@sensor                 cstackBANK0  00032
Sensor_DefaultCallback@sensor             cstackBANK0  00020
Sensor_RawSample_Update@sensor            cstackBANK0  00020
Sensor_Sampled_Reset@sensor               cstackBANK0  00020
Sensor_Service@error                      cstackBANK0  00034
Sensor_Service@name                       cstackBANK0  00033
Sensor_Service@sensor                     cstackBANK0  00035
Sensor_isEnabled@sensor                   cstackBANK0  00020
Sensor_setActive@sensor                   cstackBANK0  00020
Sensor_setInactive@sensor                 cstackBANK0  00020
Sensor_setSampled@sensor                  cstackBANK0  00020
Sensor_setScanFunction@sensor             cstackBANK0  00020
TMR2_DefaultInterruptHandler@i            cstackCOMMON 00079
TMR2_DefaultInterruptHandler@wv           cstackCOMMON 00077
TMR2_SetInterruptHandler@InterruptHandler cstackBANK0  00020
_ADCON0                                   (abs)        0009D
_ADCON0bits                               (abs)        0009D
_ADCON1                                   (abs)        0009E
_ADCON2                                   (abs)        0009F
_ADRES                                    (abs)        0009B
_ANSELA                                   (abs)        0018C
_ANSELC                                   (abs)        0018E
_ANSELCbits                               (abs)        0018E
_BORCON                                   (abs)        00116
_Button_Baseline_Initialize               text53       00692
_Button_Baseline_Update                   text53       0072F
_Button_DefaultCallback                   text53       0072E
_Button_Deviation_Update                  cinit        00239
_Button_Reading_Update                    cinit        002A2
_Button_Service                           cinit        00201
_Button_StateMachine                      dataBANK1    000D2
_Button_State_Initializing                text53       0063F
_Button_State_NotPressed                  text53       006BB
_Button_State_Pressed                     text53       00606
_Button_Tick_helper                       text23       00B89
_DAC1CON0                                 (abs)        00118
_DAC1CON1                                 (abs)        00119
_DAC_Initialize                           text8        00E72
_DAC_SetOutput                            text67       00CD5
_ENV_DELAY                                bssBANK1     000AA
_GIE                                      (abs)        0005F
_INTCONbits                               (abs)        0000B
_INTERRUPT_InterruptManager               intentry     00004
_LATA                                     (abs)        0010C
_LATC                                     (abs)        0010E
_MTOUCH_Button_Deviation_Get              cinit        001CD
_MTOUCH_Button_Initialize                 cinit        00314
_MTOUCH_Button_InitializeAll              text8        00EA7
_MTOUCH_Button_ServiceAll                 cinit        001F7
_MTOUCH_Button_Tick                       text23       00B7D
_MTOUCH_Button_isPressed                  cinit        001D9
_MTOUCH_CVD_ScanA_0                       text42       00B1D
_MTOUCH_CVD_ScanA_1                       text43       00AFD
_MTOUCH_CVD_ScanB_0                       text40       00B5D
_MTOUCH_CVD_ScanB_1                       text41       00B3D
_MTOUCH_Delay                             text8        00F64
_MTOUCH_Initialize                        text8        00EA0
_MTOUCH_Random                            text8        00F6B
_MTOUCH_Sensor_Calibrate                  cinit        00403
_MTOUCH_Sensor_Enable                     text8        00F08
_MTOUCH_Sensor_Initialize                 text8        00EE0
_MTOUCH_Sensor_InitializeAll              text8        00ED6
_MTOUCH_Sensor_RawSample_Get              cinit        00300
_MTOUCH_Sensor_SampleAll                  cinit        00368
_MTOUCH_Sensor_Sampled_ResetAll           text8        00EC4
_MTOUCH_Sensor_Scan_Initialize            text8        00F75
_MTOUCH_Sensor_isCalibrated               cinit        00335
_MTOUCH_Sensor_wasSampled                 cinit        00336
_MTOUCH_Service_Mainloop                  cinit        001E9
_MTOUCH_Tick                              cinit        00404
_ODCONA                                   (abs)        0028C
_ODCONC                                   (abs)        0028E
_OPA2CON                                  (abs)        00515
_OPA2_Initialize                          text8        00E78
_OPTION_REGbits                           (abs)        00095
_OSCCON                                   (abs)        00099
_OSCILLATOR_Initialize                    text8        00E7C
_OSCSTAT                                  (abs)        0009A
_OSCTUNE                                  (abs)        00098
_PIE1bits                                 (abs)        00091
_PIN_MANAGER_Initialize                   text8        00E87
_PIR1bits                                 (abs)        00011
_PLLR                                     (abs)        004D6
_PR2                                      (abs)        0001B
_SYSTEM_Initialize                        text8        00E65
_Sensor_Acq_ExecutePacket                 text8        00F17
_Sensor_Acq_ExecuteScan                   text8        00F7B
_Sensor_Acquisition                       cinit        003A1
_Sensor_DefaultCallback                   cinit        00402
_Sensor_RawSample_Update                  text30       00ACB
_Sensor_Sampled_Reset                     text26       00000
_Sensor_Service                           cinit        00375
_Sensor_isEnabled                         cinit        003E9
_Sensor_scanA                             dataBANK1    000DA
_Sensor_scanB                             dataBANK1    000D8
_Sensor_setActive                         text35       00000
_Sensor_setInactive                       text34       00000
_Sensor_setSampled                        text29       00000
_Sensor_setScanFunction                   text8        00FD4
_T2CON                                    (abs)        0001C
_TMR2                                     (abs)        0001A
_TMR2_DefaultInterruptHandler             text67       00C80
_TMR2_ISR                                 text66       00ABE
_TMR2_Initialize                          text8        00FE7
_TMR2_InterruptHandler                    bssBANK1     000A8
_TMR2_SetInterruptHandler                 text8        00FF8
_TRISA                                    (abs)        0008C
_TRISC                                    (abs)        0008E
_TRISCbits                                (abs)        0008E
_WDTCON                                   (abs)        00097
_WDT_Initialize                           text8        00E9D
_WPUA                                     (abs)        0020C
_WPUC                                     (abs)        0020E
_WPUCbits                                 (abs)        0020E
__CFG_BOREN$ON                            (abs)        00000
__CFG_BORV$LO                             (abs)        00000
__CFG_CLKOUTEN$OFF                        (abs)        00000
__CFG_CP$OFF                              (abs)        00000
__CFG_FCMEN$ON                            (abs)        00000
__CFG_FOSC$INTOSC                         (abs)        00000
__CFG_IESO$ON                             (abs)        00000
__CFG_LPBOR$OFF                           (abs)        00000
__CFG_LVP$ON                              (abs)        00000
__CFG_MCLRE$ON                            (abs)        00000
__CFG_PLLEN$ON                            (abs)        00000
__CFG_PPS1WAY$ON                          (abs)        00000
__CFG_PWRTE$OFF                           (abs)        00000
__CFG_STVREN$ON                           (abs)        00000
__CFG_WDTE$OFF                            (abs)        00000
__CFG_WRT$OFF                             (abs)        00000
__CFG_ZCDDIS$ON                           (abs)        00000
__Habs1                                   abs1         00000
__Hbank0                                  bank0        00000
__Hbank1                                  bank1        00000
__Hbank10                                 bank10       00000
__Hbank11                                 bank11       00000
__Hbank12                                 bank12       00000
__Hbank13                                 bank13       00000
__Hbank14                                 bank14       00000
__Hbank15                                 bank15       00000
__Hbank16                                 bank16       00000
__Hbank17                                 bank17       00000
__Hbank18                                 bank18       00000
__Hbank19                                 bank19       00000
__Hbank2                                  bank2        00000
__Hbank20                                 bank20       00000
__Hbank21                                 bank21       00000
__Hbank22                                 bank22       00000
__Hbank23                                 bank23       00000
__Hbank24                                 bank24       00000
__Hbank25                                 bank25       00000
__Hbank26                                 bank26       00000
__Hbank27                                 bank27       00000
__Hbank28                                 bank28       00000
__Hbank29                                 bank29       00000
__Hbank3                                  bank3        00000
__Hbank30                                 bank30       00000
__Hbank31                                 bank31       00000
__Hbank4                                  bank4        00000
__Hbank5                                  bank5        00000
__Hbank6                                  bank6        00000
__Hbank7                                  bank7        00000
__Hbank8                                  bank8        00000
__Hbank9                                  bank9        00000
__Hbigram                                 bigram       00000
__HbssBANK0                               bssBANK0     00000
__HbssBANK1                               bssBANK1     00000
__HbssCOMMON                              bssCOMMON    00000
__Hcinit                                  cinit        00406
__Hclrtext                                clrtext      00000
__Hcode                                   code         00000
__Hcommon                                 common       00000
__Hconfig                                 config       08009
__HcstackBANK0                            cstackBANK0  00000
__HcstackCOMMON                           cstackCOMMON 00000
__HdataBANK1                              dataBANK1    00000
__HdataBANK2                              dataBANK2    00000
__HdataBANK3                              dataBANK3    00000
__HdataBANK4                              dataBANK4    00000
__HdataBIGRAM                             dataBIGRAM   00000
__Heeprom_data                            eeprom_data  00000
__Hend_init                               end_init     00014
__Hfunctab                                functab      00000
__HidataBANK1                             idataBANK1   00000
__HidataBANK2                             idataBANK2   00000
__HidataBANK3                             idataBANK3   00000
__HidataBANK4                             idataBANK4   00000
__HidataBIGRAM                            idataBIGRAM  00000
__Hidloc                                  idloc        00000
__Hinit                                   init         00012
__Hinittext                               inittext     00000
__Hintentry                               intentry     00012
__Hmaintext                               maintext     00000
__Hpa_nodes0                              pa_nodes0    00000
__Hpowerup                                powerup      00000
__Hram                                    ram          00000
__Hreset_vec                              reset_vec    00002
__Hsfr0                                   sfr0         00000
__Hsfr1                                   sfr1         00000
__Hsfr10                                  sfr10        00000
__Hsfr11                                  sfr11        00000
__Hsfr12                                  sfr12        00000
__Hsfr13                                  sfr13        00000
__Hsfr14                                  sfr14        00000
__Hsfr15                                  sfr15        00000
__Hsfr16                                  sfr16        00000
__Hsfr17                                  sfr17        00000
__Hsfr18                                  sfr18        00000
__Hsfr19                                  sfr19        00000
__Hsfr2                                   sfr2         00000
__Hsfr20                                  sfr20        00000
__Hsfr21                                  sfr21        00000
__Hsfr22                                  sfr22        00000
__Hsfr23                                  sfr23        00000
__Hsfr24                                  sfr24        00000
__Hsfr25                                  sfr25        00000
__Hsfr26                                  sfr26        00000
__Hsfr27                                  sfr27        00000
__Hsfr28                                  sfr28        00000
__Hsfr29                                  sfr29        00000
__Hsfr3                                   sfr3         00000
__Hsfr30                                  sfr30        00000
__Hsfr31                                  sfr31        00000
__Hsfr4                                   sfr4         00000
__Hsfr5                                   sfr5         00000
__Hsfr6                                   sfr6         00000
__Hsfr7                                   sfr7         00000
__Hsfr8                                   sfr8         00000
__Hsfr9                                   sfr9         00000
__Hspace_0                                (abs)        08009
__Hspace_1                                (abs)        0026A
__Hspace_2                                (abs)        00000
__Hspace_3                                (abs)        00000
__Hstack                                  stack        00000
__Hstrings                                strings      00000
__Hstringtext1                            stringtext1  00000
__Htext                                   text         00000
__Labs1                                   abs1         00000
__Lbank0                                  bank0        00000
__Lbank1                                  bank1        00000
__Lbank10                                 bank10       00000
__Lbank11                                 bank11       00000
__Lbank12                                 bank12       00000
__Lbank13                                 bank13       00000
__Lbank14                                 bank14       00000
__Lbank15                                 bank15       00000
__Lbank16                                 bank16       00000
__Lbank17                                 bank17       00000
__Lbank18                                 bank18       00000
__Lbank19                                 bank19       00000
__Lbank2                                  bank2        00000
__Lbank20                                 bank20       00000
__Lbank21                                 bank21       00000
__Lbank22                                 bank22       00000
__Lbank23                                 bank23       00000
__Lbank24                                 bank24       00000
__Lbank25                                 bank25       00000
__Lbank26                                 bank26       00000
__Lbank27                                 bank27       00000
__Lbank28                                 bank28       00000
__Lbank29                                 bank29       00000
__Lbank3                                  bank3        00000
__Lbank30                                 bank30       00000
__Lbank31                                 bank31       00000
__Lbank4                                  bank4        00000
__Lbank5                                  bank5        00000
__Lbank6                                  bank6        00000
__Lbank7                                  bank7        00000
__Lbank8                                  bank8        00000
__Lbank9                                  bank9        00000
__Lbigram                                 bigram       00000
__LbssBANK0                               bssBANK0     00000
__LbssBANK1                               bssBANK1     00000
__LbssCOMMON                              bssCOMMON    00000
__Lcinit                                  cinit        00014
__Lclrtext                                clrtext      00000
__Lcode                                   code         00000
__Lcommon                                 common       00000
__Lconfig                                 config       08007
__LcstackBANK0                            cstackBANK0  00000
__LcstackCOMMON                           cstackCOMMON 00000
__LdataBANK1                              dataBANK1    00000
__LdataBANK2                              dataBANK2    00000
__LdataBANK3                              dataBANK3    00000
__LdataBANK4                              dataBANK4    00000
__LdataBIGRAM                             dataBIGRAM   00000
__Leeprom_data                            eeprom_data  00000
__Lend_init                               end_init     00012
__Lfunctab                                functab      00000
__LidataBANK1                             idataBANK1   00000
__LidataBANK2                             idataBANK2   00000
__LidataBANK3                             idataBANK3   00000
__LidataBANK4                             idataBANK4   00000
__LidataBIGRAM                            idataBIGRAM  00000
__Lidloc                                  idloc        00000
__Linit                                   init         00012
__Linittext                               inittext     00000
__Lintentry                               intentry     00004
__Lmaintext                               maintext     00000
__Lpa_nodes0                              pa_nodes0    00000
__Lpowerup                                powerup      00000
__Lram                                    ram          00000
__Lreset_vec                              reset_vec    00000
__Lsfr0                                   sfr0         00000
__Lsfr1                                   sfr1         00000
__Lsfr10                                  sfr10        00000
__Lsfr11                                  sfr11        00000
__Lsfr12                                  sfr12        00000
__Lsfr13                                  sfr13        00000
__Lsfr14                                  sfr14        00000
__Lsfr15                                  sfr15        00000
__Lsfr16                                  sfr16        00000
__Lsfr17                                  sfr17        00000
__Lsfr18                                  sfr18        00000
__Lsfr19                                  sfr19        00000
__Lsfr2                                   sfr2         00000
__Lsfr20                                  sfr20        00000
__Lsfr21                                  sfr21        00000
__Lsfr22                                  sfr22        00000
__Lsfr23                                  sfr23        00000
__Lsfr24                                  sfr24        00000
__Lsfr25                                  sfr25        00000
__Lsfr26                                  sfr26        00000
__Lsfr27                                  sfr27        00000
__Lsfr28                                  sfr28        00000
__Lsfr29                                  sfr29        00000
__Lsfr3                                   sfr3         00000
__Lsfr30                                  sfr30        00000
__Lsfr31                                  sfr31        00000
__Lsfr4                                   sfr4         00000
__Lsfr5                                   sfr5         00000
__Lsfr6                                   sfr6         00000
__Lsfr7                                   sfr7         00000
__Lsfr8                                   sfr8         00000
__Lsfr9                                   sfr9         00000
__Lspace_0                                (abs)        00000
__Lspace_1                                (abs)        00000
__Lspace_2                                (abs)        00000
__Lspace_3                                (abs)        00000
__Lstack                                  stack        00000
__Lstrings                                strings      00000
__Lstringtext1                            stringtext1  00000
__Ltext                                   text         00000
__S0                                      (abs)        08009
__S1                                      (abs)        0026A
__S2                                      (abs)        00000
___abtoft                                 text6        00CF1
___abtoft@c                               cstackBANK0  0002D
___abtoft@sign                            cstackBANK0  0002C
___bmul                                   cinit        00345
___bmul@multiplicand                      cstackBANK0  00020
___bmul@multiplier                        cstackBANK0  00022
___bmul@product                           cstackBANK0  00021
___ftadd                                  text6        00D73
___ftadd@exp1                             cstackBANK0  00051
___ftadd@exp2                             cstackBANK0  00050
___ftadd@f1                               cstackBANK0  00046
___ftadd@f2                               cstackBANK0  00049
___ftadd@sign                             cstackBANK0  0004F
___ftdiv                                  cinit        0016A
___ftdiv@cntr                             cstackBANK0  00040
___ftdiv@exp                              cstackBANK0  00044
___ftdiv@f1                               cstackBANK0  0003A
___ftdiv@f2                               cstackBANK0  00037
___ftdiv@f3                               cstackBANK0  00041
___ftdiv@sign                             cstackBANK0  00045
___ftge                                   text3        00BA9
___ftge@ff1                               cstackBANK0  00020
___ftge@ff2                               cstackBANK0  00023
___ftmul                                  text6        00D09
___ftmul@cntr                             cstackBANK0  00035
___ftmul@exp                              cstackBANK0  00031
___ftmul@f1                               cstackBANK0  00028
___ftmul@f2                               cstackBANK0  0002B
___ftmul@f3_as_product                    cstackBANK0  00032
___ftmul@sign                             cstackBANK0  00036
___ftpack                                 text6        00E27
___ftpack@arg                             cstackBANK0  00020
___ftpack@exp                             cstackBANK0  00023
___ftpack@sign                            cstackBANK0  00024
___int_sp                                 stack        00000
___latbits                                (abs)        00002
___lbmod                                  text67       00CD9
___lbmod@counter                          cstackCOMMON 00073
___lbmod@dividend                         cstackCOMMON 00072
___lbmod@divisor                          cstackCOMMON 00070
___lbmod@rem                              cstackCOMMON 00074
___sp                                     stack        00000
__end_of_Button_Baseline_Initialize       text53       006BB
__end_of_Button_Baseline_Update           text53       007B3
__end_of_Button_DefaultCallback           text53       0072F
__end_of_Button_Deviation_Update          cinit        002A2
__end_of_Button_Reading_Update            cinit        00300
__end_of_Button_Service                   cinit        00239
__end_of_Button_State_Initializing        text53       00692
__end_of_Button_State_NotPressed          text53       0072E
__end_of_Button_State_Pressed             text53       0063F
__end_of_Button_Tick_helper               text23       00BA9
__end_of_DAC_Initialize                   text8        00E78
__end_of_DAC_SetOutput                    text67       00CD9
__end_of_INTERRUPT_InterruptManager       intentry     00012
__end_of_MTOUCH_Button_Deviation_Get      cinit        001D9
__end_of_MTOUCH_Button_Initialize         cinit        00335
__end_of_MTOUCH_Button_InitializeAll      text8        00EC4
__end_of_MTOUCH_Button_ServiceAll         cinit        00201
__end_of_MTOUCH_Button_Tick               text23       00B89
__end_of_MTOUCH_Button_isPressed          cinit        001E9
__end_of_MTOUCH_CVD_ScanA_0               text42       00B3D
__end_of_MTOUCH_CVD_ScanA_1               text43       00B1D
__end_of_MTOUCH_CVD_ScanB_0               text40       00B7D
__end_of_MTOUCH_CVD_ScanB_1               text41       00B5D
__end_of_MTOUCH_Delay                     text8        00F6B
__end_of_MTOUCH_Initialize                text8        00EA7
__end_of_MTOUCH_Random                    text8        00F75
__end_of_MTOUCH_Sensor_Calibrate          cinit        00404
__end_of_MTOUCH_Sensor_Enable             text8        00F17
__end_of_MTOUCH_Sensor_Initialize         text8        00F08
__end_of_MTOUCH_Sensor_InitializeAll      text8        00EE0
__end_of_MTOUCH_Sensor_RawSample_Get      cinit        00314
__end_of_MTOUCH_Sensor_SampleAll          cinit        00375
__end_of_MTOUCH_Sensor_Sampled_ResetAll   text8        00ED6
__end_of_MTOUCH_Sensor_Scan_Initialize    text8        00F7B
__end_of_MTOUCH_Sensor_isCalibrated       cinit        00336
__end_of_MTOUCH_Sensor_wasSampled         cinit        00345
__end_of_MTOUCH_Service_Mainloop          cinit        001F7
__end_of_MTOUCH_Tick                      cinit        00406
__end_of_OPA2_Initialize                  text8        00E7C
__end_of_OSCILLATOR_Initialize            text8        00E87
__end_of_PIN_MANAGER_Initialize           text8        00E9D
__end_of_SYSTEM_Initialize                text8        00E72
__end_of_Sensor_Acq_ExecutePacket         text8        00F64
__end_of_Sensor_Acq_ExecuteScan           text8        00FD4
__end_of_Sensor_Acquisition               cinit        003E9
__end_of_Sensor_DefaultCallback           cinit        00403
__end_of_Sensor_RawSample_Update          text30       00AE1
__end_of_Sensor_Sampled_Reset             text26       00000
__end_of_Sensor_Service                   cinit        003A1
__end_of_Sensor_isEnabled                 cinit        003F4
__end_of_Sensor_setActive                 text35       00000
__end_of_Sensor_setInactive               text34       00000
__end_of_Sensor_setSampled                text29       00000
__end_of_Sensor_setScanFunction           text8        00FE7
__end_of_TMR2_DefaultInterruptHandler     text67       00CD5
__end_of_TMR2_ISR                         text66       00ACB
__end_of_TMR2_Initialize                  text8        00FF8
__end_of_TMR2_SetInterruptHandler         text8        01000
__end_of_WDT_Initialize                   text8        00EA0
__end_of___abtoft                         text6        00D09
__end_of___bmul                           cinit        00368
__end_of___ftadd                          text6        00E27
__end_of___ftdiv                          cinit        001CD
__end_of___ftge                           text3        00BD5
__end_of___ftmul                          text6        00D73
__end_of___ftpack                         text6        00E65
__end_of___lbmod                          text67       00CF1
__end_of__initialization                  cinit        0006F
__end_of_abs                              cinit        00402
__end_of_main                             cinit        0016A
__end_of_mtouch_button_init               stringtext1  01020
__end_of_soundPlay                        text1        00C04
__initialization                          cinit        00014
__pbssBANK0                               bssBANK0     00063
__pbssBANK1                               bssBANK1     000A0
__pbssCOMMON                              bssCOMMON    0007A
__pcstackBANK0                            cstackBANK0  00020
__pcstackCOMMON                           cstackCOMMON 00070
__pdataBANK1                              dataBANK1    000D2
__pdataBANK2                              dataBANK2    00120
__pdataBANK3                              dataBANK3    001A0
__pdataBANK4                              dataBANK4    00220
__pdataBIGRAM                             (abs)        021F0
__pidataBANK1                             idataBANK1   00AE1
__pidataBANK2                             idataBANK2   00C04
__pidataBANK3                             idataBANK3   007B3
__pidataBANK4                             idataBANK4   00C36
__pidataBIGRAM                            idataBIGRAM  00406
__pintentry                               intentry     00004
__pmaintext                               cinit        00072
__pstringtext1                            stringtext1  01000
__pswtext1                                swtext1      00002
__pswtext2                                swtext2      00800
__ptext1                                  text1        00BD5
__ptext10                                 text8        00FE7
__ptext11                                 text8        00FF8
__ptext12                                 text8        00E87
__ptext13                                 text8        00E7C
__ptext14                                 text8        00E78
__ptext15                                 text8        00EA0
__ptext16                                 text8        00ED6
__ptext17                                 text8        00EE0
__ptext18                                 text8        00F08
__ptext19                                 text8        00EA7
__ptext2                                  text6        00D09
__ptext20                                 text8        00E72
__ptext21                                 cinit        001E9
__ptext22                                 cinit        00404
__ptext23                                 text23       00B7D
__ptext24                                 text23       00B89
__ptext25                                 text8        00EC4
__ptext26                                 text26       00000
__ptext27                                 cinit        00368
__ptext28                                 cinit        00375
__ptext29                                 text29       00000
__ptext3                                  text3        00BA9
__ptext30                                 text30       00ACB
__ptext31                                 cinit        00402
__ptext32                                 cinit        003A1
__ptext33                                 cinit        003F4
__ptext34                                 text34       00000
__ptext35                                 text35       00000
__ptext36                                 cinit        003E9
__ptext37                                 text8        00F17
__ptext38                                 text8        00FD4
__ptext39                                 text8        00F7B
__ptext4                                  cinit        0016A
__ptext40                                 text40       00B5D
__ptext41                                 text41       00B3D
__ptext42                                 text42       00B1D
__ptext43                                 text43       00AFD
__ptext44                                 text8        00F75
__ptext45                                 text8        00F6B
__ptext46                                 text8        00F64
__ptext47                                 cinit        001F7
__ptext48                                 cinit        00201
__ptext49                                 cinit        00336
__ptext5                                  text6        00D73
__ptext50                                 cinit        00335
__ptext51                                 text53       006BB
__ptext52                                 text53       0063F
__ptext53                                 text53       00606
__ptext54                                 cinit        00314
__ptext55                                 cinit        00403
__ptext56                                 text53       0072E
__ptext57                                 text53       0072F
__ptext58                                 text53       00692
__ptext59                                 cinit        002A2
__ptext6                                  text6        00CF1
__ptext60                                 cinit        00300
__ptext61                                 cinit        00345
__ptext62                                 cinit        00239
__ptext63                                 cinit        001D9
__ptext64                                 cinit        001CD
__ptext66                                 text66       00ABE
__ptext67                                 text67       00C80
__ptext68                                 text67       00CD9
__ptext69                                 text67       00CD5
__ptext7                                  text6        00E27
__ptext8                                  text8        00E65
__ptext9                                  text8        00E9D
__size_of_Button_Baseline_Initialize      (abs)        00000
__size_of_Button_Baseline_Update          (abs)        00000
__size_of_Button_DefaultCallback          (abs)        00000
__size_of_Button_Deviation_Update         (abs)        00000
__size_of_Button_Reading_Update           (abs)        00000
__size_of_Button_Service                  (abs)        00000
__size_of_Button_State_Initializing       (abs)        00000
__size_of_Button_State_NotPressed         (abs)        00000
__size_of_Button_State_Pressed            (abs)        00000
__size_of_Button_Tick_helper              (abs)        00000
__size_of_DAC_Initialize                  (abs)        00000
__size_of_DAC_SetOutput                   (abs)        00000
__size_of_INTERRUPT_InterruptManager      (abs)        00000
__size_of_MTOUCH_Button_Deviation_Get     (abs)        00000
__size_of_MTOUCH_Button_Initialize        (abs)        00000
__size_of_MTOUCH_Button_InitializeAll     (abs)        00000
__size_of_MTOUCH_Button_ServiceAll        (abs)        00000
__size_of_MTOUCH_Button_Tick              (abs)        00000
__size_of_MTOUCH_Button_isPressed         (abs)        00000
__size_of_MTOUCH_CVD_ScanA_0              (abs)        00000
__size_of_MTOUCH_CVD_ScanA_1              (abs)        00000
__size_of_MTOUCH_CVD_ScanB_0              (abs)        00000
__size_of_MTOUCH_CVD_ScanB_1              (abs)        00000
__size_of_MTOUCH_Delay                    (abs)        00000
__size_of_MTOUCH_Initialize               (abs)        00000
__size_of_MTOUCH_Random                   (abs)        00000
__size_of_MTOUCH_Sensor_Calibrate         (abs)        00000
__size_of_MTOUCH_Sensor_Enable            (abs)        00000
__size_of_MTOUCH_Sensor_Initialize        (abs)        00000
__size_of_MTOUCH_Sensor_InitializeAll     (abs)        00000
__size_of_MTOUCH_Sensor_RawSample_Get     (abs)        00000
__size_of_MTOUCH_Sensor_SampleAll         (abs)        00000
__size_of_MTOUCH_Sensor_Sampled_ResetAll  (abs)        00000
__size_of_MTOUCH_Sensor_Scan_Initialize   (abs)        00000
__size_of_MTOUCH_Sensor_isCalibrated      (abs)        00000
__size_of_MTOUCH_Sensor_wasSampled        (abs)        00000
__size_of_MTOUCH_Service_Mainloop         (abs)        00000
__size_of_MTOUCH_Tick                     (abs)        00000
__size_of_OPA2_Initialize                 (abs)        00000
__size_of_OSCILLATOR_Initialize           (abs)        00000
__size_of_PIN_MANAGER_Initialize          (abs)        00000
__size_of_SYSTEM_Initialize               (abs)        00000
__size_of_Sensor_Acq_ExecutePacket        (abs)        00000
__size_of_Sensor_Acq_ExecuteScan          (abs)        00000
__size_of_Sensor_Acquisition              (abs)        00000
__size_of_Sensor_DefaultCallback          (abs)        00000
__size_of_Sensor_RawSample_Update         (abs)        00000
__size_of_Sensor_Sampled_Reset            (abs)        00000
__size_of_Sensor_Service                  (abs)        00000
__size_of_Sensor_isEnabled                (abs)        00000
__size_of_Sensor_setActive                (abs)        00000
__size_of_Sensor_setInactive              (abs)        00000
__size_of_Sensor_setSampled               (abs)        00000
__size_of_Sensor_setScanFunction          (abs)        00000
__size_of_TMR2_DefaultInterruptHandler    (abs)        00000
__size_of_TMR2_ISR                        (abs)        00000
__size_of_TMR2_Initialize                 (abs)        00000
__size_of_TMR2_SetInterruptHandler        (abs)        00000
__size_of_WDT_Initialize                  (abs)        00000
__size_of___abtoft                        (abs)        00000
__size_of___bmul                          (abs)        00000
__size_of___ftadd                         (abs)        00000
__size_of___ftdiv                         (abs)        00000
__size_of___ftge                          (abs)        00000
__size_of___ftmul                         (abs)        00000
__size_of___ftpack                        (abs)        00000
__size_of___lbmod                         (abs)        00000
__size_of_abs                             (abs)        00000
__size_of_main                            (abs)        00000
__size_of_soundPlay                       (abs)        00000
_abs                                      cinit        003F4
_currentScannSensor                       bssBANK0     0006B
_dat_d                                    bssBANK1     000AE
_dat_f                                    bssBANK1     000AC
_env                                      bssBANK1     000A4
_envelopeCount                            bssBANK0     00067
_envelopeTable                            (abs)        021F0
_inlined$_Sensor_Sampled_Reset            (abs)        00001
_inlined$_Sensor_setActive                (abs)        00001
_inlined$_Sensor_setInactive              (abs)        00001
_inlined$_Sensor_setSampled               (abs)        00001
_main                                     cinit        00072
_mtouch_button                            bssBANK1     000B2
_mtouch_button_init                       stringtext1  01000
_mtouch_sensor                            dataBANK1    000DC
_mtouch_time_toScan                       bssBANK0     0006D
_onkai_d                                  dataBANK3    001A0
_onkai_f                                  dataBANK4    00220
_packet_counter                           bssBANK0     0006A
_packet_sample                            bssBANK0     00063
_pos                                      bssBANK0     00065
_pos_d                                    bssCOMMON    0007A
_pos_f                                    bssBANK1     000A0
_sample_delay                             bssBANK0     00069
_scale                                    dataBANK2    00120
_scaleHigh                                dataBANK2    00145
_scaleLow                                 dataBANK2    00138
_sensor_globalFlags                       bssBANK0     0006C
_soundPlay                                text1        00BD5
_voice_on                                 bssBANK1     000B0
_waveTable                                (abs)        022F0
abs@a                                     cstackBANK0  00020
btemp                                     (abs)        0007E
clear_ram0                                clrtext      00AA6
end_of_initialization                     cinit        0006F
init_ram                                  inittext     00AB2
int$flags                                 (abs)        0007E
intlevel0                                 functab      00000
intlevel1                                 functab      00000
intlevel2                                 functab      00000
intlevel3                                 functab      00000
intlevel4                                 functab      00000
intlevel5                                 functab      00000
main@ave                                  cstackBANK0  00059
main@count                                cstackBANK0  0005D
main@d                                    cstackBANK0  0005C
main@i                                    cstackBANK0  00061
main@ms                                   cstackBANK0  00057
main@s                                    cstackBANK0  0005F
main@ss                                   cstackBANK0  00055
main@state                                cstackBANK0  00053
reset_vec                                 reset_vec    00000
soundPlay@n                               cstackBANK0  00021
soundPlay@onkai                           cstackBANK0  00020
stackhi                                   (abs)        021EF
stacklo                                   (abs)        0218A
start                                     init         00012
start_initialization                      cinit        00014
wtemp0                                    (abs)        0007E


FUNCTION INFORMATION:

 *************** function _main *****************
 Defined at:
		line 103 in file "main.c"
 Parameters:    Size  Location     Type
		None
 Auto vars:     Size  Location     Type
  i               2   65[BANK0 ] int 
  ave             3   57[BANK0 ] float 
  s               2   63[BANK0 ] int 
  count           2   61[BANK0 ] int 
  ms              2   55[BANK0 ] int 
  ss              2   53[BANK0 ] int 
  state           2   51[BANK0 ] int 
  dcnt            2    0        int 
  d               1   60[BANK0 ] char 
  d2              1    0        char 
 Return value:  Size  Location     Type
                  1    wreg      void 
 Registers used:
		wreg, fsr0l, fsr0h, fsr1l, fsr1h, status,2, status,0, pclath, cstack
 Tracked objects:
		On entry : 
		On exit  : 
		Unchanged: 
 Data sizes:     COMMON   BANK0   BANK1   BANK2   BANK3   BANK4   BANK5   BANK6   BANK7   BANK8   BANK9  BANK10  BANK11  BANK12
      Params:         0       0       0       0       0       0       0       0       0       0       0       0       0       0
      Locals:         0      16       0       0       0       0       0       0       0       0       0       0       0       0
      Temps:          0       1       0       0       0       0       0       0       0       0       0       0       0       0
      Totals:         0      17       0       0       0       0       0       0       0       0       0       0       0       0
Total ram usage:       17 bytes
 Hardware stack levels required when called:   11
 This function calls:
		_MTOUCH_Button_Deviation_Get
		_MTOUCH_Button_isPressed
		_MTOUCH_Service_Mainloop
		_SYSTEM_Initialize
		___abtoft
		___ftadd
		___ftdiv
		___ftge
		___ftmul
		_soundPlay
 This function is called by:
		Startup code after reset
 This function uses a non-reentrant model


 *************** function _soundPlay *****************
 Defined at:
		line 88 in file "main.c"
 Parameters:    Size  Location     Type
  n               1    wreg     unsigned char 
  onkai           1    0[BANK0 ] unsigned char 
 Auto vars:     Size  Location     Type
  n               1    1[BANK0 ] unsigned char 
 Return value:  Size  Location     Type
                  1    wreg      void 
 Registers used:
		wreg, fsr0l, fsr0h, fsr1l, fsr1h, status,2, status,0
 Tracked objects:
		On entry : 
		On exit  : 
		Unchanged: 
 Data sizes:     COMMON   BANK0   BANK1   BANK2   BANK3   BANK4   BANK5   BANK6   BANK7   BANK8   BANK9  BANK10  BANK11  BANK12
      Params:         0       1       0       0       0       0       0       0       0       0       0       0       0       0
      Locals:         0       1       0       0       0       0       0       0       0       0       0       0       0       0
      Temps:          0       0       0       0       0       0       0       0       0       0       0       0       0       0
      Totals:         0       2       0       0       0       0       0       0       0       0       0       0       0       0
Total ram usage:        2 bytes
 Hardware stack levels used:    1
 Hardware stack levels required when called:    4
 This function calls:
		Nothing
 This function is called by:
		_main
 This function uses a non-reentrant model


 *************** function ___ftmul *****************
 Defined at:
		line 62 in file "/Applications/microchip/xc8/v1.45/sources/common/ftmul.c"
 Parameters:    Size  Location     Type
  f1              3    8[BANK0 ] float 
  f2              3   11[BANK0 ] float 
 Auto vars:     Size  Location     Type
  f3_as_produc    3   18[BANK0 ] unsigned um
  sign            1   22[BANK0 ] unsigned char 
  cntr            1   21[BANK0 ] unsigned char 
  exp             1   17[BANK0 ] unsigned char 
 Return value:  Size  Location     Type
                  3    8[BANK0 ] float 
 Registers used:
		wreg, status,2, status,0, pclath, cstack
 Tracked objects:
		On entry : 
		On exit  : 
		Unchanged: 
 Data sizes:     COMMON   BANK0   BANK1   BANK2   BANK3   BANK4   BANK5   BANK6   BANK7   BANK8   BANK9  BANK10  BANK11  BANK12
      Params:         0       6       0       0       0       0       0       0       0       0       0       0       0       0
      Locals:         0       6       0       0       0       0       0       0       0       0       0       0       0       0
      Temps:          0       3       0       0       0       0       0       0       0       0       0       0       0       0
      Totals:         0      15       0       0       0       0       0       0       0       0       0       0       0       0
Total ram usage:       15 bytes
 Hardware stack levels used:    1
 Hardware stack levels required when called:    5
 This function calls:
		___ftpack
 This function is called by:
		_main
 This function uses a non-reentrant model


 *************** function ___ftge *****************
 Defined at:
		line 4 in file "/Applications/microchip/xc8/v1.45/sources/common/ftge.c"
 Parameters:    Size  Location     Type
  ff1             3    0[BANK0 ] float 
  ff2             3    3[BANK0 ] float 
 Auto vars:     Size  Location     Type
		None
 Return value:  Size  Location     Type
		None               void
 Registers used:
		wreg, status,2, status,0
 Tracked objects:
		On entry : 
		On exit  : 
		Unchanged: 
 Data sizes:     COMMON   BANK0   BANK1   BANK2   BANK3   BANK4   BANK5   BANK6   BANK7   BANK8   BANK9  BANK10  BANK11  BANK12
      Params:         0       6       0       0       0       0       0       0       0       0       0       0       0       0
      Locals:         0       0       0       0       0       0       0       0       0       0       0       0       0       0
      Temps:          0       0       0       0       0       0       0       0       0       0       0       0       0       0
      Totals:         0       6       0       0       0       0       0       0       0       0       0       0       0       0
Total ram usage:        6 bytes
 Hardware stack levels used:    1
 Hardware stack levels required when called:    4
 This function calls:
		Nothing
 This function is called by:
		_main
 This function uses a non-reentrant model


 *************** function ___ftdiv *****************
 Defined at:
		line 56 in file "/Applications/microchip/xc8/v1.45/sources/common/ftdiv.c"
 Parameters:    Size  Location     Type
  f2              3   23[BANK0 ] float 
  f1              3   26[BANK0 ] float 
 Auto vars:     Size  Location     Type
  f3              3   33[BANK0 ] float 
  sign            1   37[BANK0 ] unsigned char 
  exp             1   36[BANK0 ] unsigned char 
  cntr            1   32[BANK0 ] unsigned char 
 Return value:  Size  Location     Type
                  3   23[BANK0 ] float 
 Registers used:
		wreg, status,2, status,0, pclath, cstack
 Tracked objects:
		On entry : 
		On exit  : 
		Unchanged: 
 Data sizes:     COMMON   BANK0   BANK1   BANK2   BANK3   BANK4   BANK5   BANK6   BANK7   BANK8   BANK9  BANK10  BANK11  BANK12
      Params:         0       6       0       0       0       0       0       0       0       0       0       0       0       0
      Locals:         0       6       0       0       0       0       0       0       0       0       0       0       0       0
      Temps:          0       3       0       0       0       0       0       0       0       0       0       0       0       0
      Totals:         0      15       0       0       0       0       0       0       0       0       0       0       0       0
Total ram usage:       15 bytes
 Hardware stack levels used:    1
 Hardware stack levels required when called:    5
 This function calls:
		___ftpack
 This function is called by:
		_main
 This function uses a non-reentrant model


 *************** function ___ftadd *****************
 Defined at:
		line 86 in file "/Applications/microchip/xc8/v1.45/sources/common/ftadd.c"
 Parameters:    Size  Location     Type
  f1              3   38[BANK0 ] float 
  f2              3   41[BANK0 ] float 
 Auto vars:     Size  Location     Type
  exp1            1   49[BANK0 ] unsigned char 
  exp2            1   48[BANK0 ] unsigned char 
  sign            1   47[BANK0 ] unsigned char 
 Return value:  Size  Location     Type
                  3   38[BANK0 ] float 
 Registers used:
		wreg, status,2, status,0, pclath, cstack
 Tracked objects:
		On entry : 
		On exit  : 
		Unchanged: 
 Data sizes:     COMMON   BANK0   BANK1   BANK2   BANK3   BANK4   BANK5   BANK6   BANK7   BANK8   BANK9  BANK10  BANK11  BANK12
      Params:         0       6       0       0       0       0       0       0       0       0       0       0       0       0
      Locals:         0       3       0       0       0       0       0       0       0       0       0       0       0       0
      Temps:          0       3       0       0       0       0       0       0       0       0       0       0       0       0
      Totals:         0      12       0       0       0       0       0       0       0       0       0       0       0       0
Total ram usage:       12 bytes
 Hardware stack levels used:    1
 Hardware stack levels required when called:    5
 This function calls:
		___ftpack
 This function is called by:
		_main
 This function uses a non-reentrant model


 *************** function ___abtoft *****************
 Defined at:
		line 33 in file "/Applications/microchip/xc8/v1.45/sources/common/abtoft.c"
 Parameters:    Size  Location     Type
  c               1    wreg     char 
 Auto vars:     Size  Location     Type
  c               1   13[BANK0 ] char 
  f1              3    0        float 
  sign            1   12[BANK0 ] unsigned char 
 Return value:  Size  Location     Type
                  3    8[BANK0 ] float 
 Registers used:
		wreg, status,2, status,0, pclath, cstack
 Tracked objects:
		On entry : 
		On exit  : 
		Unchanged: 
 Data sizes:     COMMON   BANK0   BANK1   BANK2   BANK3   BANK4   BANK5   BANK6   BANK7   BANK8   BANK9  BANK10  BANK11  BANK12
      Params:         0       4       0       0       0       0       0       0       0       0       0       0       0       0
      Locals:         0       2       0       0       0       0       0       0       0       0       0       0       0       0
      Temps:          0       0       0       0       0       0       0       0       0       0       0       0       0       0
      Totals:         0       6       0       0       0       0       0       0       0       0       0       0       0       0
Total ram usage:        6 bytes
 Hardware stack levels used:    1
 Hardware stack levels required when called:    5
 This function calls:
		___ftpack
 This function is called by:
		_main
 This function uses a non-reentrant model


 *************** function ___ftpack *****************
 Defined at:
		line 62 in file "/Applications/microchip/xc8/v1.45/sources/common/float.c"
 Parameters:    Size  Location     Type
  arg             3    0[BANK0 ] unsigned um
  exp             1    3[BANK0 ] unsigned char 
  sign            1    4[BANK0 ] unsigned char 
 Auto vars:     Size  Location     Type
		None
 Return value:  Size  Location     Type
                  3    0[BANK0 ] float 
 Registers used:
		wreg, status,2, status,0
 Tracked objects:
		On entry : 
		On exit  : 
		Unchanged: 
 Data sizes:     COMMON   BANK0   BANK1   BANK2   BANK3   BANK4   BANK5   BANK6   BANK7   BANK8   BANK9  BANK10  BANK11  BANK12
      Params:         0       5       0       0       0       0       0       0       0       0       0       0       0       0
      Locals:         0       0       0       0       0       0       0       0       0       0       0       0       0       0
      Temps:          0       3       0       0       0       0       0       0       0       0       0       0       0       0
      Totals:         0       8       0       0       0       0       0       0       0       0       0       0       0       0
Total ram usage:        8 bytes
 Hardware stack levels used:    1
 Hardware stack levels required when called:    4
 This function calls:
		Nothing
 This function is called by:
		___abtoft
		___ftadd
		___ftdiv
		___ftmul
 This function uses a non-reentrant model


 *************** function _SYSTEM_Initialize *****************
 Defined at:
		line 50 in file "mcc_generated_files/mcc.c"
 Parameters:    Size  Location     Type
		None
 Auto vars:     Size  Location     Type
		None
 Return value:  Size  Location     Type
                  1    wreg      void 
 Registers used:
		wreg, fsr0l, fsr0h, fsr1l, fsr1h, status,2, status,0, pclath, cstack
 Tracked objects:
		On entry : 
		On exit  : 
		Unchanged: 
 Data sizes:     COMMON   BANK0   BANK1   BANK2   BANK3   BANK4   BANK5   BANK6   BANK7   BANK8   BANK9  BANK10  BANK11  BANK12
      Params:         0       0       0       0       0       0       0       0       0       0       0       0       0       0
      Locals:         0       0       0       0       0       0       0       0       0       0       0       0       0       0
      Temps:          0       0       0       0       0       0       0       0       0       0       0       0       0       0
      Totals:         0       0       0       0       0       0       0       0       0       0       0       0       0       0
Total ram usage:        0 bytes
 Hardware stack levels used:    1
 Hardware stack levels required when called:    9
 This function calls:
		_DAC_Initialize
		_MTOUCH_Initialize
		_OPA2_Initialize
		_OSCILLATOR_Initialize
		_PIN_MANAGER_Initialize
		_TMR2_Initialize
		_WDT_Initialize
 This function is called by:
		_main
 This function uses a non-reentrant model


 *************** function _WDT_Initialize *****************
 Defined at:
		line 79 in file "mcc_generated_files/mcc.c"
 Parameters:    Size  Location     Type
		None
 Auto vars:     Size  Location     Type
		None
 Return value:  Size  Location     Type
                  1    wreg      void 
 Registers used:
		wreg
 Tracked objects:
		On entry : 
		On exit  : 
		Unchanged: 
 Data sizes:     COMMON   BANK0   BANK1   BANK2   BANK3   BANK4   BANK5   BANK6   BANK7   BANK8   BANK9  BANK10  BANK11  BANK12
      Params:         0       0       0       0       0       0       0       0       0       0       0       0       0       0
      Locals:         0       0       0       0       0       0       0       0       0       0       0       0       0       0
      Temps:          0       0       0       0       0       0       0       0       0       0       0       0       0       0
      Totals:         0       0       0       0       0       0       0       0       0       0       0       0       0       0
Total ram usage:        0 bytes
 Hardware stack levels used:    1
 Hardware stack levels required when called:    4
 This function calls:
		Nothing
 This function is called by:
		_SYSTEM_Initialize
 This function uses a non-reentrant model


 *************** function _TMR2_Initialize *****************
 Defined at:
		line 69 in file "mcc_generated_files/tmr2.c"
 Parameters:    Size  Location     Type
		None
 Auto vars:     Size  Location     Type
		None
 Return value:  Size  Location     Type
                  1    wreg      void 
 Registers used:
		wreg, status,2, status,0, pclath, cstack
 Tracked objects:
		On entry : 
		On exit  : 
		Unchanged: 
 Data sizes:     COMMON   BANK0   BANK1   BANK2   BANK3   BANK4   BANK5   BANK6   BANK7   BANK8   BANK9  BANK10  BANK11  BANK12
      Params:         0       0       0       0       0       0       0       0       0       0       0       0       0       0
      Locals:         0       0       0       0       0       0       0       0       0       0       0       0       0       0
      Temps:          0       0       0       0       0       0       0       0       0       0       0       0       0       0
      Totals:         0       0       0       0       0       0       0       0       0       0       0       0       0       0
Total ram usage:        0 bytes
 Hardware stack levels used:    1
 Hardware stack levels required when called:    5
 This function calls:
		_TMR2_SetInterruptHandler
 This function is called by:
		_SYSTEM_Initialize
 This function uses a non-reentrant model


 *************** function _TMR2_SetInterruptHandler *****************
 Defined at:
		line 129 in file "mcc_generated_files/tmr2.c"
 Parameters:    Size  Location     Type
  InterruptHan    2    0[BANK0 ] PTR FTN()void 
[...]
		On exit  : 
		Unchanged: 
 Data sizes:     COMMON   BANK0   BANK1   BANK2   BANK3   BANK4   BANK5   BANK6   BANK7   BANK8   BANK9  BANK10  BANK11  BANK12
      Params:         0       3       0       0       0       0       0       0       0       0       0       0       0       0
      Locals:         0       1       0       0       0       0       0       0       0       0       0       0       0       0
      Temps:          0       0       0       0       0       0       0       0       0       0       0       0       0       0
      Totals:         0       4       0       0       0       0       0       0       0       0       0       0       0       0
Total ram usage:        4 bytes
 Hardware stack levels used:    1
 Hardware stack levels required when called:    5
 This function calls:
		___bmul
 This function is called by:
		_Button_Reading_Update
		_Button_Baseline_Initialize
 This function uses a non-reentrant model


 *************** function ___bmul *****************
 Defined at:
		line 4 in file "/Applications/microchip/xc8/v1.45/sources/common/Umul8.c"
 Parameters:    Size  Location     Type
  multiplier      1    wreg     unsigned char 
  multiplicand    1    0[BANK0 ] unsigned char 
 Auto vars:     Size  Location     Type
  multiplier      1    2[BANK0 ] unsigned char 
  product         1    1[BANK0 ] unsigned char 
 Return value:  Size  Location     Type
                  1    wreg      unsigned char 
 Registers used:
		wreg, status,2, status,0
 Tracked objects:
		On entry : 
		On exit  : 
		Unchanged: 
 Data sizes:     COMMON   BANK0   BANK1   BANK2   BANK3   BANK4   BANK5   BANK6   BANK7   BANK8   BANK9  BANK10  BANK11  BANK12
      Params:         0       1       0       0       0       0       0       0       0       0       0       0       0       0
      Locals:         0       2       0       0       0       0       0       0       0       0       0       0       0       0
      Temps:          0       0       0       0       0       0       0       0       0       0       0       0       0       0
      Totals:         0       3       0       0       0       0       0       0       0       0       0       0       0       0
Total ram usage:        3 bytes
 Hardware stack levels used:    1
 Hardware stack levels required when called:    4
 This function calls:
		Nothing
 This function is called by:
		_MTOUCH_Sensor_Initialize
		_Sensor_Service
		_Sensor_Acq_ExecuteScan
		_MTOUCH_Sensor_RawSample_Get
		_MTOUCH_Sensor_Enable
		_MTOUCH_Sensor_wasSampled
 This function uses a non-reentrant model


 *************** function _Button_Deviation_Update *****************
 Defined at:
		line 357 in file "mcc_generated_files/mtouch/mtouch_button.c"
 Parameters:    Size  Location     Type
  button          1    wreg     PTR struct .
		 -> mtouch_button(32), 
 Auto vars:     Size  Location     Type
  button          1   14[BANK0 ] PTR struct .
		 -> mtouch_button(32), 
  deviation       4   10[BANK0 ] long 
 Return value:  Size  Location     Type
                  1    wreg      void 
 Registers used:
		wreg, fsr1l, fsr1h, status,2, status,0
 Tracked objects:
		On entry : 
		On exit  : 
		Unchanged: 
 Data sizes:     COMMON   BANK0   BANK1   BANK2   BANK3   BANK4   BANK5   BANK6   BANK7   BANK8   BANK9  BANK10  BANK11  BANK12
      Params:         0       0       0       0       0       0       0       0       0       0       0       0       0       0
      Locals:         0       5       0       0       0       0       0       0       0       0       0       0       0       0
      Temps:          0      10       0       0       0       0       0       0       0       0       0       0       0       0
      Totals:         0      15       0       0       0       0       0       0       0       0       0       0       0       0
Total ram usage:       15 bytes
 Hardware stack levels used:    1
 Hardware stack levels required when called:    4
 This function calls:
		Nothing
 This function is called by:
		_Button_Service
 This function uses a non-reentrant model


 *************** function _MTOUCH_Button_isPressed *****************
 Defined at:
		line 333 in file "mcc_generated_files/mtouch/mtouch_button.c"
 Parameters:    Size  Location     Type
  name            1    wreg     enum E4949
 Auto vars:     Size  Location     Type
  name            1    0[BANK0 ] enum E4949
 Return value:  Size  Location     Type
                  1    wreg      unsigned char 
 Registers used:
		wreg, fsr1l, fsr1h, status,2, status,0
 Tracked objects:
		On entry : 
		On exit  : 
		Unchanged: 
 Data sizes:     COMMON   BANK0   BANK1   BANK2   BANK3   BANK4   BANK5   BANK6   BANK7   BANK8   BANK9  BANK10  BANK11  BANK12
      Params:         0       0       0       0       0       0       0       0       0       0       0       0       0       0
      Locals:         0       1       0       0       0       0       0       0       0       0       0       0       0       0
      Temps:          0       0       0       0       0       0       0       0       0       0       0       0       0       0
      Totals:         0       1       0       0       0       0       0       0       0       0       0       0       0       0
Total ram usage:        1 bytes
 Hardware stack levels used:    1
 Hardware stack levels required when called:    4
 This function calls:
		Nothing
 This function is called by:
		_main
 This function uses a non-reentrant model


 *************** function _MTOUCH_Button_Deviation_Get *****************
 Defined at:
		line 349 in file "mcc_generated_files/mtouch/mtouch_button.c"
 Parameters:    Size  Location     Type
  name            1    wreg     enum E4949
 Auto vars:     Size  Location     Type
  name            1    0[BANK0 ] enum E4949
 Return value:  Size  Location     Type
                  1    wreg      char 
 Registers used:
		wreg, fsr1l, fsr1h, status,2, status,0
 Tracked objects:
		On entry : 
		On exit  : 
		Unchanged: 
 Data sizes:     COMMON   BANK0   BANK1   BANK2   BANK3   BANK4   BANK5   BANK6   BANK7   BANK8   BANK9  BANK10  BANK11  BANK12
      Params:         0       0       0       0       0       0       0       0       0       0       0       0       0       0
      Locals:         0       1       0       0       0       0       0       0       0       0       0       0       0       0
      Temps:          0       0       0       0       0       0       0       0       0       0       0       0       0       0
      Totals:         0       1       0       0       0       0       0       0       0       0       0       0       0       0
Total ram usage:        1 bytes
 Hardware stack levels used:    1
 Hardware stack levels required when called:    4
 This function calls:
		Nothing
 This function is called by:
		_main
 This function uses a non-reentrant model


 *************** function _INTERRUPT_InterruptManager *****************
 Defined at:
		line 52 in file "mcc_generated_files/interrupt_manager.c"
 Parameters:    Size  Location     Type
		None
 Auto vars:     Size  Location     Type
		None
 Return value:  Size  Location     Type
                  1    wreg      void 
 Registers used:
		wreg, fsr0l, fsr0h, fsr1l, fsr1h, status,2, status,0, pclath, cstack
 Tracked objects:
		On entry : 
		On exit  : 
		Unchanged: 
 Data sizes:     COMMON   BANK0   BANK1   BANK2   BANK3   BANK4   BANK5   BANK6   BANK7   BANK8   BANK9  BANK10  BANK11  BANK12
      Params:         0       0       0       0       0       0       0       0       0       0       0       0       0       0
      Locals:         0       0       0       0       0       0       0       0       0       0       0       0       0       0
      Temps:          0       0       0       0       0       0       0       0       0       0       0       0       0       0
      Totals:         0       0       0       0       0       0       0       0       0       0       0       0       0       0
Total ram usage:        0 bytes
 Hardware stack levels used:    1
 Hardware stack levels required when called:    3
 This function calls:
		_TMR2_ISR
 This function is called by:
		Interrupt level 1
 This function uses a non-reentrant model


 *************** function _TMR2_ISR *****************
 Defined at:
		line 120 in file "mcc_generated_files/tmr2.c"
 Parameters:    Size  Location     Type
		None
 Auto vars:     Size  Location     Type
		None
 Return value:  Size  Location     Type
                  1    wreg      void 
 Registers used:
		wreg, fsr0l, fsr0h, fsr1l, fsr1h, status,2, status,0, pclath, cstack
 Tracked objects:
		On entry : 
		On exit  : 
		Unchanged: 
 Data sizes:     COMMON   BANK0   BANK1   BANK2   BANK3   BANK4   BANK5   BANK6   BANK7   BANK8   BANK9  BANK10  BANK11  BANK12
      Params:         0       0       0       0       0       0       0       0       0       0       0       0       0       0
      Locals:         0       0       0       0       0       0       0       0       0       0       0       0       0       0
      Temps:          0       0       0       0       0       0       0       0       0       0       0       0       0       0
      Totals:         0       0       0       0       0       0       0       0       0       0       0       0       0       0
Total ram usage:        0 bytes
 Hardware stack levels used:    1
 Hardware stack levels required when called:    2
 This function calls:
		Absolute function
		_TMR2_DefaultInterruptHandler
 This function is called by:
		_INTERRUPT_InterruptManager
 This function uses a non-reentrant model


 *************** function _TMR2_DefaultInterruptHandler *****************
 Defined at:
		line 136 in file "mcc_generated_files/tmr2.c"
 Parameters:    Size  Location     Type
		None
 Auto vars:     Size  Location     Type
  wv              2    7[COMMON] unsigned int 
  i               1    9[COMMON] unsigned char 
 Return value:  Size  Location     Type
                  1    wreg      void 
 Registers used:
		wreg, fsr0l, fsr0h, fsr1l, fsr1h, status,2, status,0, pclath, cstack
 Tracked objects:
		On entry : 
		On exit  : 
		Unchanged: 
 Data sizes:     COMMON   BANK0   BANK1   BANK2   BANK3   BANK4   BANK5   BANK6   BANK7   BANK8   BANK9  BANK10  BANK11  BANK12
      Params:         0       0       0       0       0       0       0       0       0       0       0       0       0       0
      Locals:         3       0       0       0       0       0       0       0       0       0       0       0       0       0
      Temps:          2       0       0       0       0       0       0       0       0       0       0       0       0       0
      Totals:         5       0       0       0       0       0       0       0       0       0       0       0       0       0
Total ram usage:        5 bytes
 Hardware stack levels used:    1
 Hardware stack levels required when called:    1
 This function calls:
		_DAC_SetOutput
		___lbmod
 This function is called by:
		_TMR2_Initialize
		_TMR2_ISR
 This function uses a non-reentrant model


 *************** function ___lbmod *****************
 Defined at:
		line 4 in file "/Applications/microchip/xc8/v1.45/sources/common/lbmod.c"
 Parameters:    Size  Location     Type
  dividend        1    wreg     unsigned char 
  divisor         1    0[COMMON] unsigned char 
 Auto vars:     Size  Location     Type
  dividend        1    2[COMMON] unsigned char 
  rem             1    4[COMMON] unsigned char 
  counter         1    3[COMMON] unsigned char 
 Return value:  Size  Location     Type
                  1    wreg      unsigned char 
 Registers used:
		wreg, status,2, status,0
 Tracked objects:
		On entry : 
		On exit  : 
		Unchanged: 
 Data sizes:     COMMON   BANK0   BANK1   BANK2   BANK3   BANK4   BANK5   BANK6   BANK7   BANK8   BANK9  BANK10  BANK11  BANK12
      Params:         1       0       0       0       0       0       0       0       0       0       0       0       0       0
      Locals:         3       0       0       0       0       0       0       0       0       0       0       0       0       0
      Temps:          1       0       0       0       0       0       0       0       0       0       0       0       0       0
      Totals:         5       0       0       0       0       0       0       0       0       0       0       0       0       0
Total ram usage:        5 bytes
 Hardware stack levels used:    1
 This function calls:
		Nothing
 This function is called by:
		_TMR2_DefaultInterruptHandler
 This function uses a non-reentrant model


 *************** function _DAC_SetOutput *****************
 Defined at:
		line 66 in file "mcc_generated_files/dac.c"
 Parameters:    Size  Location     Type
  inputData       1    wreg     unsigned char 
 Auto vars:     Size  Location     Type
  inputData       1    0[COMMON] unsigned char 
 Return value:  Size  Location     Type
                  1    wreg      void 
 Registers used:
		wreg
 Tracked objects:
		On entry : 
		On exit  : 
		Unchanged: 
 Data sizes:     COMMON   BANK0   BANK1   BANK2   BANK3   BANK4   BANK5   BANK6   BANK7   BANK8   BANK9  BANK10  BANK11  BANK12
      Params:         0       0       0       0       0       0       0       0       0       0       0       0       0       0
      Locals:         1       0       0       0       0       0       0       0       0       0       0       0       0       0
      Temps:          0       0       0       0       0       0       0       0       0       0       0       0       0       0
      Totals:         1       0       0       0       0       0       0       0       0       0       0       0       0       0
Total ram usage:        1 bytes
 Hardware stack levels used:    1
 This function calls:
		Nothing
 This function is called by:
		_TMR2_DefaultInterruptHandler
 This function uses a non-reentrant model



MODULE INFORMATION

Module		Function		Class		Link	Load	Size
mcc_generated_files/mtouch/mtouch_button.c
		_Button_Deviation_Update		CODE           	0239	0000	106
		_MTOUCH_Button_isPressed		CODE           	01D9	0000	17
		_MTOUCH_Button_Initialize		CODE           	0314	0000	34
		_Button_Tick_helper		CODE           	0B89	0000	33
		_MTOUCH_Button_InitializeAll		CODE           	0EA7	0000	30
		_Button_Baseline_Update		CODE           	072F	0000	133
		_Button_State_Pressed		CODE           	0606	0000	58
		_Button_Reading_Update		CODE           	02A2	0000	95
		_Button_DefaultCallback		CODE           	072E	0000	2
		_MTOUCH_Button_Tick		CODE           	0B7D	0000	13
		_Button_State_NotPressed		CODE           	06BB	0000	116
		_MTOUCH_Button_Deviation_Get		CODE           	01CD	0000	13
		_Button_Service		CODE           	0201	0000	57
		_Button_State_Initializing		CODE           	063F	0000	84
		_MTOUCH_Button_ServiceAll		CODE           	01F7	0000	11
		_Button_Baseline_Initialize		CODE           	0692	0000	42

mcc_generated_files/mtouch/mtouch_button.c estimated size: 844

/Applications/microchip/xc8/v1.45/sources/common/float.c
		___ftpack      		CODE           	0E27	0000	63

/Applications/microchip/xc8/v1.45/sources/common/float.c estimated size: 63

/Applications/microchip/xc8/v1.45/sources/common/ftmul.c
		___ftmul       		CODE           	0D09	0000	107

/Applications/microchip/xc8/v1.45/sources/common/ftmul.c estimated size: 107

mcc_generated_files/opa2.c
		_OPA2_Initialize		CODE           	0E78	0000	5

mcc_generated_files/opa2.c estimated size: 5

/Applications/microchip/xc8/v1.45/sources/common/abs.c
		_abs           		CODE           	03F4	0000	15

/Applications/microchip/xc8/v1.45/sources/common/abs.c estimated size: 15

/Applications/microchip/xc8/v1.45/sources/common/ftdiv.c
		___ftdiv       		CODE           	016A	0000	100

/Applications/microchip/xc8/v1.45/sources/common/ftdiv.c estimated size: 100

mcc_generated_files/tmr2.c
		_TMR2_ISR      		CODE           	0ABE	0000	14
		_TMR2_Initialize		CODE           	0FE7	0000	18
		_TMR2_SetInterruptHandler		CODE           	0FF8	0000	9
		_TMR2_DefaultInterruptHandler		CODE           	0C80	0000	86

mcc_generated_files/tmr2.c estimated size: 127

mcc_generated_files/interrupt_manager.c
		_INTERRUPT_InterruptManager		CODE           	0004	0000	15

mcc_generated_files/interrupt_manager.c estimated size: 15

mcc_generated_files/mtouch/mtouch.c
		_MTOUCH_Tick   		CODE           	0404	0000	3
		_MTOUCH_Initialize		CODE           	0EA0	0000	8
		_MTOUCH_Service_Mainloop		CODE           	01E9	0000	15

mcc_generated_files/mtouch/mtouch.c estimated size: 26

mcc_generated_files/pin_manager.c
		_PIN_MANAGER_Initialize		CODE           	0E87	0000	23

mcc_generated_files/pin_manager.c estimated size: 23

mcc_generated_files/mtouch/mtouch_sensor_scan.c
		_MTOUCH_CVD_ScanA_0		CODE           	0B1D	0000	33
		_MTOUCH_CVD_ScanB_0		CODE           	0B5D	0000	33
		_MTOUCH_CVD_ScanA_1		CODE           	0AFD	0000	33
		_MTOUCH_CVD_ScanB_1		CODE           	0B3D	0000	33

mcc_generated_files/mtouch/mtouch_sensor_scan.c estimated size: 132

/Applications/microchip/xc8/v1.45/sources/common/ftge.c
		___ftge        		CODE           	0BA9	0000	45

/Applications/microchip/xc8/v1.45/sources/common/ftge.c estimated size: 45

/Applications/microchip/xc8/v1.45/sources/common/ftadd.c
		___ftadd       		CODE           	0D73	0000	181

/Applications/microchip/xc8/v1.45/sources/common/ftadd.c estimated size: 181

/Applications/microchip/xc8/v1.45/sources/common/lbmod.c
		___lbmod       		CODE           	0CD9	0000	25

/Applications/microchip/xc8/v1.45/sources/common/lbmod.c estimated size: 25

/Applications/microchip/xc8/v1.45/sources/common/Umul8.c
		___bmul        		CODE           	0345	0000	36

/Applications/microchip/xc8/v1.45/sources/common/Umul8.c estimated size: 36

shared
		__initialization		CODE           	0014	0000	92
		_mtouch_button_init		STRCODE        	1000	0000	33

shared estimated size: 125

mcc_generated_files/mcc.c
		_WDT_Initialize		CODE           	0E9D	0000	4
		_OSCILLATOR_Initialize		CODE           	0E7C	0000	12
		_SYSTEM_Initialize		CODE           	0E65	0000	14

mcc_generated_files/mcc.c estimated size: 30

/Applications/microchip/xc8/v1.45/sources/common/abtoft.c
		___abtoft      		CODE           	0CF1	0000	25

/Applications/microchip/xc8/v1.45/sources/common/abtoft.c estimated size: 25

mcc_generated_files/dac.c
		_DAC_Initialize		CODE           	0E72	0000	7
		_DAC_SetOutput 		CODE           	0CD5	0000	5

mcc_generated_files/dac.c estimated size: 12

main.c
		_soundPlay     		CODE           	0BD5	0000	48
		_main          		CODE           	0072	0000	249

main.c estimated size: 297

mcc_generated_files/mtouch/mtouch_random.c
		_MTOUCH_Random 		CODE           	0F6B	0000	11

mcc_generated_files/mtouch/mtouch_random.c estimated size: 11

mcc_generated_files/mtouch/mtouch_sensor.c
		_Sensor_Acq_ExecutePacket		CODE           	0F17	0000	78
		_MTOUCH_Delay  		CODE           	0F64	0000	8
		_Sensor_Acquisition		CODE           	03A1	0000	73
		_MTOUCH_Sensor_Initialize		CODE           	0EE0	0000	41
		_Sensor_Sampled_Reset		CODE           	0000	0000	1
		_MTOUCH_Sensor_InitializeAll		CODE           	0ED6	0000	11
		_Sensor_DefaultCallback		CODE           	0402	0000	2
		_Sensor_isEnabled		CODE           	03E9	0000	12
		_MTOUCH_Sensor_isCalibrated		CODE           	0335	0000	2
		_MTOUCH_Sensor_Calibrate		CODE           	0403	0000	2
		_MTOUCH_Sensor_Sampled_ResetAll		CODE           	0EC4	0000	19
		_Sensor_setActive		CODE           	0000	0000	1
		_MTOUCH_Sensor_Enable		CODE           	0F08	0000	16
		_Sensor_Acq_ExecuteScan		CODE           	0F7B	0000	90
		_Sensor_setSampled		CODE           	0000	0000	1
		_MTOUCH_Sensor_RawSample_Get		CODE           	0300	0000	21
		_MTOUCH_Sensor_SampleAll		CODE           	0368	0000	14
		_MTOUCH_Sensor_wasSampled		CODE           	0336	0000	16
		_Sensor_Service		CODE           	0375	0000	45
		_Sensor_setScanFunction		CODE           	0FD4	0000	20
		_MTOUCH_Sensor_Scan_Initialize		CODE           	0F75	0000	7
		_Sensor_RawSample_Update		CODE           	0ACB	0000	23
		_Sensor_setInactive		CODE           	0000	0000	1

mcc_generated_files/mtouch/mtouch_sensor.c estimated size: 504

