Microchip MPLAB XC8 Compiler V1.45 ()

Linker command line:

-W-3 --edf=/Applications/microchip/xc8/v1.45/dat/en_msgs.txt -cs \
  -h+dist/pro/production/mt16F18313.X_2.production.sym \
  --cmf=dist/pro/production/mt16F18313.X_2.production.cmf -z -Q16F18313 \
  -o/tmp/xc1K1Dhey -Mdist/pro/production/mt16F18313.X_2.production.map -E1 \
  -ver=XC8 -ASTACK=0204Ah-020efh -pstack=STACK -ACODE=00h-07FFh \
  -ASTRCODE=00h-07FFh -ASTRING=00h-0FFhx8 -ACONST=00h-0FFhx8 \
  -AENTRY=00h-0FFhx8 -ACOMMON=070h-07Fh -ABANK0=020h-06Fh -ABANK1=0A0h-0EFh \
  -ABANK2=0120h-016Fh -ABIGRAM=02000h-020EFh \
  -ARAM=020h-06Fh,0A0h-0EFh,0120h-016Fh \
  -AABS1=020h-07Fh,0A0h-0EFh,0120h-016Fh -ASFR0=00h-01Fh -ASFR1=080h-09Fh \
  -ASFR2=0100h-011Fh -ASFR3=0180h-01EFh -ASFR4=0200h-026Fh \
  -ASFR5=0280h-02EFh -ASFR6=0300h-036Fh -ASFR7=0380h-03EFh \
  -ASFR8=0400h-046Fh -ASFR9=0480h-04EFh -ASFR10=0500h-056Fh \
  -ASFR11=0580h-05EFh -ASFR12=0600h-066Fh -ASFR13=0680h-06EFh \
  -ASFR14=0700h-076Fh -ASFR15=0780h-07EFh -ASFR16=0800h-086Fh \
  -ASFR17=0880h-08EFh -ASFR18=0900h-096Fh -ASFR19=0980h-09EFh \
  -ASFR20=0A00h-0A6Fh -ASFR21=0A80h-0AEFh -ASFR22=0B00h-0B6Fh \
  -ASFR23=0B80h-0BEFh -ASFR24=0C00h-0C6Fh -ASFR25=0C80h-0CEFh \
  -ASFR26=0D00h-0D6Fh -ASFR27=0D80h-0DEFh -ASFR28=0E00h-0E6Fh \
  -ASFR29=0E80h-0EEFh -ASFR30=0F00h-0F6Fh -ASFR31=0F80h-0FEFh \
  -preset_vec=00h,intentry,init,end_init -ppowerup=CODE -pcinit=CODE \
  -pfunctab=ENTRY -ACONFIG=08007h-0800Ah -pconfig=CONFIG -DCONFIG=2 \
  -AIDLOC=08000h-08003h -pidloc=IDLOC -DIDLOC=2 -AEEDATA=00h-0FFh/0F000h \
  -peeprom_data=EEDATA -DEEDATA=2 -DCODE=2 -DSTRCODE=2 -DSTRING=2 -DCONST=2 \
  -DENTRY=2 -k /tmp/xclJU5cFX.obj \
  dist/pro/production/mt16F18313.X_2.production.obj 

Object code version is 3.11

Machine type is 16F18313



                Name                               Link     Load   Length Selector   Space Scale
/tmp/xclJU5cFX.obj
                end_init                              1        1        1        0       0
                reset_vec                             0        0        1        0       0
                config                             8007     8007        4    1000E       0
dist/pro/production/mt16F18313.X_2.production.obj
                cinit                               7DC      7DC       24      FB8       0
                text57                              1A7      1A7        8      34E       0
                text56                              364      364       25      6C8       0
                text55                              322      322       20      644       0
                text54                              752      752       8A      EA4       0
                text53                              2E4      2E4       1F      5C8       0
                text52                              22A      22A        E      454       0
                text51                              6E9      6E9       69      DD2       0
                text50                              1F8      1F8        C      3F0       0
                text49                              28A      28A       13      514       0
                text48                              48E      48E       3A      91C       0
                text47                              3D3      3D3       27      7A6       0
                text46                              54A      54A       49      A94       0
                text45                              17E      17E        1      2FC       0
                text44                              17F      17F        1      2FE       0
                text43                              303      303       1F      606       0
                text42                              422      422       35      844       0
                text41                              593      593       4C      B26       0
                text40                              62B      62B       5B      C56       0
                text39                              180      180        1      300       0
                text38                              238      238        E      470       0
                text37                              457      457       37      8AE       0
                text36                              1AF      1AF        8      35E       0
                text35                              1A0      1A0        7      340       0
                text34                              1D9      1D9        A      3B2       0
                text33                              18E      18E        6      31C       0
                text32                              389      389       25      712       0
                text31                              3AE      3AE       25      75C       0
                swtext2                               2        2        2        4       0
                swtext1                               4        4        1        4       0
                text30                              5DF      5DF       4C      BBE       0
                text29                              181      181        1      302       0
                text28                              4C8      4C8       3E      990       0
                text27                              1ED      1ED        B      3DA       0
                text24                              246      246        E      48C       0
                text23                              506      506       44      A0C       0
                text22                              182      182        1      304       0
                text21                              254      254       12      4A8       0
                text19                              3FA      3FA       28      7F4       0
                text18                              1C7      1C7        9      38E       0
                text16                              266      266       12      4CC       0
                text15                              342      342       22      684       0
                text14                              184      184        2      308       0
                text13                              183      183        1      306       0
                text12                              210      210        D      420       0
                text11                              204      204        C      408       0
                text10                              2B0      2B0       18      560       0
                text9                               21D      21D        D      43A       0
                text8                               2C8      2C8       1C      590       0
                text7                               1B7      1B7        8      36E       0
                text6                               186      186        4      30C       0
                text5                               1D0      1D0        9      3A0       0
                text4                               278      278       12      4F0       0
                text3                               1BF      1BF        8      37E       0
                text2                               18A      18A        4      314       0
                text1                               194      194        6      328       0
                maintext                            686      686       63      D0C       0
                cstackBANK0                          20       20       1F       20       1
                cstackCOMMON                         70       70        E       70       1
                clrtext                             19A      19A        6      334       0
                dataBANK0                            5B       5B        F       20       1
                bssBANK0                             3F       3F       1C       20       1
                stringtext2                         29D      29D       13      53A       0
                stringtext1                         1E3      1E3        A      3C6       0

TOTAL           Name                               Link     Load   Length     Space
        CLASS   STACK          

        CLASS   CODE           
                end_init                              1        1        1         0
                cinit                               7DC      7DC       24         0
                reset_vec                             0        0        1         0
                text57                              1A7      1A7        8         0
                text56                              364      364       25         0
                text55                              322      322       20         0
                text54                              752      752       8A         0
                text53                              2E4      2E4       1F         0
                text52                              22A      22A        E         0
                text51                              6E9      6E9       69         0
                text50                              1F8      1F8        C         0
                text49                              28A      28A       13         0
                text48                              48E      48E       3A         0
                text47                              3D3      3D3       27         0
                text46                              54A      54A       49         0
                text45                              17E      17E        1         0
                text44                              17F      17F        1         0
                text43                              303      303       1F         0
                text42                              422      422       35         0
                text41                              593      593       4C         0
                text40                              62B      62B       5B         0
                text39                              180      180        1         0
                text38                              238      238        E         0
                text37                              457      457       37         0
                text36                              1AF      1AF        8         0
                text35                              1A0      1A0        7         0
                text34                              1D9      1D9        A         0
                text33                              18E      18E        6         0
                text32                              389      389       25         0
                text31                              3AE      3AE       25         0
                text30                              5DF      5DF       4C         0
                text29                              181      181        1         0
                text28                              4C8      4C8       3E         0
                text27                              1ED      1ED        B         0
                text24                              246      246        E         0
                text23                              506      506       44         0
                text22                              182      182        1         0
                text21                              254      254       12         0
                text19                              3FA      3FA       28         0
                text18                              1C7      1C7        9         0
                text16                              266      266       12         0
                text15                              342      342       22         0
                text14                              184      184        2         0
                text13                              183      183        1         0
                text12                              210      210        D         0
                text11                              204      204        C         0
                text10                              2B0      2B0       18         0
                text9                               21D      21D        D         0
                text8                               2C8      2C8       1C         0
                text7                               1B7      1B7        8         0
                text6                               186      186        4         0
                text5                               1D0      1D0        9         0
                text4                               278      278       12         0
                text3                               1BF      1BF        8         0
                text2                               18A      18A        4         0
                text1                               194      194        6         0
                maintext                            686      686       63         0
                clrtext                             19A      19A        6         0

        CLASS   STRCODE        
                stringtext2                         29D      29D       13         0
                stringtext1                         1E3      1E3        A         0

        CLASS   STRING         

        CLASS   CONST          
                swtext2                               2        2        2         0
                swtext1                               4        4        1         0

        CLASS   ENTRY          

        CLASS   COMMON         
                cstackCOMMON                         70       70        E         1

        CLASS   BANK0          
                cstackBANK0                          20       20       1F         1
                dataBANK0                            5B       5B        F         1
                bssBANK0                             3F       3F       1C         1

        CLASS   BANK1          

        CLASS   BANK2          

        CLASS   BIGRAM         

        CLASS   RAM            

        CLASS   ABS1           
                abs_s1                               7E       7E        2         1

        CLASS   SFR0           

        CLASS   SFR1           

        CLASS   SFR2           

        CLASS   SFR3           

        CLASS   SFR4           

        CLASS   SFR5           

        CLASS   SFR6           

        CLASS   SFR7           

        CLASS   SFR8           

        CLASS   SFR9           

        CLASS   SFR10          

        CLASS   SFR11          

        CLASS   SFR12          

        CLASS   SFR13          

        CLASS   SFR14          

        CLASS   SFR15          

        CLASS   SFR16          

        CLASS   SFR17          

        CLASS   SFR18          

        CLASS   SFR19          

        CLASS   SFR20          

        CLASS   SFR21          

        CLASS   SFR22          

        CLASS   SFR23          

        CLASS   SFR24          

        CLASS   SFR25          

        CLASS   SFR26          

        CLASS   SFR27          

        CLASS   SFR28          

        CLASS   SFR29          

        CLASS   SFR30          

        CLASS   SFR31          

        CLASS   CONFIG         
                config                             8007     8007        4         0

        CLASS   IDLOC          

        CLASS   EEDATA         

        CLASS   BANK31         

        CLASS   BANK30         

        CLASS   BANK29         

        CLASS   BANK28         

        CLASS   BANK27         

        CLASS   BANK26         

        CLASS   BANK25         

        CLASS   BANK24         

        CLASS   BANK23         

        CLASS   BANK22         

        CLASS   BANK21         

        CLASS   BANK20         

        CLASS   BANK19         

        CLASS   BANK18         

        CLASS   BANK17         

        CLASS   BANK16         

        CLASS   BANK15         

        CLASS   BANK14         

        CLASS   BANK13         

        CLASS   BANK12         

        CLASS   BANK11         

        CLASS   BANK10         

        CLASS   BANK9          

        CLASS   BANK8          

        CLASS   BANK7          

        CLASS   BANK6          

        CLASS   BANK5          

        CLASS   BANK4          

        CLASS   BANK3          



SEGMENTS        Name                           Load    Length   Top    Selector   Space  Class     Delta

                reset_vec                      000000  000002  000002         0       0  CODE        2
                swtext2                        000002  000003  000005         4       0  CONST       2
                cstackBANK0                    000020  00004A  00006A        20       1  BANK0       1
                cstackCOMMON                   000070  00000E  00007E        70       1  COMMON      1
                text45                         00017E  000001  00017F       2FC       0  CODE        2
                text44                         00017F  000001  000180       2FE       0  CODE        2
                text39                         000180  000001  000181       300       0  CODE        2
                text29                         000181  000001  000182       302       0  CODE        2
                text22                         000182  000001  000183       304       0  CODE        2
                text13                         000183  000001  000184       306       0  CODE        2
                text14                         000184  000002  000186       308       0  CODE        2
                text6                          000186  000004  00018A       30C       0  CODE        2
                text2                          00018A  000004  00018E       314       0  CODE        2
                text33                         00018E  000006  000194       31C       0  CODE        2
                text1                          000194  000006  00019A       328       0  CODE        2
                clrtext                        00019A  000006  0001A0       334       0  CODE        2
                text35                         0001A0  000007  0001A7       340       0  CODE        2
                text57                         0001A7  000008  0001AF       34E       0  CODE        2
                text36                         0001AF  000008  0001B7       35E       0  CODE        2
                text7                          0001B7  000008  0001BF       36E       0  CODE        2
                text3                          0001BF  000008  0001C7       37E       0  CODE        2
                text18                         0001C7  000009  0001D0       38E       0  CODE        2
                text5                          0001D0  000009  0001D9       3A0       0  CODE        2
                text34                         0001D9  00000A  0001E3       3B2       0  CODE        2
                stringtext1                    0001E3  00000A  0001ED       3C6       0  STRCODE     2
                text27                         0001ED  00000B  0001F8       3DA       0  CODE        2
                text50                         0001F8  00000C  000204       3F0       0  CODE        2
                text11                         000204  00000C  000210       408       0  CODE        2
                text12                         000210  00000D  00021D       420       0  CODE        2
                text9                          00021D  00000D  00022A       43A       0  CODE        2
                text52                         00022A  00000E  000238       454       0  CODE        2
                text38                         000238  00000E  000246       470       0  CODE        2
                text24                         000246  00000E  000254       48C       0  CODE        2
                text21                         000254  000012  000266       4A8       0  CODE        2
                text16                         000266  000012  000278       4CC       0  CODE        2
                text4                          000278  000012  00028A       4F0       0  CODE        2
                text49                         00028A  000013  00029D       514       0  CODE        2
                stringtext2                    00029D  000013  0002B0       53A       0  STRCODE     2
                text10                         0002B0  000018  0002C8       560       0  CODE        2
                text8                          0002C8  00001C  0002E4       590       0  CODE        2
                text53                         0002E4  00001F  000303       5C8       0  CODE        2
                text43                         000303  00001F  000322       606       0  CODE        2
                text55                         000322  000020  000342       644       0  CODE        2
                text15                         000342  000022  000364       684       0  CODE        2
                text56                         000364  000025  000389       6C8       0  CODE        2
                text32                         000389  000025  0003AE       712       0  CODE        2
                text31                         0003AE  000025  0003D3       75C       0  CODE        2
                text47                         0003D3  000027  0003FA       7A6       0  CODE        2
                text19                         0003FA  000028  000422       7F4       0  CODE        2
                text42                         000422  000035  000457       844       0  CODE        2
                text37                         000457  000037  00048E       8AE       0  CODE        2
                text48                         00048E  00003A  0004C8       91C       0  CODE        2
                text28                         0004C8  00003E  000506       990       0  CODE        2
                text23                         000506  000044  00054A       A0C       0  CODE        2
                text46                         00054A  000049  000593       A94       0  CODE        2
                text41                         000593  00004C  0005DF       B26       0  CODE        2
                text30                         0005DF  00004C  00062B       BBE       0  CODE        2
                text40                         00062B  00005B  000686       C56       0  CODE        2
                maintext                       000686  000063  0006E9       D0C       0  CODE        2
                text51                         0006E9  000069  000752       DD2       0  CODE        2
                text54                         000752  00008A  0007DC       EA4       0  CODE        2
                cinit                          0007DC  000024  000800       FB8       0  CODE        2
                config                         008007  000004  00800B     1000E       0  CONFIG      2


UNUSED ADDRESS RANGES

        Name                Unused          Largest block    Delta
        BANK0            0006A-0006F               6           1
        BANK1            000A0-000EF              50           1
        BANK2            00120-0016F              50           1
        BIGRAM           02000-020EF              F0           1
        CODE             00005-0017D             179           2
        CONST            00005-0017D              FB           2
        EEDATA           0F000-0F0FF             100           2
        ENTRY            00005-0017D              FB           2
        IDLOC            08000-08003               4           2
        RAM              0006A-0006F               6           1
                         000A0-000EF              50
                         00120-0016F              50
        SFR0             00000-0001F              20           1
        SFR1             00080-0009F              20           1
        SFR10            00500-0056F              70           1
        SFR11            00580-005EF              70           1
        SFR12            00600-0066F              70           1
        SFR13            00680-006EF              70           1
        SFR14            00700-0076F              70           1
        SFR15            00780-007EF              70           1
        SFR16            00800-0086F              70           1
        SFR17            00880-008EF              70           1
        SFR18            00900-0096F              70           1
        SFR19            00980-009EF              70           1
        SFR2             00100-0011F              20           1
        SFR20            00A00-00A6F              70           1
        SFR21            00A80-00AEF              70           1
        SFR22            00B00-00B6F              70           1
        SFR23            00B80-00BEF              70           1
        SFR24            00C00-00C6F              70           1
        SFR25            00C80-00CEF              70           1
        SFR26            00D00-00D6F              70           1
        SFR27            00D80-00DEF              70           1
        SFR28            00E00-00E6F              70           1
        SFR29            00E80-00EEF              70           1
        SFR3             00180-001EF              70           1
        SFR30            00F00-00F6F              70           1
        SFR31            00F80-00FEF              70           1
        SFR4             00200-0026F              70           1
        SFR5             00280-002EF              70           1
        SFR6             00300-0036F              70           1
        SFR7             00380-003EF              70           1
        SFR8             00400-0046F              70           1
        SFR9             00480-004EF              70           1
        STACK            0204A-020EF              A6           1
        STRCODE          00005-0017D             179           2
        STRING           00005-0017D              FB           2

                                  Symbol Table

?_MTOUCH_Sensor_RawSample_Get            cstackCOMMON 00073
?___lwdiv                                cstackCOMMON 00070
?___lwmod                                cstackCOMMON 00077
?_abs                                    cstackCOMMON 00070
?_sprintf                                cstackBANK0  00020
Button_Baseline_Initialize@button        cstackCOMMON 0007B
Button_Baseline_Update@button            cstackCOMMON 00076
Button_DefaultCallback@button            cstackCOMMON 00070
Button_Deviation_Update@button           cstackBANK0  00024
Button_Deviation_Update@deviation        cstackBANK0  00020
Button_Reading_Update@button             cstackCOMMON 00079
Button_Service@button                    cstackBANK0  00026
Button_Service@name                      cstackBANK0  00025
Button_State_Initializing@button         cstackCOMMON 0007C
Button_State_NotPressed@button           cstackCOMMON 0007C
Button_State_Pressed@button              cstackCOMMON 0007C
Button_Tick_helper@button                cstackCOMMON 00072
DisplayVal@str                           cstackBANK0  00039
DisplayVal@val                           cstackCOMMON 0007C
DisplayVal@valStr                        cstackBANK0  0002F
EUSART_Write@txData                      cstackCOMMON 00070
MTOUCH_Button_Initialize@button          cstackCOMMON 00071
MTOUCH_Button_Initialize@name            cstackCOMMON 00070
MTOUCH_Button_InitializeAll@button       cstackCOMMON 00073
MTOUCH_Button_ServiceAll@button          cstackCOMMON 0007D
MTOUCH_Button_isPressed@name             cstackCOMMON 00070
MTOUCH_Delay@i                           cstackCOMMON 00070
MTOUCH_Random@seed                       bssBANK0     00049
MTOUCH_Sensor_Enable@sensor              cstackCOMMON 00073
MTOUCH_Sensor_Initialize@sensor          cstackCOMMON 00074
MTOUCH_Sensor_InitializeAll@sensor       cstackCOMMON 00075
MTOUCH_Sensor_RawSample_Get@name         cstackCOMMON 00076
MTOUCH_Sensor_SampleAll@sensor           cstackCOMMON 0007D
MTOUCH_Sensor_Sampled_ResetAll@sensor    cstackCOMMON 00072
MTOUCH_Sensor_wasSampled@sensor          cstackCOMMON 00073
PL32                                     text46       00554
PL34                                     text48       0049C
PL36                                     text48       004B5
PL38                                     text54       007BC
PL40                                     text54       007C9
PL42                                     text40       0067A
PL44                                     text21       0025E
PL46                                     text40       00680
PL48                                     text54       007D5
PL50                                     text43       0031C
PL52                                     text41       005CD
PL54                                     text15       0035E
PL56                                     text41       005D3
PL58                                     text41       005D9
PL60                                     text42       00451
PL62                                     text37       00489
Sensor_Acq_ExecutePacket@ADACT_temp      cstackCOMMON 00079
Sensor_Acq_ExecutePacket@ADCON0_temp     cstackCOMMON 00077
Sensor_Acq_ExecutePacket@ADCON1_temp     cstackCOMMON 00078
Sensor_Acq_ExecutePacket@GIE_state       cstackCOMMON 0007A
Sensor_Acq_ExecutePacket@error           cstackCOMMON 0007B
Sensor_Acq_ExecutePacket@sensor          cstackCOMMON 0007C
Sensor_Acq_ExecuteScan@result            cstackCOMMON 00075
Sensor_Acquisition@retry                 cstackBANK0  00024
Sensor_Acquisition@sensor                cstackBANK0  00025
Sensor_DefaultCallback@sensor            cstackCOMMON 00070
Sensor_RawSample_Update@sensor           cstackCOMMON 00070
Sensor_Sampled_Reset@sensor              cstackCOMMON 00070
Sensor_Service@error                     cstackBANK0  00027
Sensor_Service@name                      cstackBANK0  00026
Sensor_Service@sensor                    cstackBANK0  00028
Sensor_isEnabled@sensor                  cstackCOMMON 00070
Sensor_setActive@sensor                  cstackCOMMON 00070
Sensor_setInactive@sensor                cstackCOMMON 00070
Sensor_setSampled@sensor                 cstackCOMMON 00070
Sensor_setScanFunction@sensor            cstackCOMMON 00070
_ADACT                                   (abs)        0009F
_ADCON0                                  (abs)        0009D
_ADCON0bits                              (abs)        0009D
_ADCON1                                  (abs)        0009E
_ADRES                                   (abs)        0009B
_ANSELA                                  (abs)        0018C
_ANSELAbits                              (abs)        0018C
_BAUD1CON                                (abs)        0019F
_Button_Baseline_Initialize              text47       003D3
_Button_Baseline_Update                  text46       0054A
_Button_DefaultCallback                  text45       0017E
_Button_Deviation_Update                 text51       006E9
_Button_Reading_Update                   text48       0048E
_Button_Service                          text37       00457
_Button_StateMachine                     dataBANK0    0005B
_Button_State_Initializing               text41       00593
_Button_State_NotPressed                 text40       0062B
_Button_State_Pressed                    text42       00422
_Button_Tick_helper                      text15       00342
_DisplayVal                              text53       002E4
_EUSART_Initialize                       text11       00204
_EUSART_Write                            text57       001A7
_GIE                                     (abs)        0005F
_INTCONbits                              (abs)        0000B
_LATA                                    (abs)        0010C
_MTOUCH_Button_Initialize                text43       00303
_MTOUCH_Button_InitializeAll             text10       002B0
_MTOUCH_Button_ServiceAll                text36       001AF
_MTOUCH_Button_Tick                      text14       00184
_MTOUCH_Button_isPressed                 text52       0022A
_MTOUCH_CVD_ScanA_0                      text32       00389
_MTOUCH_CVD_ScanB_0                      text31       003AE
_MTOUCH_Delay                            text35       001A0
_MTOUCH_Initialize                       text6        00186
_MTOUCH_Random                           text34       001D9
_MTOUCH_Sensor_Calibrate                 text44       0017F
_MTOUCH_Sensor_Enable                    text9        0021D
_MTOUCH_Sensor_Initialize                text8        002C8
_MTOUCH_Sensor_InitializeAll             text7        001B7
_MTOUCH_Sensor_RawSample_Get             text49       0028A
_MTOUCH_Sensor_SampleAll                 text18       001C7
_MTOUCH_Sensor_Sampled_ResetAll          text16       00266
_MTOUCH_Sensor_Scan_Initialize           text33       0018E
_MTOUCH_Sensor_isCalibrated              text39       00180
_MTOUCH_Sensor_wasSampled                text38       00238
_MTOUCH_Service_Mainloop                 text12       00210
_MTOUCH_Tick                             text13       00183
_ODCONA                                  (abs)        0028C
_OSCCON1                                 (abs)        00919
_OSCCON3                                 (abs)        0091B
_OSCEN                                   (abs)        0091D
_OSCFRQ                                  (abs)        0091F
_OSCILLATOR_Initialize                   text5        001D0
_OSCTUNE                                 (abs)        0091E
_PIN_MANAGER_Initialize                  text4        00278
_PIR1bits                                (abs)        00011
_PMD0                                    (abs)        00911
_PMD1                                    (abs)        00912
_PMD2                                    (abs)        00913
_PMD3                                    (abs)        00914
_PMD4                                    (abs)        00915
_PMD5                                    (abs)        00916
_PMD_Initialize                          text3        001BF
_PORTAbits                               (abs)        0000C
_RA4PPSbits                              (abs)        00E94
_RC1STA                                  (abs)        0019D
_SP1BRGH                                 (abs)        0019C
_SP1BRGL                                 (abs)        0019B
_SYSTEM_Initialize                       text1        00194
_Sensor_Acq_ExecutePacket                text28       004C8
_Sensor_Acq_ExecuteScan                  text30       005DF
_Sensor_Acquisition                      text23       00506
_Sensor_DefaultCallback                  text22       00182
_Sensor_RawSample_Update                 text21       00254
_Sensor_Sampled_Reset                    text17       00000
_Sensor_Service                          text19       003FA
_Sensor_isEnabled                        text27       001ED
_Sensor_setActive                        text26       00000
_Sensor_setInactive                      text25       00000
_Sensor_setSampled                       text20       00000
_Sensor_setScanFunction                  text29       00181
_TRISA                                   (abs)        0008C
_TRISAbits                               (abs)        0008C
_TX1REG                                  (abs)        0019A
_TX1STA                                  (abs)        0019E
_WDTCON                                  (abs)        00097
_WDT_Initialize                          text2        0018A
_WPUA                                    (abs)        0020C
_WPUAbits                                (abs)        0020C
__CFG_BOREN$ON                           (abs)        00000
__CFG_BORV$LOW                           (abs)        00000
__CFG_CLKOUTEN$OFF                       (abs)        00000
__CFG_CP$OFF                             (abs)        00000
__CFG_CPD$OFF                            (abs)        00000
__CFG_CSWEN$ON                           (abs)        00000
__CFG_DEBUG$OFF                          (abs)        00000
__CFG_FCMEN$ON                           (abs)        00000
__CFG_FEXTOSC$OFF                        (abs)        00000
__CFG_LPBOREN$OFF                        (abs)        00000
__CFG_LVP$ON                             (abs)        00000
__CFG_MCLRE$ON                           (abs)        00000
__CFG_PPS1WAY$ON                         (abs)        00000
__CFG_PWRTE$OFF                          (abs)        00000
__CFG_RSTOSC$HFINT1                      (abs)        00000
__CFG_STVREN$ON                          (abs)        00000
__CFG_WDTE$OFF                           (abs)        00000
__CFG_WRT$OFF                            (abs)        00000
__Habs1                                  abs1         00000
__Hbank0                                 bank0        00000
__Hbank1                                 bank1        00000
__Hbank10                                bank10       00000
__Hbank11                                bank11       00000
__Hbank12                                bank12       00000
__Hbank13                                bank13       00000
__Hbank14                                bank14       00000
__Hbank15                                bank15       00000
__Hbank16                                bank16       00000
__Hbank17                                bank17       00000
__Hbank18                                bank18       00000
__Hbank19                                bank19       00000
__Hbank2                                 bank2        00000
__Hbank20                                bank20       00000
__Hbank21                                bank21       00000
__Hbank22                                bank22       00000
__Hbank23                                bank23       00000
__Hbank24                                bank24       00000
__Hbank25                                bank25       00000
__Hbank26                                bank26       00000
__Hbank27                                bank27       00000
__Hbank28                                bank28       00000
__Hbank29                                bank29       00000
__Hbank3                                 bank3        00000
__Hbank30                                bank30       00000
__Hbank31                                bank31       00000
__Hbank4                                 bank4        00000
__Hbank5                                 bank5        00000
__Hbank6                                 bank6        00000
__Hbank7                                 bank7        00000
__Hbank8                                 bank8        00000
__Hbank9                                 bank9        00000
__Hbigram                                bigram       00000
__HbssBANK0                              bssBANK0     00000
__Hcinit                                 cinit        00800
__Hclrtext                               clrtext      00000
__Hcode                                  code         00000
__Hcommon                                common       00000
__Hconfig                                config       0800B
__HcstackBANK0                           cstackBANK0  00000
__HcstackCOMMON                          cstackCOMMON 00000
__HdataBANK0                             dataBANK0    00000
__Heeprom_data                           eeprom_data  00000
__Hend_init                              end_init     00002
__Hfunctab                               functab      00000
__HidataBANK0                            idataBANK0   00000
__Hidloc                                 idloc        00000
__Hinit                                  init         00001
__Hintentry                              intentry     00001
__Hmaintext                              maintext     00000
__Hpa_nodes0                             pa_nodes0    00000
__Hpowerup                               powerup      00000
__Hram                                   ram          00000
__Hreset_vec                             reset_vec    00001
__Hsfr0                                  sfr0         00000
__Hsfr1                                  sfr1         00000
__Hsfr10                                 sfr10        00000
__Hsfr11                                 sfr11        00000
__Hsfr12                                 sfr12        00000
__Hsfr13                                 sfr13        00000
__Hsfr14                                 sfr14        00000
__Hsfr15                                 sfr15        00000
__Hsfr16                                 sfr16        00000
__Hsfr17                                 sfr17        00000
__Hsfr18                                 sfr18        00000
__Hsfr19                                 sfr19        00000
__Hsfr2                                  sfr2         00000
__Hsfr20                                 sfr20        00000
__Hsfr21                                 sfr21        00000
__Hsfr22                                 sfr22        00000
__Hsfr23                                 sfr23        00000
__Hsfr24                                 sfr24        00000
__Hsfr25                                 sfr25        00000
__Hsfr26                                 sfr26        00000
__Hsfr27                                 sfr27        00000
__Hsfr28                                 sfr28        00000
__Hsfr29                                 sfr29        00000
__Hsfr3                                  sfr3         00000
__Hsfr30                                 sfr30        00000
__Hsfr31                                 sfr31        00000
__Hsfr4                                  sfr4         00000
__Hsfr5                                  sfr5         00000
__Hsfr6                                  sfr6         00000
__Hsfr7                                  sfr7         00000
__Hsfr8                                  sfr8         00000
__Hsfr9                                  sfr9         00000
__Hspace_0                               (abs)        0800B
__Hspace_1                               (abs)        0007E
__Hspace_2                               (abs)        00000
__Hspace_3                               (abs)        00000
__Hstack                                 stack        00000
__Hstrings                               strings      00000
__Hstringtext1                           stringtext1  00000
__Hstringtext2                           stringtext2  00000
__Hstringtext3                           stringtext3  00000
__Htext                                  text         00000
__Labs1                                  abs1         00000
__Lbank0                                 bank0        00000
__Lbank1                                 bank1        00000
__Lbank10                                bank10       00000
__Lbank11                                bank11       00000
__Lbank12                                bank12       00000
__Lbank13                                bank13       00000
__Lbank14                                bank14       00000
__Lbank15                                bank15       00000
__Lbank16                                bank16       00000
__Lbank17                                bank17       00000
__Lbank18                                bank18       00000
__Lbank19                                bank19       00000
__Lbank2                                 bank2        00000
__Lbank20                                bank20       00000
__Lbank21                                bank21       00000
__Lbank22                                bank22       00000
__Lbank23                                bank23       00000
__Lbank24                                bank24       00000
__Lbank25                                bank25       00000
__Lbank26                                bank26       00000
__Lbank27                                bank27       00000
__Lbank28                                bank28       00000
__Lbank29                                bank29       00000
__Lbank3                                 bank3        00000
__Lbank30                                bank30       00000
__Lbank31                                bank31       00000
__Lbank4                                 bank4        00000
__Lbank5                                 bank5        00000
__Lbank6                                 bank6        00000
__Lbank7                                 bank7        00000
__Lbank8                                 bank8        00000
__Lbank9                                 bank9        00000
__Lbigram                                bigram       00000
__LbssBANK0                              bssBANK0     00000
__Lcinit                                 cinit        007DC
__Lclrtext                               clrtext      00000
__Lcode                                  code         00000
__Lcommon                                common       00000
__Lconfig                                config       08007
__LcstackBANK0                           cstackBANK0  00000
__LcstackCOMMON                          cstackCOMMON 00000
__LdataBANK0                             dataBANK0    00000
__Leeprom_data                           eeprom_data  00000
__Lend_init                              end_init     00001
__Lfunctab                               functab      00000
__LidataBANK0                            idataBANK0   00000
__Lidloc                                 idloc        00000
__Linit                                  init         00001
__Lintentry                              intentry     00001
__Lmaintext                              maintext     00000
__Lpa_nodes0                             pa_nodes0    00000
__Lpowerup                               powerup      00000
__Lram                                   ram          00000
__Lreset_vec                             reset_vec    00000
__Lsfr0                                  sfr0         00000
__Lsfr1                                  sfr1         00000
__Lsfr10                                 sfr10        00000
__Lsfr11                                 sfr11        00000
__Lsfr12                                 sfr12        00000
__Lsfr13                                 sfr13        00000
__Lsfr14                                 sfr14        00000
__Lsfr15                                 sfr15        00000
__Lsfr16                                 sfr16        00000
__Lsfr17                                 sfr17        00000
__Lsfr18                                 sfr18        00000
__Lsfr19                                 sfr19        00000
__Lsfr2                                  sfr2         00000
__Lsfr20                                 sfr20        00000
__Lsfr21                                 sfr21        00000
__Lsfr22                                 sfr22        00000
__Lsfr23                                 sfr23        00000
__Lsfr24                                 sfr24        00000
__Lsfr25                                 sfr25        00000
__Lsfr26                                 sfr26        00000
__Lsfr27                                 sfr27        00000
__Lsfr28                                 sfr28        00000
__Lsfr29                                 sfr29        00000
__Lsfr3                                  sfr3         00000
__Lsfr30                                 sfr30        00000
__Lsfr31                                 sfr31        00000
__Lsfr4                                  sfr4         00000
__Lsfr5                                  sfr5         00000
__Lsfr6                                  sfr6         00000
__Lsfr7                                  sfr7         00000
__Lsfr8                                  sfr8         00000
__Lsfr9                                  sfr9         00000
__Lspace_0                               (abs)        00000
__Lspace_1                               (abs)        00000
__Lspace_2                               (abs)        00000
__Lspace_3                               (abs)        00000
__Lstack                                 stack        00000
__Lstrings                               strings      00000
__Lstringtext1                           stringtext1  00000
__Lstringtext2                           stringtext2  00000
__Lstringtext3                           stringtext3  00000
__Ltext                                  text         00000
__S0                                     (abs)        0800B
__S1                                     (abs)        0007E
__S2                                     (abs)        00000
__S3                                     (abs)        00000
___bmul                                  text50       001F8
___bmul@multiplicand                     cstackCOMMON 00070
___bmul@multiplier                       cstackCOMMON 00072
___bmul@product                          cstackCOMMON 00071
___int_sp                                stack        00000
___latbits                               (abs)        00000
___lwdiv                                 text56       00364
___lwdiv@counter                         cstackCOMMON 00076
___lwdiv@dividend                        cstackCOMMON 00072
___lwdiv@divisor                         cstackCOMMON 00070
___lwdiv@quotient                        cstackCOMMON 00074
___lwmod                                 text55       00322
___lwmod@counter                         cstackCOMMON 0007B
___lwmod@dividend                        cstackCOMMON 00079
___lwmod@divisor                         cstackCOMMON 00077
___sp                                    stack        00000
__end_ofPL32                             text46       00593
__end_ofPL34                             text48       004B5
__end_ofPL36                             text48       004C8
__end_ofPL38                             text54       007C9
__end_ofPL40                             text54       007D5
__end_ofPL42                             text40       00680
__end_ofPL44                             text21       00266
__end_ofPL46                             text40       00686
__end_ofPL48                             text54       007DC
__end_ofPL50                             text43       00322
__end_ofPL52                             text41       005D3
__end_ofPL54                             text15       00364
__end_ofPL56                             text41       005D9
__end_ofPL58                             text41       005DF
__end_ofPL60                             text42       00457
__end_ofPL62                             text37       0048E
__end_of_Button_Baseline_Initialize      text47       003FA
__end_of_Button_Baseline_Update          text46       00554
__end_of_Button_DefaultCallback          text45       0017F
__end_of_Button_Deviation_Update         text51       00752
__end_of_Button_Reading_Update           text48       0049C
__end_of_Button_Service                  text37       00489
__end_of_Button_State_Initializing       text41       005CD
__end_of_Button_State_NotPressed         text40       0067A
__end_of_Button_State_Pressed            text42       00451
__end_of_Button_Tick_helper              text15       0035E
__end_of_DisplayVal                      text53       00303
__end_of_EUSART_Initialize               text11       00210
__end_of_EUSART_Write                    text57       001AF
__end_of_MTOUCH_Button_Initialize        text43       0031C
__end_of_MTOUCH_Button_InitializeAll     text10       002C8
__end_of_MTOUCH_Button_ServiceAll        text36       001B7
__end_of_MTOUCH_Button_Tick              text14       00186
__end_of_MTOUCH_Button_isPressed         text52       00238
__end_of_MTOUCH_CVD_ScanA_0              text32       003AE
__end_of_MTOUCH_CVD_ScanB_0              text31       003D3
__end_of_MTOUCH_Delay                    text35       001A7
__end_of_MTOUCH_Initialize               text6        0018A
__end_of_MTOUCH_Random                   text34       001E3
__end_of_MTOUCH_Sensor_Calibrate         text44       00180
__end_of_MTOUCH_Sensor_Enable            text9        0022A
__end_of_MTOUCH_Sensor_Initialize        text8        002E4
__end_of_MTOUCH_Sensor_InitializeAll     text7        001BF
__end_of_MTOUCH_Sensor_RawSample_Get     text49       0029D
__end_of_MTOUCH_Sensor_SampleAll         text18       001D0
__end_of_MTOUCH_Sensor_Sampled_ResetAll  text16       00278
__end_of_MTOUCH_Sensor_Scan_Initialize   text33       00194
__end_of_MTOUCH_Sensor_isCalibrated      text39       00181
__end_of_MTOUCH_Sensor_wasSampled        text38       00246
__end_of_MTOUCH_Service_Mainloop         text12       0021D
__end_of_MTOUCH_Tick                     text13       00184
__end_of_OSCILLATOR_Initialize           text5        001D9
__end_of_PIN_MANAGER_Initialize          text4        0028A
__end_of_PMD_Initialize                  text3        001C7
__end_of_SYSTEM_Initialize               text1        0019A
__end_of_Sensor_Acq_ExecutePacket        text28       00506
__end_of_Sensor_Acq_ExecuteScan          text30       0062B
__end_of_Sensor_Acquisition              text23       0054A
__end_of_Sensor_DefaultCallback          text22       00183
__end_of_Sensor_RawSample_Update         text21       0025E
__end_of_Sensor_Sampled_Reset            text17       00000
__end_of_Sensor_Service                  text19       00422
__end_of_Sensor_isEnabled                text27       001F8
__end_of_Sensor_setActive                text26       00000
__end_of_Sensor_setInactive              text25       00000
__end_of_Sensor_setSampled               text20       00000
__end_of_Sensor_setScanFunction          text29       00182
__end_of_WDT_Initialize                  text2        0018E
__end_of___bmul                          text50       00204
__end_of___lwdiv                         text56       00389
__end_of___lwmod                         text55       00342
__end_of__initialization                 cinit        007FE
__end_of_abs                             text24       00254
__end_of_dpowers                         stringtext1  001ED
__end_of_main                            maintext     006E9
__end_of_mtouch_button_init              stringtext2  002AD
__end_of_sprintf                         text54       007BC
__initialization                         cinit        007DC
__pbssBANK0                              bssBANK0     0003F
__pcstackBANK0                           cstackBANK0  00020
__pcstackCOMMON                          cstackCOMMON 00070
__pdataBANK0                             dataBANK0    0005B
__pidataBANK0                            idataBANK0   00000
__pmaintext                              maintext     00686
__pstringtext1                           stringtext1  001E3
__pstringtext2                           stringtext2  0029D
__pstringtext3                           stringtext3  00000
__pswtext1                               swtext1      00004
__pswtext2                               swtext2      00002
__ptext1                                 text1        00194
__ptext10                                text10       002B0
__ptext11                                text11       00204
__ptext12                                text12       00210
__ptext13                                text13       00183
__ptext14                                text14       00184
__ptext15                                text15       00342
__ptext16                                text16       00266
__ptext17                                text17       00000
__ptext18                                text18       001C7
__ptext19                                text19       003FA
__ptext2                                 text2        0018A
__ptext20                                text20       00000
__ptext21                                text21       00254
__ptext22                                text22       00182
__ptext23                                text23       00506
__ptext24                                text24       00246
__ptext25                                text25       00000
__ptext26                                text26       00000
__ptext27                                text27       001ED
__ptext28                                text28       004C8
__ptext29                                text29       00181
__ptext3                                 text3        001BF
__ptext30                                text30       005DF
__ptext31                                text31       003AE
__ptext32                                text32       00389
__ptext33                                text33       0018E
__ptext34                                text34       001D9
__ptext35                                text35       001A0
__ptext36                                text36       001AF
__ptext37                                text37       00457
__ptext38                                text38       00238
__ptext39                                text39       00180
__ptext4                                 text4        00278
__ptext40                                text40       0062B
__ptext41                                text41       00593
__ptext42                                text42       00422
__ptext43                                text43       00303
__ptext44                                text44       0017F
__ptext45                                text45       0017E
__ptext46                                text46       0054A
__ptext47                                text47       003D3
__ptext48                                text48       0048E
__ptext49                                text49       0028A
__ptext5                                 text5        001D0
__ptext50                                text50       001F8
__ptext51                                text51       006E9
__ptext52                                text52       0022A
__ptext53                                text53       002E4
__ptext54                                text54       00752
__ptext55                                text55       00322
__ptext56                                text56       00364
__ptext57                                text57       001A7
__ptext6                                 text6        00186
__ptext7                                 text7        001B7
__ptext8                                 text8        002C8
__ptext9                                 text9        0021D
__size_of_Button_Baseline_Initialize     (abs)        00000
__size_of_Button_Baseline_Update         (abs)        00000
__size_of_Button_DefaultCallback         (abs)        00000
__size_of_Button_Deviation_Update        (abs)        00000
__size_of_Button_Reading_Update          (abs)        00000
__size_of_Button_Service                 (abs)        00000
__size_of_Button_State_Initializing      (abs)        00000
__size_of_Button_State_NotPressed        (abs)        00000
__size_of_Button_State_Pressed           (abs)        00000
__size_of_Button_Tick_helper             (abs)        00000
__size_of_DisplayVal                     (abs)        00000
__size_of_EUSART_Initialize              (abs)        00000
__size_of_EUSART_Write                   (abs)        00000
__size_of_MTOUCH_Button_Initialize       (abs)        00000
__size_of_MTOUCH_Button_InitializeAll    (abs)        00000
__size_of_MTOUCH_Button_ServiceAll       (abs)        00000
__size_of_MTOUCH_Button_Tick             (abs)        00000
__size_of_MTOUCH_Button_isPressed        (abs)        00000
__size_of_MTOUCH_CVD_ScanA_0             (abs)        00000
__size_of_MTOUCH_CVD_ScanB_0             (abs)        00000
__size_of_MTOUCH_Delay                   (abs)        00000
__size_of_MTOUCH_Initialize              (abs)        00000
__size_of_MTOUCH_Random                  (abs)        00000
__size_of_MTOUCH_Sensor_Calibrate        (abs)        00000
__size_of_MTOUCH_Sensor_Enable           (abs)        00000
__size_of_MTOUCH_Sensor_Initialize       (abs)        00000
__size_of_MTOUCH_Sensor_InitializeAll    (abs)        00000
__size_of_MTOUCH_Sensor_RawSample_Get    (abs)        00000
__size_of_MTOUCH_Sensor_SampleAll        (abs)        00000
__size_of_MTOUCH_Sensor_Sampled_ResetAll (abs)        00000
__size_of_MTOUCH_Sensor_Scan_Initialize  (abs)        00000
__size_of_MTOUCH_Sensor_isCalibrated     (abs)        00000
__size_of_MTOUCH_Sensor_wasSampled       (abs)        00000
__size_of_MTOUCH_Service_Mainloop        (abs)        00000
__size_of_MTOUCH_Tick                    (abs)        00000
__size_of_OSCILLATOR_Initialize          (abs)        00000
__size_of_PIN_MANAGER_Initialize         (abs)        00000
__size_of_PMD_Initialize                 (abs)        00000
__size_of_SYSTEM_Initialize              (abs)        00000
__size_of_Sensor_Acq_ExecutePacket       (abs)        00000
__size_of_Sensor_Acq_ExecuteScan         (abs)        00000
__size_of_Sensor_Acquisition             (abs)        00000
__size_of_Sensor_DefaultCallback         (abs)        00000
__size_of_Sensor_RawSample_Update        (abs)        00000
__size_of_Sensor_Sampled_Reset           (abs)        00000
__size_of_Sensor_Service                 (abs)        00000
__size_of_Sensor_isEnabled               (abs)        00000
__size_of_Sensor_setActive               (abs)        00000
__size_of_Sensor_setInactive             (abs)        00000
__size_of_Sensor_setSampled              (abs)        00000
__size_of_Sensor_setScanFunction         (abs)        00000
__size_of_WDT_Initialize                 (abs)        00000
__size_of___bmul                         (abs)        00000
__size_of___lwdiv                        (abs)        00000
__size_of___lwmod                        (abs)        00000
__size_of_abs                            (abs)        00000
__size_of_main                           (abs)        00000
__size_of_sprintf                        (abs)        00000
_abs                                     text24       00246
_bright                                  bssBANK0     0003F
_currentScannSensor                      bssBANK0     00047
_dpowers                                 stringtext1  001E3
_inlined$_Sensor_Sampled_Reset           (abs)        00001
_inlined$_Sensor_setActive               (abs)        00001
_inlined$_Sensor_setInactive             (abs)        00001
_inlined$_Sensor_setSampled              (abs)        00001
_main                                    maintext     00686
_mtouch_button                           bssBANK0     0004B
_mtouch_button_init                      stringtext2  0029D
_mtouch_sensor                           dataBANK0    00061
_mtouch_time_toScan                      bssBANK0     0004A
_myStatus                                bssBANK0     00043
_packet_counter                          bssBANK0     00046
_packet_sample                           bssBANK0     00041
_sample_delay                            bssBANK0     00045
_sensor_globalFlags                      bssBANK0     00048
_sprintf                                 text54       00752
_toggleLED                               bssBANK0     00044
abs@a                                    cstackCOMMON 00070
btemp                                    (abs)        0007E
clear_ram0                               clrtext      0019A
end_of_initialization                    cinit        007FE
intlevel0                                functab      00000
intlevel1                                functab      00000
intlevel2                                functab      00000
intlevel3                                functab      00000
intlevel4                                functab      00000
intlevel5                                functab      00000
main@data                                cstackBANK0  0003B
main@i                                   cstackBANK0  0003D
reset_vec                                reset_vec    00000
sprintf@ap                               cstackBANK0  00028
sprintf@c                                cstackBANK0  0002E
sprintf@f                                cstackBANK0  00020
sprintf@flag                             cstackBANK0  00029
sprintf@prec                             cstackBANK0  0002A
sprintf@sp                               cstackBANK0  0002D
sprintf@val                              cstackBANK0  0002B
stackhi                                  (abs)        020EF
stacklo                                  (abs)        0204A
start                                    init         00001
start_initialization                     cinit        007DC
wtemp0                                   (abs)        0007E


FUNCTION INFORMATION:

 *************** function _main *****************
 Defined at:
		line 70 in file "main.c"
 Parameters:    Size  Location     Type
		None
 Auto vars:     Size  Location     Type
  i               2   29[BANK0 ] int 
  data            2   27[BANK0 ] unsigned int 
 Return value:  Size  Location     Type
                  1    wreg      void 
 Registers used:
		wreg, fsr0l, fsr0h, fsr1l, fsr1h, status,2, status,0, pclath, cstack
 Tracked objects:
		On entry : 
		On exit  : 
		Unchanged: 
 Data sizes:     COMMON   BANK0   BANK1   BANK2
      Params:         0       0       0       0
      Locals:         0       4       0       0
      Temps:          0       1       0       0
      Totals:         0       5       0       0
Total ram usage:        5 bytes
 Hardware stack levels required when called:    7
 This function calls:
		_DisplayVal
		_MTOUCH_Button_isPressed
		_MTOUCH_Sensor_RawSample_Get
		_MTOUCH_Service_Mainloop
		_SYSTEM_Initialize
 This function is called by:
		Startup code after reset
 This function uses a non-reentrant model


 *************** function _SYSTEM_Initialize *****************
 Defined at:
		line 50 in file "mcc_generated_files/mcc.c"
 Parameters:    Size  Location     Type
		None
 Auto vars:     Size  Location     Type
		None
 Return value:  Size  Location     Type
                  1    wreg      void 
 Registers used:
		wreg, fsr0l, fsr0h, fsr1l, fsr1h, status,2, status,0, pclath, cstack
 Tracked objects:
		On entry : 
		On exit  : 
		Unchanged: 
 Data sizes:     COMMON   BANK0   BANK1   BANK2
      Params:         0       0       0       0
      Locals:         0       0       0       0
      Temps:          0       0       0       0
      Totals:         0       0       0       0
Total ram usage:        0 bytes
 Hardware stack levels used:    1
 Hardware stack levels required when called:    5
 This function calls:
		_EUSART_Initialize
		_MTOUCH_Initialize
		_OSCILLATOR_Initialize
		_PIN_MANAGER_Initialize
		_PMD_Initialize
		_WDT_Initialize
 This function is called by:
		_main
 This function uses a non-reentrant model


 *************** function _WDT_Initialize *****************
 Defined at:
		line 75 in file "mcc_generated_files/mcc.c"
 Parameters:    Size  Location     Type
		None
 Auto vars:     Size  Location     Type
		None
 Return value:  Size  Location     Type
                  1    wreg      void 
 Registers used:
		wreg
 Tracked objects:
		On entry : 
		On exit  : 
		Unchanged: 
 Data sizes:     COMMON   BANK0   BANK1   BANK2
      Params:         0       0       0       0
      Locals:         0       0       0       0
      Temps:          0       0       0       0
      Totals:         0       0       0       0
Total ram usage:        0 bytes
 Hardware stack levels used:    1
 This function calls:
		Nothing
 This function is called by:
		_SYSTEM_Initialize
 This function uses a non-reentrant model


 *************** function _PMD_Initialize *****************
 Defined at:
		line 81 in file "mcc_generated_files/mcc.c"
 Parameters:    Size  Location     Type
		None
 Auto vars:     Size  Location     Type
		None
 Return value:  Size  Location     Type
                  1    wreg      void 
 Registers used:
		status,2
 Tracked objects:
		On entry : 
		On exit  : 
		Unchanged: 
 Data sizes:     COMMON   BANK0   BANK1   BANK2
      Params:         0       0       0       0
      Locals:         0       0       0       0
      Temps:          0       0       0       0
      Totals:         0       0       0       0
Total ram usage:        0 bytes
 Hardware stack levels used:    1
 This function calls:
		Nothing
 This function is called by:
		_SYSTEM_Initialize
 This function uses a non-reentrant model


 *************** function _PIN_MANAGER_Initialize *****************
 Defined at:
		line 57 in file "mcc_generated_files/pin_manager.c"
 Parameters:    Size  Location     Type
		None
 Auto vars:     Size  Location     Type
		None
 Return value:  Size  Location     Type
                  1    wreg      void 
 Registers used:
		wreg, status,2, status,0
 Tracked objects:
		On entry : 
		On exit  : 
		Unchanged: 
 Data sizes:     COMMON   BANK0   BANK1   BANK2
      Params:         0       0       0       0
      Locals:         0       0       0       0
      Temps:          0       0       0       0
      Totals:         0       0       0       0
Total ram usage:        0 bytes
 Hardware stack levels used:    1
 This function calls:
		Nothing
 This function is called by:
		_SYSTEM_Initialize
 This function uses a non-reentrant model


 *************** function _OSCILLATOR_Initialize *****************
 Defined at:
		line 61 in file "mcc_generated_files/mcc.c"
 Parameters:    Size  Location     Type
		None
 Auto vars:     Size  Location     Type
		None
 Return value:  Size  Location     Type
                  1    wreg      void 
 Registers used:
		wreg, status,2
 Tracked objects:
		On entry : 
		On exit  : 
		Unchanged: 
 Data sizes:     COMMON   BANK0   BANK1   BANK2
      Params:         0       0       0       0
      Locals:         0       0       0       0
      Temps:          0       0       0       0
      Totals:         0       0       0       0
Total ram usage:        0 bytes
 Hardware stack levels used:    1
 This function calls:
		Nothing
 This function is called by:
		_SYSTEM_Initialize
 This function uses a non-reentrant model


 *************** function _MTOUCH_Initialize *****************
 Defined at:
		line 67 in file "mcc_generated_files/mtouch/mtouch.c"
 Parameters:    Size  Location     Type
		None
 Auto vars:     Size  Location     Type
		None
 Return value:  Size  Location     Type
                  1    wreg      void 
 Registers used:
		wreg, fsr0l, fsr0h, fsr1l, fsr1h, status,2, status,0, pclath, cstack
 Tracked objects:
		On entry : 
		On exit  : 
		Unchanged: 
 Data sizes:     COMMON   BANK0   BANK1   BANK2
      Params:         0       0       0       0
      Locals:         0       0       0       0
      Temps:          0       0       0       0
      Totals:         0       0       0       0
Total ram usage:        0 bytes
 Hardware stack levels used:    1
 Hardware stack levels required when called:    4
 This function calls:
		_MTOUCH_Button_InitializeAll
		_MTOUCH_Sensor_InitializeAll
		_MTOUCH_Sensor_Sampled_ResetAll
		_MTOUCH_Sensor_Scan_Initialize
 This function is called by:
		_SYSTEM_Initialize
 This function uses a non-reentrant model


 *************** function _MTOUCH_Sensor_InitializeAll *****************
 Defined at:
		line 166 in file "mcc_generated_files/mtouch/mtouch_sensor.c"
 Parameters:    Size  Location     Type
		None
 Auto vars:     Size  Location     Type
  sensor          1    5[COMMON] enum E5394
 Return value:  Size  Location     Type
                  1    wreg      void 
 Registers used:
		wreg, fsr0l, fsr0h, fsr1l, fsr1h, status,2, status,0, pclath, cstack
 Tracked objects:
		On entry : 
		On exit  : 
		Unchanged: 
 Data sizes:     COMMON   BANK0   BANK1   BANK2
      Params:         0       0       0       0
      Locals:         1       0       0       0
      Temps:          0       0       0       0
      Totals:         1       0       0       0
Total ram usage:        1 bytes
 Hardware stack levels used:    1
 Hardware stack levels required when called:    3
 This function calls:
		_MTOUCH_Sensor_Initialize
 This function is called by:
		_MTOUCH_Initialize
 This function uses a non-reentrant model


 *************** function _MTOUCH_Sensor_Initialize *****************
 Defined at:
		line 142 in file "mcc_generated_files/mtouch/mtouch_sensor.c"
 Parameters:    Size  Location     Type
  sensor          1    wreg     enum E5394
 Auto vars:     Size  Location     Type
  sensor          1    4[COMMON] enum E5394
 Return value:  Size  Location     Type
                  1    wreg      enum E5396
 Registers used:
		wreg, fsr0l, fsr0h, fsr1l, fsr1h, status,2, status,0, pclath, cstack
 Tracked objects:
		On entry : 
		On exit  : 
		Unchanged: 
 Data sizes:     COMMON   BANK0   BANK1   BANK2
      Params:         0       0       0       0
      Locals:         1       0       0       0
      Temps:          0       0       0       0
      Totals:         1       0       0       0
Total ram usage:        1 bytes
 Hardware stack levels used:    1
 Hardware stack levels required when called:    2
 This function calls:
		_MTOUCH_Sensor_Enable
		_Sensor_Sampled_Reset
		___bmul
 This function is called by:
		_MTOUCH_Sensor_InitializeAll
 This function uses a non-reentrant model


 *************** function _MTOUCH_Sensor_Enable *****************
 Defined at:
		line 454 in file "mcc_generated_files/mtouch/mtouch_sensor.c"
 Parameters:    Size  Location     Type
  sensor          1    wreg     enum E5394
 Auto vars:     Size  Location     Type
  sensor          1    3[COMMON] enum E5394
 Return value:  Size  Location     Type
                  1    wreg      void 
 Registers used:
		wreg, fsr1l, fsr1h, status,2, status,0, pclath, cstack
 Tracked objects:
		On entry : 
		On exit  : 
		Unchanged: 
 Data sizes:     COMMON   BANK0   BANK1   BANK2
      Params:         0       0       0       0
      Locals:         1       0       0       0
      Temps:          0       0       0       0
      Totals:         1       0       0       0
Total ram usage:        1 bytes
 Hardware stack levels used:    1
 Hardware stack levels required when called:    1
 This function calls:
		___bmul
 This function is called by:
		_MTOUCH_Sensor_Initialize
 This function uses a non-reentrant model


 *************** function _MTOUCH_Button_InitializeAll *****************
 Defined at:
		line 142 in file "mcc_generated_files/mtouch/mtouch_button.c"
 Parameters:    Size  Location     Type
		None
 Auto vars:     Size  Location     Type
  button          1    3[COMMON] enum E5405
 Return value:  Size  Location     Type
                  1    wreg      void 
 Registers used:
		wreg, fsr0l, fsr0h, fsr1l, fsr1h, status,2, status,0, pclath, cstack
 Tracked objects:
		On entry : 
		On exit  : 
		Unchanged: 
 Data sizes:     COMMON   BANK0   BANK1   BANK2
      Params:         0       0       0       0
      Locals:         1       0       0       0
      Temps:          1       0       0       0
      Totals:         2       0       0       0
Total ram usage:        2 bytes
 Hardware stack levels used:    1
 Hardware stack levels required when called:    2
 This function calls:
		_MTOUCH_Button_Initialize
 This function is called by:
		_MTOUCH_Initialize
 This function uses a non-reentrant model


 *************** function _EUSART_Initialize *****************
 Defined at:
		line 55 in file "mcc_generated_files/eusart.c"
 Parameters:    Size  Location     Type
		None
 Auto vars:     Size  Location     Type
		None
 Return value:  Size  Location     Type
                  1    wreg      void 
 Registers used:
		wreg
 Tracked objects:
		On entry : 
		On exit  : 
		Unchanged: 
 Data sizes:     COMMON   BANK0   BANK1   BANK2
      Params:         0       0       0       0
      Locals:         0       0       0       0
      Temps:          0       0       0       0
      Totals:         0       0       0       0
Total ram usage:        0 bytes
 Hardware stack levels used:    1
 This function calls:
		Nothing
 This function is called by:
		_SYSTEM_Initialize
 This function uses a non-reentrant model


 *************** function _MTOUCH_Service_Mainloop *****************
 Defined at:
		line 81 in file "mcc_generated_files/mtouch/mtouch.c"
 Parameters:    Size  Location     Type
		None
 Auto vars:     Size  Location     Type
		None
 Return value:  Size  Location     Type
                  1    wreg      unsigned char 
 Registers used:
		wreg, fsr0l, fsr0h, fsr1l, fsr1h, status,2, status,0, pclath, cstack
 Tracked objects:
		On entry : 
		On exit  : 
		Unchanged: 
 Data sizes:     COMMON   BANK0   BANK1   BANK2
      Params:         0       0       0       0
      Locals:         0       0       0       0
      Temps:          0       0       0       0
      Totals:         0       0       0       0
Total ram usage:        0 bytes
 Hardware stack levels used:    1
 Hardware stack levels required when called:    6
 This function calls:
		_MTOUCH_Button_ServiceAll
		_MTOUCH_Sensor_SampleAll
		_MTOUCH_Sensor_Sampled_ResetAll
		_MTOUCH_Tick
 This function is called by:
		_main
 This function uses a non-reentrant model


 *************** function _MTOUCH_Tick *****************
 Defined at:
		line 108 in file "mcc_generated_files/mtouch/mtouch.c"
 Parameters:    Size  Location     Type
		None
 Auto vars:     Size  Location     Type
		None
 Return value:  Size  Location     Type
                  1    wreg      void 
 Registers used:
		wreg, fsr1l, fsr1h, status,2, status,0, pclath, cstack
 Tracked objects:
		On entry : 
		On exit  : 
		Unchanged: 
 Data sizes:     COMMON   BANK0   BANK1   BANK2
      Params:         0       0       0       0
      Locals:         0       0       0       0
      Temps:          0       0       0       0
      Totals:         0       0       0       0
Total ram usage:        0 bytes
 Hardware stack levels used:    1
 Hardware stack levels required when called:    2
 This function calls:
		_MTOUCH_Button_Tick
 This function is called by:
		_MTOUCH_Service_Mainloop
 This function uses a non-reentrant model


 *************** function _MTOUCH_Button_Tick *****************
 Defined at:
		line 264 in file "mcc_generated_files/mtouch/mtouch_button.c"
 Parameters:    Size  Location     Type
		None
 Auto vars:     Size  Location     Type
		None
 Return value:  Size  Location     Type
                  1    wreg      void 
 Registers used:
		wreg, fsr1l, fsr1h, status,2, status,0, pclath, cstack
 Tracked objects:
		On entry : 
		On exit  : 
		Unchanged: 
 Data sizes:     COMMON   BANK0   BANK1   BANK2
      Params:         0       0       0       0
      Locals:         0       0       0       0
      Temps:          0       0       0       0
      Totals:         0       0       0       0
Total ram usage:        0 bytes
 Hardware stack levels used:    1
 Hardware stack levels required when called:    1
 This function calls:
		_Button_Tick_helper
 This function is called by:
		_MTOUCH_Tick
 This function uses a non-reentrant model


 *************** function _Button_Tick_helper *****************
 Defined at:
		line 268 in file "mcc_generated_files/mtouch/mtouch_button.c"
 Parameters:    Size  Location     Type
  button          1    wreg     PTR struct .
		 -> mtouch_button(16), 
 Auto vars:     Size  Location     Type
  button          1    2[COMMON] PTR struct .
		 -> mtouch_button(16), 
 Return value:  Size  Location     Type
                  1    wreg      void 
 Registers used:
		wreg, fsr1l, fsr1h, status,2, status,0
 Tracked objects:
		On entry : 
		On exit  : 
		Unchanged: 
 Data sizes:     COMMON   BANK0   BANK1   BANK2
      Params:         0       0       0       0
      Locals:         1       0       0       0
      Temps:          2       0       0       0
      Totals:         3       0       0       0
Total ram usage:        3 bytes
 Hardware stack levels used:    1
 This function calls:
		Nothing
 This function is called by:
		_MTOUCH_Button_Tick
 This function uses a non-reentrant model


 *************** function _MTOUCH_Sensor_Sampled_ResetAll *****************
 Defined at:
[...]
                  1    wreg      void 
 Registers used:
		wreg
 Tracked objects:
		On entry : 
		On exit  : 
		Unchanged: 
 Data sizes:     COMMON   BANK0   BANK1   BANK2
      Params:         0       0       0       0
      Locals:         0       0       0       0
      Temps:          0       0       0       0
      Totals:         0       0       0       0
Total ram usage:        0 bytes
 Hardware stack levels used:    1
 This function calls:
		Nothing
 This function is called by:
		_MTOUCH_Button_Initialize
 This function uses a non-reentrant model


 *************** function _Button_DefaultCallback *****************
 Defined at:
		line 458 in file "mcc_generated_files/mtouch/mtouch_button.c"
 Parameters:    Size  Location     Type
  button          1    0[COMMON] enum E5405
 Auto vars:     Size  Location     Type
		None
 Return value:  Size  Location     Type
                  1    wreg      void 
 Registers used:
		None
 Tracked objects:
		On entry : 
		On exit  : 
		Unchanged: 
 Data sizes:     COMMON   BANK0   BANK1   BANK2
      Params:         1       0       0       0
      Locals:         0       0       0       0
      Temps:          0       0       0       0
      Totals:         1       0       0       0
Total ram usage:        1 bytes
 Hardware stack levels used:    1
 This function calls:
		Nothing
 This function is called by:
		_Button_State_NotPressed
		_Button_State_Pressed
 This function uses a non-reentrant model


 *************** function _Button_Baseline_Update *****************
 Defined at:
		line 416 in file "mcc_generated_files/mtouch/mtouch_button.c"
 Parameters:    Size  Location     Type
  button          1    wreg     PTR struct .
		 -> mtouch_button(16), 
 Auto vars:     Size  Location     Type
  button          1    6[COMMON] PTR struct .
		 -> mtouch_button(16), 
 Return value:  Size  Location     Type
                  1    wreg      void 
 Registers used:
		wreg, fsr1l, fsr1h, status,2, status,0
 Tracked objects:
		On entry : 
		On exit  : 
		Unchanged: 
 Data sizes:     COMMON   BANK0   BANK1   BANK2
      Params:         0       0       0       0
      Locals:         1       0       0       0
      Temps:          6       0       0       0
      Totals:         7       0       0       0
Total ram usage:        7 bytes
 Hardware stack levels used:    1
 This function calls:
		Nothing
 This function is called by:
		_Button_State_Initializing
		_Button_State_NotPressed
 This function uses a non-reentrant model


 *************** function _Button_Baseline_Initialize *****************
 Defined at:
		line 410 in file "mcc_generated_files/mtouch/mtouch_button.c"
 Parameters:    Size  Location     Type
  button          1    wreg     PTR struct .
		 -> mtouch_button(16), 
 Auto vars:     Size  Location     Type
  button          1   11[COMMON] PTR struct .
		 -> mtouch_button(16), 
 Return value:  Size  Location     Type
                  1    wreg      void 
 Registers used:
		wreg, fsr1l, fsr1h, status,2, status,0, pclath, cstack
 Tracked objects:
		On entry : 
		On exit  : 
		Unchanged: 
 Data sizes:     COMMON   BANK0   BANK1   BANK2
      Params:         0       0       0       0
      Locals:         1       0       0       0
      Temps:          4       0       0       0
      Totals:         5       0       0       0
Total ram usage:        5 bytes
 Hardware stack levels used:    1
 Hardware stack levels required when called:    2
 This function calls:
		_MTOUCH_Sensor_RawSample_Get
 This function is called by:
		_Button_State_Initializing
 This function uses a non-reentrant model


 *************** function _Button_Reading_Update *****************
 Defined at:
		line 394 in file "mcc_generated_files/mtouch/mtouch_button.c"
 Parameters:    Size  Location     Type
  button          1    wreg     PTR struct .
		 -> mtouch_button(16), 
 Auto vars:     Size  Location     Type
  button          1    9[COMMON] PTR struct .
		 -> mtouch_button(16), 
 Return value:  Size  Location     Type
                  1    wreg      void 
 Registers used:
		wreg, fsr1l, fsr1h, status,2, status,0, pclath, cstack
 Tracked objects:
		On entry : 
		On exit  : 
		Unchanged: 
 Data sizes:     COMMON   BANK0   BANK1   BANK2
      Params:         0       0       0       0
      Locals:         1       0       0       0
      Temps:          2       0       0       0
      Totals:         3       0       0       0
Total ram usage:        3 bytes
 Hardware stack levels used:    1
 Hardware stack levels required when called:    2
 This function calls:
		_MTOUCH_Sensor_RawSample_Get
 This function is called by:
		_Button_Service
 This function uses a non-reentrant model


 *************** function _MTOUCH_Sensor_RawSample_Get *****************
 Defined at:
		line 393 in file "mcc_generated_files/mtouch/mtouch_sensor.c"
 Parameters:    Size  Location     Type
  name            1    wreg     enum E5394
 Auto vars:     Size  Location     Type
  name            1    6[COMMON] enum E5394
 Return value:  Size  Location     Type
                  2    3[COMMON] unsigned int 
 Registers used:
		wreg, fsr1l, fsr1h, status,2, status,0, pclath, cstack
 Tracked objects:
		On entry : 
		On exit  : 
		Unchanged: 
 Data sizes:     COMMON   BANK0   BANK1   BANK2
      Params:         3       0       0       0
      Locals:         1       0       0       0
      Temps:          0       0       0       0
      Totals:         4       0       0       0
Total ram usage:        4 bytes
 Hardware stack levels used:    1
 Hardware stack levels required when called:    1
 This function calls:
		___bmul
 This function is called by:
		_Button_Reading_Update
		_Button_Baseline_Initialize
		_main
 This function uses a non-reentrant model


 *************** function ___bmul *****************
 Defined at:
		line 4 in file "/Applications/microchip/xc8/v1.45/sources/common/Umul8.c"
 Parameters:    Size  Location     Type
  multiplier      1    wreg     unsigned char 
  multiplicand    1    0[COMMON] unsigned char 
 Auto vars:     Size  Location     Type
  multiplier      1    2[COMMON] unsigned char 
  product         1    1[COMMON] unsigned char 
 Return value:  Size  Location     Type
                  1    wreg      unsigned char 
 Registers used:
		wreg, status,2, status,0
 Tracked objects:
		On entry : 
		On exit  : 
		Unchanged: 
 Data sizes:     COMMON   BANK0   BANK1   BANK2
      Params:         1       0       0       0
      Locals:         2       0       0       0
      Temps:          0       0       0       0
      Totals:         3       0       0       0
Total ram usage:        3 bytes
 Hardware stack levels used:    1
 This function calls:
		Nothing
 This function is called by:
		_MTOUCH_Sensor_Initialize
		_Sensor_Service
		_Sensor_Acq_ExecuteScan
		_MTOUCH_Sensor_RawSample_Get
		_MTOUCH_Sensor_Enable
		_MTOUCH_Sensor_wasSampled
 This function uses a non-reentrant model


 *************** function _Button_Deviation_Update *****************
 Defined at:
		line 345 in file "mcc_generated_files/mtouch/mtouch_button.c"
 Parameters:    Size  Location     Type
  button          1    wreg     PTR struct .
		 -> mtouch_button(16), 
 Auto vars:     Size  Location     Type
  button          1    4[BANK0 ] PTR struct .
		 -> mtouch_button(16), 
  deviation       4    0[BANK0 ] long 
 Return value:  Size  Location     Type
                  1    wreg      void 
 Registers used:
		wreg, fsr1l, fsr1h, status,2, status,0
 Tracked objects:
		On entry : 
		On exit  : 
		Unchanged: 
 Data sizes:     COMMON   BANK0   BANK1   BANK2
      Params:         0       0       0       0
      Locals:         0       5       0       0
      Temps:         10       0       0       0
      Totals:        10       5       0       0
Total ram usage:       15 bytes
 Hardware stack levels used:    1
 This function calls:
		Nothing
 This function is called by:
		_Button_Service
 This function uses a non-reentrant model


 *************** function _MTOUCH_Button_isPressed *****************
 Defined at:
		line 321 in file "mcc_generated_files/mtouch/mtouch_button.c"
 Parameters:    Size  Location     Type
  name            1    wreg     enum E5405
 Auto vars:     Size  Location     Type
  name            1    0[COMMON] enum E5405
 Return value:  Size  Location     Type
                  1    wreg      unsigned char 
 Registers used:
		wreg, fsr1l, fsr1h, status,2, status,0
 Tracked objects:
		On entry : 
		On exit  : 
		Unchanged: 
 Data sizes:     COMMON   BANK0   BANK1   BANK2
      Params:         0       0       0       0
      Locals:         1       0       0       0
      Temps:          0       0       0       0
      Totals:         1       0       0       0
Total ram usage:        1 bytes
 Hardware stack levels used:    1
 This function calls:
		Nothing
 This function is called by:
		_main
 This function uses a non-reentrant model


 *************** function _DisplayVal *****************
 Defined at:
		line 54 in file "main.c"
 Parameters:    Size  Location     Type
  val             2   12[COMMON] int 
 Auto vars:     Size  Location     Type
  valStr         10   15[BANK0 ] unsigned char [10]
  str             1   25[BANK0 ] PTR unsigned char 
		 -> DisplayVal@valStr(10), 
 Return value:  Size  Location     Type
                  1    wreg      void 
 Registers used:
		wreg, fsr0l, fsr0h, fsr1l, fsr1h, status,2, status,0, pclath, cstack
 Tracked objects:
		On entry : 
		On exit  : 
		Unchanged: 
 Data sizes:     COMMON   BANK0   BANK1   BANK2
      Params:         2       0       0       0
      Locals:         0      11       0       0
      Temps:          0       0       0       0
      Totals:         2      11       0       0
Total ram usage:       13 bytes
 Hardware stack levels used:    1
 Hardware stack levels required when called:    2
 This function calls:
		_EUSART_Write
		_sprintf
 This function is called by:
		_main
 This function uses a non-reentrant model


 *************** function _sprintf *****************
 Defined at:
		line 492 in file "/Applications/microchip/xc8/v1.45/sources/common/doprnt.c"
 Parameters:    Size  Location     Type
  sp              1    wreg     PTR unsigned char 
		 -> DisplayVal@valStr(10), 
  f               2    0[BANK0 ] PTR const unsigned char 
		 -> STR_1(3), 
 Auto vars:     Size  Location     Type
  sp              1   13[BANK0 ] PTR unsigned char 
		 -> DisplayVal@valStr(10), 
  tmpval          4    0        struct .
  val             2   11[BANK0 ] unsigned int 
  cp              2    0        PTR const unsigned char 
  len             2    0        unsigned int 
  c               1   14[BANK0 ] char 
  prec            1   10[BANK0 ] char 
  flag            1    9[BANK0 ] unsigned char 
  ap              1    8[BANK0 ] PTR void [1]
		 -> ?_sprintf(2), 
 Return value:  Size  Location     Type
                  2    0[BANK0 ] int 
 Registers used:
		wreg, fsr0l, fsr0h, fsr1l, fsr1h, status,2, status,0, pclath, cstack
 Tracked objects:
		On entry : 
		On exit  : 
		Unchanged: 
 Data sizes:     COMMON   BANK0   BANK1   BANK2
      Params:         0       4       0       0
      Locals:         0       7       0       0
      Temps:          0       4       0       0
      Totals:         0      15       0       0
Total ram usage:       15 bytes
 Hardware stack levels used:    1
 Hardware stack levels required when called:    1
 This function calls:
		___lwdiv
		___lwmod
 This function is called by:
		_DisplayVal
 This function uses a non-reentrant model


 *************** function ___lwmod *****************
 Defined at:
		line 6 in file "/Applications/microchip/xc8/v1.45/sources/common/lwmod.c"
 Parameters:    Size  Location     Type
  divisor         2    7[COMMON] unsigned int 
  dividend        2    9[COMMON] unsigned int 
 Auto vars:     Size  Location     Type
  counter         1   11[COMMON] unsigned char 
 Return value:  Size  Location     Type
                  2    7[COMMON] unsigned int 
 Registers used:
		wreg, status,2, status,0
 Tracked objects:
		On entry : 
		On exit  : 
		Unchanged: 
 Data sizes:     COMMON   BANK0   BANK1   BANK2
      Params:         4       0       0       0
      Locals:         1       0       0       0
      Temps:          0       0       0       0
      Totals:         5       0       0       0
Total ram usage:        5 bytes
 Hardware stack levels used:    1
 This function calls:
		Nothing
 This function is called by:
		_sprintf
 This function uses a non-reentrant model


 *************** function ___lwdiv *****************
 Defined at:
		line 6 in file "/Applications/microchip/xc8/v1.45/sources/common/lwdiv.c"
 Parameters:    Size  Location     Type
  divisor         2    0[COMMON] unsigned int 
  dividend        2    2[COMMON] unsigned int 
 Auto vars:     Size  Location     Type
  quotient        2    4[COMMON] unsigned int 
  counter         1    6[COMMON] unsigned char 
 Return value:  Size  Location     Type
                  2    0[COMMON] unsigned int 
 Registers used:
		wreg, status,2, status,0
 Tracked objects:
		On entry : 
		On exit  : 
		Unchanged: 
 Data sizes:     COMMON   BANK0   BANK1   BANK2
      Params:         4       0       0       0
      Locals:         3       0       0       0
      Temps:          0       0       0       0
      Totals:         7       0       0       0
Total ram usage:        7 bytes
 Hardware stack levels used:    1
 This function calls:
		Nothing
 This function is called by:
		_sprintf
 This function uses a non-reentrant model


 *************** function _EUSART_Write *****************
 Defined at:
		line 112 in file "mcc_generated_files/eusart.c"
 Parameters:    Size  Location     Type
  txData          1    wreg     unsigned char 
 Auto vars:     Size  Location     Type
  txData          1    0[COMMON] unsigned char 
 Return value:  Size  Location     Type
                  1    wreg      void 
 Registers used:
		wreg
 Tracked objects:
		On entry : 
		On exit  : 
		Unchanged: 
 Data sizes:     COMMON   BANK0   BANK1   BANK2
      Params:         0       0       0       0
      Locals:         1       0       0       0
      Temps:          0       0       0       0
      Totals:         1       0       0       0
Total ram usage:        1 bytes
 Hardware stack levels used:    1
 This function calls:
		Nothing
 This function is called by:
		_DisplayVal
 This function uses a non-reentrant model



MODULE INFORMATION

Module		Function		Class		Link	Load	Size
mcc_generated_files/mtouch/mtouch_button.c
		_Button_Deviation_Update		CODE           	06E9	0000	106
		_MTOUCH_Button_isPressed		CODE           	022A	0000	15
		_MTOUCH_Button_Initialize		CODE           	0303	0000	26
		_Button_Tick_helper		CODE           	0342	0000	29
		_MTOUCH_Button_InitializeAll		CODE           	02B0	0000	25
		_Button_Baseline_Update		CODE           	054A	0000	11
		_Button_State_Pressed		CODE           	0422	0000	48
		_Button_Reading_Update		CODE           	048E	0000	15
		_Button_DefaultCallback		CODE           	017E	0000	2
		_MTOUCH_Button_Tick		CODE           	0184	0000	3
		_Button_State_NotPressed		CODE           	062B	0000	80
		_Button_Service		CODE           	0457	0000	51
		_Button_State_Initializing		CODE           	0593	0000	59
		_MTOUCH_Button_ServiceAll		CODE           	01AF	0000	9
		_Button_Baseline_Initialize		CODE           	03D3	0000	40

mcc_generated_files/mtouch/mtouch_button.c estimated size: 519

/Applications/microchip/xc8/v1.45/sources/common/lwmod.c
		___lwmod       		CODE           	0322	0000	33

/Applications/microchip/xc8/v1.45/sources/common/lwmod.c estimated size: 33

/Applications/microchip/xc8/v1.45/sources/common/abs.c
		_abs           		CODE           	0246	0000	15

/Applications/microchip/xc8/v1.45/sources/common/abs.c estimated size: 15

/Applications/microchip/xc8/v1.45/sources/common/doprnt.c
		_sprintf       		CODE           	0752	0000	107

/Applications/microchip/xc8/v1.45/sources/common/doprnt.c estimated size: 107

mcc_generated_files/mtouch/mtouch.c
		_MTOUCH_Tick   		CODE           	0183	0000	2
		_MTOUCH_Initialize		CODE           	0186	0000	5
		_MTOUCH_Service_Mainloop		CODE           	0210	0000	14

mcc_generated_files/mtouch/mtouch.c estimated size: 21

mcc_generated_files/pin_manager.c
		_PIN_MANAGER_Initialize		CODE           	0278	0000	19

mcc_generated_files/pin_manager.c estimated size: 19

mcc_generated_files/mtouch/mtouch_sensor_scan.c
		_MTOUCH_CVD_ScanA_0		CODE           	0389	0000	38
		_MTOUCH_CVD_ScanB_0		CODE           	03AE	0000	38

mcc_generated_files/mtouch/mtouch_sensor_scan.c estimated size: 76

/Applications/microchip/xc8/v1.45/sources/common/lwdiv.c
		___lwdiv       		CODE           	0364	0000	38

/Applications/microchip/xc8/v1.45/sources/common/lwdiv.c estimated size: 38

/Applications/microchip/xc8/v1.45/sources/common/Umul8.c
		___bmul        		CODE           	01F8	0000	13

/Applications/microchip/xc8/v1.45/sources/common/Umul8.c estimated size: 13

shared
		PL50           		CODE           	031C	0000	7
		PL60           		CODE           	0451	0000	7
		PL32           		CODE           	0554	0000	64
		PL42           		CODE           	067A	0000	7
		PL52           		CODE           	05CD	0000	7
		PL62           		CODE           	0489	0000	6
		PL34           		CODE           	049C	0000	26
		PL44           		CODE           	025E	0000	9
		PL54           		CODE           	035E	0000	7
		PL36           		CODE           	04B5	0000	20
		PL46           		CODE           	0680	0000	7
		_dpowers       		STRCODE        	01E3	0000	11
		PL56           		CODE           	05D3	0000	7
		PL38           		CODE           	07BC	0000	14
		PL48           		CODE           	07D5	0000	8
		PL58           		CODE           	05D9	0000	7
		__initialization		CODE           	07DC	0000	35
		_mtouch_button_init		STRCODE        	029D	0000	17
		PL40           		CODE           	07C9	0000	13

shared estimated size: 279

mcc_generated_files/mcc.c
		_WDT_Initialize		CODE           	018A	0000	5
		_PMD_Initialize		CODE           	01BF	0000	9
		_OSCILLATOR_Initialize		CODE           	01D0	0000	10
		_SYSTEM_Initialize		CODE           	0194	0000	7

mcc_generated_files/mcc.c estimated size: 31

mcc_generated_files/eusart.c
		_EUSART_Write  		CODE           	01A7	0000	9
		_EUSART_Initialize		CODE           	0204	0000	13

mcc_generated_files/eusart.c estimated size: 22

main.c
		_main          		CODE           	0686	0000	100
		_DisplayVal    		CODE           	02E4	0000	32

main.c estimated size: 132

mcc_generated_files/mtouch/mtouch_random.c
		_MTOUCH_Random 		CODE           	01D9	0000	11

mcc_generated_files/mtouch/mtouch_random.c estimated size: 11

mcc_generated_files/mtouch/mtouch_sensor.c
		_Sensor_Acq_ExecutePacket		CODE           	04C8	0000	63
		_MTOUCH_Delay  		CODE           	01A0	0000	8
		_Sensor_Acquisition		CODE           	0506	0000	69
		_MTOUCH_Sensor_Initialize		CODE           	02C8	0000	29
		_Sensor_Sampled_Reset		CODE           	0000	0000	1
		_MTOUCH_Sensor_InitializeAll		CODE           	01B7	0000	9
		_Sensor_DefaultCallback		CODE           	0182	0000	2
		_Sensor_isEnabled		CODE           	01ED	0000	12
		_MTOUCH_Sensor_isCalibrated		CODE           	0180	0000	2
		_MTOUCH_Sensor_Calibrate		CODE           	017F	0000	2
		_MTOUCH_Sensor_Sampled_ResetAll		CODE           	0266	0000	19
		_Sensor_setActive		CODE           	0000	0000	1
		_MTOUCH_Sensor_Enable		CODE           	021D	0000	14
		_Sensor_Acq_ExecuteScan		CODE           	05DF	0000	77
		_Sensor_setSampled		CODE           	0000	0000	1
		_MTOUCH_Sensor_RawSample_Get		CODE           	028A	0000	20
		_MTOUCH_Sensor_SampleAll		CODE           	01C7	0000	10
		_MTOUCH_Sensor_wasSampled		CODE           	0238	0000	15
		_Sensor_Service		CODE           	03FA	0000	41
		_Sensor_setScanFunction		CODE           	0181	0000	2
		_MTOUCH_Sensor_Scan_Initialize		CODE           	018E	0000	7
		_Sensor_RawSample_Update		CODE           	0254	0000	11
		_Sensor_setInactive		CODE           	0000	0000	1

mcc_generated_files/mtouch/mtouch_sensor.c estimated size: 416

