Microchip MPLAB XC8 Compiler V1.45 ()

Linker command line:

-W-3 --edf=/Applications/microchip/xc8/v1.45/dat/en_msgs.txt -cs \
  -h+dist/free/production/mt16F18313.X_2.production.sym \
  --cmf=dist/free/production/mt16F18313.X_2.production.cmf -z -w9 \
  --disl=596:off --norlf -Q16F18313 -o/tmp/xcsJSuHb2 \
  -Mdist/free/production/mt16F18313.X_2.production.map -E1 -ver=XC8 \
  -ACODE=00h-07FFh -ASTRCODE=00h-07FFh -ASTRING=00h-0FFhx8 \
  -ACONST=00h-0FFhx8 -AENTRY=00h-0FFhx8 -ACOMMON=070h-07Fh \
  -ABANK0=020h-06Fh -ABANK1=0A0h-0EFh -ABANK2=0120h-016Fh \
  -ABIGRAM=02000h-020EFh -ARAM=020h-06Fh,0A0h-0EFh,0120h-016Fh \
  -AABS1=020h-07Fh,0A0h-0EFh,0120h-016Fh -ASFR0=00h-01Fh -ASFR1=080h-09Fh \
  -ASFR2=0100h-011Fh -ASFR3=0180h-01EFh -ASFR4=0200h-026Fh \
  -ASFR5=0280h-02EFh -ASFR6=0300h-036Fh -ASFR7=0380h-03EFh \
  -ASFR8=0400h-046Fh -ASFR9=0480h-04EFh -ASFR10=0500h-056Fh \
  -ASFR11=0580h-05EFh -ASFR12=0600h-066Fh -ASFR13=0680h-06EFh \
  -ASFR14=0700h-076Fh -ASFR15=0780h-07EFh -ASFR16=0800h-086Fh \
  -ASFR17=0880h-08EFh -ASFR18=0900h-096Fh -ASFR19=0980h-09EFh \
  -ASFR20=0A00h-0A6Fh -ASFR21=0A80h-0AEFh -ASFR22=0B00h-0B6Fh \
  -ASFR23=0B80h-0BEFh -ASFR24=0C00h-0C6Fh -ASFR25=0C80h-0CEFh \
  -ASFR26=0D00h-0D6Fh -ASFR27=0D80h-0DEFh -ASFR28=0E00h-0E6Fh \
  -ASFR29=0E80h-0EEFh -ASFR30=0F00h-0F6Fh -ASFR31=0F80h-0FEFh \
  -preset_vec=00h,intentry,init,end_init -ppowerup=CODE -pcinit=CODE \
  -pfunctab=ENTRY -ACONFIG=08007h-0800Ah -pconfig=CONFIG -DCONFIG=2 \
  -AIDLOC=08000h-08003h -pidloc=IDLOC -DIDLOC=2 -AEEDATA=00h-0FFh/0F000h \
  -peeprom_data=EEDATA -DEEDATA=2 -DCODE=2 -DSTRCODE=2 -DSTRING=2 -DCONST=2 \
  -DENTRY=2 -k /tmp/xcb7Ll9TB.obj \
  dist/free/production/mt16F18313.X_2.production.obj 

Object code version is 3.11

Machine type is 16F18313



                Name                               Link     Load   Length Selector   Space Scale
/tmp/xcb7Ll9TB.obj
                end_init                              1        1        2        0       0
                reset_vec                             0        0        1        0       0
dist/free/production/mt16F18313.X_2.production.obj
                cinit                               7E8      7E8       18      FD0       0
                text57                                0        0        8        0       0
                text56                              258      258       34      4B0       0
                text55                              1FC      1FC       2C      3F8       0
                text54                              71F      71F       C9      E3E       0
                text53                              1AC      1AC       28      358       0
                text52                               F0       F0       1A      1E0       0
                text51                              691      691       8E      D22       0
                text50                               15       15       11       2A       0
                text49                               92       92       16      124       0
                text48                              4AF      4AF       61      95E       0
                text47                              1D4      1D4       28      3A8       0
                text46                              60A      60A       87      C14       0
                text45                                8        8        1        0       0
                text44                                9        9        1        0       0
                text43                              228      228       30      450       0
                text42                              354      354       4E      6A8       0
                text41                              3A2      3A2       57      744       0
                text40                              584      584       86      B08       0
                text39                                A        A        2        0       0
                text38                               6C       6C       13       D8       0
                text37                              2C2      2C2       46      584       0
                text36                                C        C        D        0       0
                text35                               19       19        B        0       0
                text34                               26       26       11       4C       0
                text33                               24       24        6        0       0
                text32                              162      162       25      2C4       0
                text31                              187      187       25      30E       0
                swtext2                              2A       2A        2        0       0
                swtext1                              2C       2C        1        0       0
                text30                              451      451       5E      8A2       0
                text29                               48       48       12       90       0
                text28                              3F9      3F9       58      7F2       0
                text27                               2D       2D        D        0       0
                text26                               3A       3A        7        0       0
                text25                               41       41        7        0       0
                text24                               48       48        E        0       0
                text23                              308      308       4C      610       0
                text22                               56       56        1        0       0
                text21                               BE       BE       19      17C       0
                text20                               57       57        7        0       0
                text19                              28C      28C       36      518       0
                text18                               A8       A8       16      150       0
                text17                               5E       5E        7        0       0
                text16                               37       37       11       6E       0
                text15                              13F      13F       23      27E       0
                text14                               65       65        3        0       0
                text13                                3        3        2        0       0
                text12                               68       68       10        0       0
                text11                               78       78        C        0       0
                text10                              124      124       1B      248       0
                text9                                 5        5       10        A       0
                text8                               10A      10A       1A      214       0
                text7                                84       84        B        0       0
                text6                                8F       8F        5        0       0
                text5                                94       94        9        0       0
                text4                                5A       5A       12       B4       0
                text3                                9D       9D        8        0       0
                text2                                A5       A5        4        0       0
                text1                                A9       A9        7        0       0
                maintext                            510      510       74      A20       0
                cstackBANK0                          20       20       22       20       1
                cstackCOMMON                         70       70        E       70       1
                clrtext                              B0       B0        6        0       0
                inittext                             B6       B6        6        0       0
                bssBANK1                             A0       A0       10       A0       1
                dataBANK0                            42       42       19       20       1
                bssBANK0                             5B       5B        C       20       1
                stringtext2                          7F       7F       13       FE       0
                stringtext1                          BC       BC        A        0       0
                idataBANK0                           D7       D7       19      1AE       0

TOTAL           Name                               Link     Load   Length     Space
        CLASS   CODE           
                end_init                              1        1        2         0
                cinit                               7E8      7E8       18         0
                reset_vec                             0        0        1         0
                text57                                0        0        8         0
                text56                              258      258       34         0
                text55                              1FC      1FC       2C         0
                text54                              71F      71F       C9         0
                text53                              1AC      1AC       28         0
                text52                               F0       F0       1A         0
                text51                              691      691       8E         0
                text50                               15       15       11         0
                text49                               92       92       16         0
                text48                              4AF      4AF       61         0
                text47                              1D4      1D4       28         0
                text46                              60A      60A       87         0
                text45                                8        8        1         0
                text44                                9        9        1         0
                text43                              228      228       30         0
                text42                              354      354       4E         0
                text41                              3A2      3A2       57         0
                text40                              584      584       86         0
                text39                                A        A        2         0
                text38                               6C       6C       13         0
                text37                              2C2      2C2       46         0
                text36                                C        C        D         0
                text35                               19       19        B         0
                text34                               26       26       11         0
                text33                               24       24        6         0
                text32                              162      162       25         0
                text31                              187      187       25         0
                text30                              451      451       5E         0
                text29                               48       48       12         0
                text28                              3F9      3F9       58         0
                text27                               2D       2D        D         0
                text26                               3A       3A        7         0
                text25                               41       41        7         0
                text24                               48       48        E         0
                text23                              308      308       4C         0
                text22                               56       56        1         0
                text21                               BE       BE       19         0
                text20                               57       57        7         0
                text19                              28C      28C       36         0
                text18                               A8       A8       16         0
                text17                               5E       5E        7         0
                text16                               37       37       11         0
                text15                              13F      13F       23         0
                text14                               65       65        3         0
                text13                                3        3        2         0
                text12                               68       68       10         0
                text11                               78       78        C         0
                text10                              124      124       1B         0
                text9                                 5        5       10         0
                text8                               10A      10A       1A         0
                text7                                84       84        B         0
                text6                                8F       8F        5         0
                text5                                94       94        9         0
                text4                                5A       5A       12         0
                text3                                9D       9D        8         0
                text2                                A5       A5        4         0
                text1                                A9       A9        7         0
                maintext                            510      510       74         0
                clrtext                              B0       B0        6         0
                inittext                             B6       B6        6         0
                idataBANK0                           D7       D7       19         0

        CLASS   STRCODE        
                stringtext2                          7F       7F       13         0
                stringtext1                          BC       BC        A         0

        CLASS   STRING         

        CLASS   CONST          
                swtext2                              2A       2A        2         0
                swtext1                              2C       2C        1         0

        CLASS   ENTRY          

        CLASS   COMMON         
                cstackCOMMON                         70       70        E         1

        CLASS   BANK0          
                cstackBANK0                          20       20       22         1
                dataBANK0                            42       42       19         1
                bssBANK0                             5B       5B        C         1

        CLASS   BANK1          
                bssBANK1                             A0       A0       10         1

        CLASS   BANK2          

        CLASS   BIGRAM         

        CLASS   RAM            

        CLASS   ABS1           
                abs_s1                               7E       7E        2         1

        CLASS   SFR0           

        CLASS   SFR1           

        CLASS   SFR2           

        CLASS   SFR3           

        CLASS   SFR4           

        CLASS   SFR5           

        CLASS   SFR6           

        CLASS   SFR7           

        CLASS   SFR8           

        CLASS   SFR9           

        CLASS   SFR10          

        CLASS   SFR11          

        CLASS   SFR12          

        CLASS   SFR13          

        CLASS   SFR14          

        CLASS   SFR15          

        CLASS   SFR16          

        CLASS   SFR17          

        CLASS   SFR18          

        CLASS   SFR19          

        CLASS   SFR20          

        CLASS   SFR21          

        CLASS   SFR22          

        CLASS   SFR23          

        CLASS   SFR24          

        CLASS   SFR25          

        CLASS   SFR26          

        CLASS   SFR27          

        CLASS   SFR28          

        CLASS   SFR29          

        CLASS   SFR30          

        CLASS   SFR31          

        CLASS   CONFIG         

        CLASS   IDLOC          

        CLASS   EEDATA         

        CLASS   BANK31         

        CLASS   BANK30         

        CLASS   BANK29         

        CLASS   BANK28         

        CLASS   BANK27         

        CLASS   BANK26         

        CLASS   BANK25         

        CLASS   BANK24         

        CLASS   BANK23         

        CLASS   BANK22         

        CLASS   BANK21         

        CLASS   BANK20         

        CLASS   BANK19         

        CLASS   BANK18         

        CLASS   BANK17         

        CLASS   BANK16         

        CLASS   BANK15         

        CLASS   BANK14         

        CLASS   BANK13         

        CLASS   BANK12         

        CLASS   BANK11         

        CLASS   BANK10         

        CLASS   BANK9          

        CLASS   BANK8          

        CLASS   BANK7          

        CLASS   BANK6          

        CLASS   BANK5          

        CLASS   BANK4          

        CLASS   BANK3          

        CLASS   STACK          



SEGMENTS        Name                           Load    Length   Top    Selector   Space  Class     Delta

                reset_vec                      000000  000005  000005         0       0  CODE        2
                text9                          000005  000010  000015         A       0  CODE        2
                cstackBANK0                    000020  000047  000067        20       1  BANK0       1
                text50                         000015  000011  000026        2A       0  CODE        2
                text34                         000026  000011  000037        4C       0  CODE        2
                text16                         000037  000011  000048        6E       0  CODE        2
                cstackCOMMON                   000070  00000E  00007E        70       1  COMMON      1
                text29                         000048  000012  00005A        90       0  CODE        2
                bssBANK1                       0000A0  000010  0000B0        A0       1  BANK1       1
                text4                          00005A  000012  00006C        B4       0  CODE        2
                text38                         00006C  000013  00007F        D8       0  CODE        2
                stringtext2                    00007F  000013  000092        FE       0  STRCODE     2
                text49                         000092  000016  0000A8       124       0  CODE        2
                text18                         0000A8  000016  0000BE       150       0  CODE        2
                text21                         0000BE  000019  0000D7       17C       0  CODE        2
                idataBANK0                     0000D7  000019  0000F0       1AE       0  CODE        2
                text52                         0000F0  00001A  00010A       1E0       0  CODE        2
                text8                          00010A  00001A  000124       214       0  CODE        2
                text10                         000124  00001B  00013F       248       0  CODE        2
                text15                         00013F  000023  000162       27E       0  CODE        2
                text32                         000162  000025  000187       2C4       0  CODE        2
                text31                         000187  000025  0001AC       30E       0  CODE        2
                text53                         0001AC  000028  0001D4       358       0  CODE        2
                text47                         0001D4  000028  0001FC       3A8       0  CODE        2
                text55                         0001FC  00002C  000228       3F8       0  CODE        2
                text43                         000228  000030  000258       450       0  CODE        2
                text56                         000258  000034  00028C       4B0       0  CODE        2
                text19                         00028C  000036  0002C2       518       0  CODE        2
                text37                         0002C2  000046  000308       584       0  CODE        2
                text23                         000308  00004C  000354       610       0  CODE        2
                text42                         000354  00004E  0003A2       6A8       0  CODE        2
                text41                         0003A2  000057  0003F9       744       0  CODE        2
                text28                         0003F9  000058  000451       7F2       0  CODE        2
                text30                         000451  00005E  0004AF       8A2       0  CODE        2
                text48                         0004AF  000061  000510       95E       0  CODE        2
                maintext                       000510  000074  000584       A20       0  CODE        2
                text40                         000584  000086  00060A       B08       0  CODE        2
                text46                         00060A  000087  000691       C14       0  CODE        2
                text51                         000691  00008E  00071F       D22       0  CODE        2
                text54                         00071F  0000C9  0007E8       E3E       0  CODE        2
                cinit                          0007E8  000018  000800       FD0       0  CODE        2


UNUSED ADDRESS RANGES

        Name                Unused          Largest block    Delta
        BANK0            0067-006F              9           1
        BANK1            00B0-00EF             40           1
        BANK2            0120-016F             50           1
        BIGRAM           2000-20EF             F0           1
        CONFIG           8007-800A              4           2
        EEDATA           F000-F0FF            100           2
        IDLOC            8000-8003              4           2
        RAM              0067-006F              9           1
                         00B0-00EF             40
                         0120-016F             50
        SFR0             0000-001F             20           1
        SFR1             0080-009F             20           1
        SFR10            0500-056F             70           1
        SFR11            0580-05EF             70           1
        SFR12            0600-066F             70           1
        SFR13            0680-06EF             70           1
        SFR14            0700-076F             70           1
        SFR15            0780-07EF             70           1
        SFR16            0800-086F             70           1
        SFR17            0880-08EF             70           1
        SFR18            0900-096F             70           1
        SFR19            0980-09EF             70           1
        SFR2             0100-011F             20           1
        SFR20            0A00-0A6F             70           1
        SFR21            0A80-0AEF             70           1
        SFR22            0B00-0B6F             70           1
        SFR23            0B80-0BEF             70           1
        SFR24            0C00-0C6F             70           1
        SFR25            0C80-0CEF             70           1
        SFR26            0D00-0D6F             70           1
        SFR27            0D80-0DEF             70           1
        SFR28            0E00-0E6F             70           1
        SFR29            0E80-0EEF             70           1
        SFR3             0180-01EF             70           1
        SFR30            0F00-0F6F             70           1
        SFR31            0F80-0FEF             70           1
        SFR4             0200-026F             70           1
        SFR5             0280-02EF             70           1
        SFR6             0300-036F             70           1
        SFR7             0380-03EF             70           1
        SFR8             0400-046F             70           1
        SFR9             0480-04EF             70           1

                                  Symbol Table

_EUSART_Write                            text57       0000
__CFG_BOREN$ON                           (abs)        0000
__CFG_BORV$LOW                           (abs)        0000
__CFG_CLKOUTEN$OFF                       (abs)        0000
__CFG_CP$OFF                             (abs)        0000
__CFG_CPD$OFF                            (abs)        0000
__CFG_CSWEN$ON                           (abs)        0000
__CFG_DEBUG$OFF                          (abs)        0000
__CFG_FCMEN$ON                           (abs)        0000
__CFG_FEXTOSC$OFF                        (abs)        0000
__CFG_LPBOREN$OFF                        (abs)        0000
__CFG_LVP$ON                             (abs)        0000
__CFG_MCLRE$ON                           (abs)        0000
__CFG_PPS1WAY$ON                         (abs)        0000
__CFG_PWRTE$OFF                          (abs)        0000
__CFG_RSTOSC$HFINT1                      (abs)        0000
__CFG_STVREN$ON                          (abs)        0000
__CFG_WDTE$OFF                           (abs)        0000
__CFG_WRT$OFF                            (abs)        0000
__Habs1                                  abs1         0000
__Hbank0                                 bank0        0000
__Hbank1                                 bank1        0000
__Hbank10                                bank10       0000
__Hbank11                                bank11       0000
__Hbank12                                bank12       0000
__Hbank13                                bank13       0000
__Hbank14                                bank14       0000
__Hbank15                                bank15       0000
__Hbank16                                bank16       0000
__Hbank17                                bank17       0000
__Hbank18                                bank18       0000
__Hbank19                                bank19       0000
__Hbank2                                 bank2        0000
__Hbank20                                bank20       0000
__Hbank21                                bank21       0000
__Hbank22                                bank22       0000
__Hbank23                                bank23       0000
__Hbank24                                bank24       0000
__Hbank25                                bank25       0000
__Hbank26                                bank26       0000
__Hbank27                                bank27       0000
__Hbank28                                bank28       0000
__Hbank29                                bank29       0000
__Hbank3                                 bank3        0000
__Hbank30                                bank30       0000
__Hbank31                                bank31       0000
__Hbank4                                 bank4        0000
__Hbank5                                 bank5        0000
__Hbank6                                 bank6        0000
__Hbank7                                 bank7        0000
__Hbank8                                 bank8        0000
__Hbank9                                 bank9        0000
__Hbigram                                bigram       0000
__Hclrtext                               clrtext      0000
__Hcode                                  code         0000
__Hcommon                                common       0000
__Hconfig                                config       0000
__Heeprom_data                           eeprom_data  0000
__Hfunctab                               functab      0000
__Hidloc                                 idloc        0000
__Hmaintext                              maintext     0000
__Hpowerup                               powerup      0000
__Hram                                   ram          0000
__Hsfr0                                  sfr0         0000
__Hsfr1                                  sfr1         0000
__Hsfr10                                 sfr10        0000
__Hsfr11                                 sfr11        0000
__Hsfr12                                 sfr12        0000
__Hsfr13                                 sfr13        0000
__Hsfr14                                 sfr14        0000
__Hsfr15                                 sfr15        0000
__Hsfr16                                 sfr16        0000
__Hsfr17                                 sfr17        0000
__Hsfr18                                 sfr18        0000
__Hsfr19                                 sfr19        0000
__Hsfr2                                  sfr2         0000
__Hsfr20                                 sfr20        0000
__Hsfr21                                 sfr21        0000
__Hsfr22                                 sfr22        0000
__Hsfr23                                 sfr23        0000
__Hsfr24                                 sfr24        0000
__Hsfr25                                 sfr25        0000
__Hsfr26                                 sfr26        0000
__Hsfr27                                 sfr27        0000
__Hsfr28                                 sfr28        0000
__Hsfr29                                 sfr29        0000
__Hsfr3                                  sfr3         0000
__Hsfr30                                 sfr30        0000
__Hsfr31                                 sfr31        0000
__Hsfr4                                  sfr4         0000
__Hsfr5                                  sfr5         0000
__Hsfr6                                  sfr6         0000
__Hsfr7                                  sfr7         0000
__Hsfr8                                  sfr8         0000
__Hsfr9                                  sfr9         0000
__Hspace_2                               (abs)        0000
__Hspace_3                               (abs)        0000
__Hstack                                 stack        0000
__Hstrings                               strings      0000
__Htext                                  text         0000
__Labs1                                  abs1         0000
__Lbank0                                 bank0        0000
__Lbank1                                 bank1        0000
__Lbank10                                bank10       0000
__Lbank11                                bank11       0000
__Lbank12                                bank12       0000
__Lbank13                                bank13       0000
__Lbank14                                bank14       0000
__Lbank15                                bank15       0000
__Lbank16                                bank16       0000
__Lbank17                                bank17       0000
__Lbank18                                bank18       0000
__Lbank19                                bank19       0000
__Lbank2                                 bank2        0000
__Lbank20                                bank20       0000
__Lbank21                                bank21       0000
__Lbank22                                bank22       0000
__Lbank23                                bank23       0000
__Lbank24                                bank24       0000
__Lbank25                                bank25       0000
__Lbank26                                bank26       0000
__Lbank27                                bank27       0000
__Lbank28                                bank28       0000
__Lbank29                                bank29       0000
__Lbank3                                 bank3        0000
__Lbank30                                bank30       0000
__Lbank31                                bank31       0000
__Lbank4                                 bank4        0000
__Lbank5                                 bank5        0000
__Lbank6                                 bank6        0000
__Lbank7                                 bank7        0000
__Lbank8                                 bank8        0000
__Lbank9                                 bank9        0000
__Lbigram                                bigram       0000
__Lclrtext                               clrtext      0000
__Lcode                                  code         0000
__Lcommon                                common       0000
__Lconfig                                config       0000
__Leeprom_data                           eeprom_data  0000
__Lfunctab                               functab      0000
__Lidloc                                 idloc        0000
__Lmaintext                              maintext     0000
__Lpowerup                               powerup      0000
__Lram                                   ram          0000
__Lreset_vec                             reset_vec    0000
__Lsfr0                                  sfr0         0000
__Lsfr1                                  sfr1         0000
__Lsfr10                                 sfr10        0000
__Lsfr11                                 sfr11        0000
__Lsfr12                                 sfr12        0000
__Lsfr13                                 sfr13        0000
__Lsfr14                                 sfr14        0000
__Lsfr15                                 sfr15        0000
__Lsfr16                                 sfr16        0000
__Lsfr17                                 sfr17        0000
__Lsfr18                                 sfr18        0000
__Lsfr19                                 sfr19        0000
__Lsfr2                                  sfr2         0000
__Lsfr20                                 sfr20        0000
__Lsfr21                                 sfr21        0000
__Lsfr22                                 sfr22        0000
__Lsfr23                                 sfr23        0000
__Lsfr24                                 sfr24        0000
__Lsfr25                                 sfr25        0000
__Lsfr26                                 sfr26        0000
__Lsfr27                                 sfr27        0000
__Lsfr28                                 sfr28        0000
__Lsfr29                                 sfr29        0000
__Lsfr3                                  sfr3         0000
__Lsfr30                                 sfr30        0000
__Lsfr31                                 sfr31        0000
__Lsfr4                                  sfr4         0000
__Lsfr5                                  sfr5         0000
__Lsfr6                                  sfr6         0000
__Lsfr7                                  sfr7         0000
__Lsfr8                                  sfr8         0000
__Lsfr9                                  sfr9         0000
__Lspace_0                               (abs)        0000
__Lspace_1                               (abs)        0000
__Lspace_2                               (abs)        0000
__Lspace_3                               (abs)        0000
__Lstack                                 stack        0000
__Lstrings                               strings      0000
__Ltext                                  text         0000
__S3                                     (abs)        0000
___int_sp                                stack        0000
___latbits                               (abs)        0000
___sp                                    stack        0000
__pstringtext3                           stringtext3  0000
__ptext57                                text57       0000
__size_of_Button_Baseline_Initialize     (abs)        0000
__size_of_Button_Baseline_Update         (abs)        0000
__size_of_Button_DefaultCallback         (abs)        0000
__size_of_Button_Deviation_Update        (abs)        0000
__size_of_Button_Reading_Update          (abs)        0000
__size_of_Button_Service                 (abs)        0000
__size_of_Button_State_Initializing      (abs)        0000
__size_of_Button_State_NotPressed        (abs)        0000
__size_of_Button_State_Pressed           (abs)        0000
__size_of_Button_Tick_helper             (abs)        0000
__size_of_DisplayVal                     (abs)        0000
__size_of_EUSART_Initialize              (abs)        0000
__size_of_EUSART_Write                   (abs)        0000
__size_of_MTOUCH_Button_Initialize       (abs)        0000
__size_of_MTOUCH_Button_InitializeAll    (abs)        0000
__size_of_MTOUCH_Button_ServiceAll       (abs)        0000
__size_of_MTOUCH_Button_Tick             (abs)        0000
__size_of_MTOUCH_Button_isPressed        (abs)        0000
__size_of_MTOUCH_CVD_ScanA_0             (abs)        0000
__size_of_MTOUCH_CVD_ScanB_0             (abs)        0000
__size_of_MTOUCH_Delay                   (abs)        0000
__size_of_MTOUCH_Initialize              (abs)        0000
__size_of_MTOUCH_Random                  (abs)        0000
__size_of_MTOUCH_Sensor_Calibrate        (abs)        0000
__size_of_MTOUCH_Sensor_Enable           (abs)        0000
__size_of_MTOUCH_Sensor_Initialize       (abs)        0000
__size_of_MTOUCH_Sensor_InitializeAll    (abs)        0000
__size_of_MTOUCH_Sensor_RawSample_Get    (abs)        0000
__size_of_MTOUCH_Sensor_SampleAll        (abs)        0000
__size_of_MTOUCH_Sensor_Sampled_ResetAll (abs)        0000
__size_of_MTOUCH_Sensor_Scan_Initialize  (abs)        0000
__size_of_MTOUCH_Sensor_isCalibrated     (abs)        0000
__size_of_MTOUCH_Sensor_wasSampled       (abs)        0000
__size_of_MTOUCH_Service_Mainloop        (abs)        0000
__size_of_MTOUCH_Tick                    (abs)        0000
__size_of_OSCILLATOR_Initialize          (abs)        0000
__size_of_PIN_MANAGER_Initialize         (abs)        0000
__size_of_PMD_Initialize                 (abs)        0000
__size_of_SYSTEM_Initialize              (abs)        0000
__size_of_Sensor_Acq_ExecutePacket       (abs)        0000
__size_of_Sensor_Acq_ExecuteScan         (abs)        0000
__size_of_Sensor_Acquisition             (abs)        0000
__size_of_Sensor_DefaultCallback         (abs)        0000
__size_of_Sensor_RawSample_Update        (abs)        0000
__size_of_Sensor_Sampled_Reset           (abs)        0000
__size_of_Sensor_Service                 (abs)        0000
__size_of_Sensor_isEnabled               (abs)        0000
__size_of_Sensor_setActive               (abs)        0000
__size_of_Sensor_setInactive             (abs)        0000
__size_of_Sensor_setSampled              (abs)        0000
__size_of_Sensor_setScanFunction         (abs)        0000
__size_of_WDT_Initialize                 (abs)        0000
__size_of___bmul                         (abs)        0000
__size_of___lwdiv                        (abs)        0000
__size_of___lwmod                        (abs)        0000
__size_of_abs                            (abs)        0000
__size_of_main                           (abs)        0000
__size_of_sprintf                        (abs)        0000
intlevel0                                functab      0000
intlevel1                                functab      0000
intlevel2                                functab      0000
intlevel3                                functab      0000
intlevel4                                functab      0000
intlevel5                                functab      0000
reset_vec                                reset_vec    0000
stackhi                                  (abs)        0000
stacklo                                  (abs)        0000
__Hinit                                  init         0001
__Hintentry                              intentry     0001
__Hreset_vec                             reset_vec    0001
__Lend_init                              end_init     0001
__Linit                                  init         0001
__Lintentry                              intentry     0001
start                                    init         0001
_MTOUCH_Tick                             text13       0003
__Hend_init                              end_init     0003
__ptext13                                text13       0003
_MTOUCH_Sensor_Enable                    text9        0005
__end_of_MTOUCH_Tick                     text13       0005
__ptext9                                 text9        0005
_INTCONbits                              (abs)        000B
_PORTAbits                               (abs)        000C
_Button_DefaultCallback                  text45       0008
__end_of_EUSART_Write                    text57       0008
__ptext45                                text45       0008
_PIR1bits                                (abs)        0011
_MTOUCH_Sensor_Calibrate                 text44       0009
__end_of_Button_DefaultCallback          text45       0009
__ptext44                                text44       0009
_MTOUCH_Sensor_isCalibrated              text39       000A
__end_of_MTOUCH_Sensor_Calibrate         text44       000A
__ptext39                                text39       000A
_MTOUCH_Button_ServiceAll                text36       000C
__end_of_MTOUCH_Sensor_isCalibrated      text39       000C
__ptext36                                text36       000C
?_sprintf                                cstackBANK0  0020
Button_Deviation_Update@button           cstackBANK0  0020
Sensor_Acq_ExecutePacket@ADCON0_temp     cstackBANK0  0020
__pcstackBANK0                           cstackBANK0  0020
sprintf@f                                cstackBANK0  0020
Button_Deviation_Update@deviation        cstackBANK0  0021
Sensor_Acq_ExecutePacket@ADCON1_temp     cstackBANK0  0021
Sensor_Acq_ExecutePacket@ADACT_temp      cstackBANK0  0022
Sensor_Acq_ExecutePacket@GIE_state       cstackBANK0  0023
Sensor_Acq_ExecutePacket@error           cstackBANK0  0024
Sensor_Acq_ExecutePacket@sensor          cstackBANK0  0025
Sensor_Acquisition@retry                 cstackBANK0  0026
Button_Service@name                      cstackBANK0  0027
Sensor_Acquisition@sensor                cstackBANK0  0027
Button_Service@button                    cstackBANK0  0028
sprintf@ap                               cstackBANK0  0028
sprintf@flag                             cstackBANK0  0029
MTOUCH_Button_ServiceAll@button          cstackBANK0  002A
Sensor_Service@name                      cstackBANK0  002A
___bmul                                  text50       0015
__end_of_MTOUCH_Sensor_Enable            text9        0015
__ptext50                                text50       0015
sprintf@prec                             cstackBANK0  002A
Sensor_Service@error                     cstackBANK0  002B
sprintf@val                              cstackBANK0  002B
Sensor_Service@sensor                    cstackBANK0  002C
MTOUCH_Sensor_SampleAll@sensor           cstackBANK0  002D
sprintf@sp                               cstackBANK0  002D
sprintf@c                                cstackBANK0  002E
DisplayVal@val                           cstackBANK0  002F
DisplayVal@valStr                        cstackBANK0  0032
_MTOUCH_Delay                            text35       0019
__end_of_MTOUCH_Button_ServiceAll        text36       0019
__ptext35                                text35       0019
DisplayVal@str                           cstackBANK0  003C
main@data                                cstackBANK0  003E
main@i                                   cstackBANK0  0040
_Button_StateMachine                     dataBANK0    0042
__pdataBANK0                             dataBANK0    0042
_MTOUCH_Sensor_Scan_Initialize           text33       0024
_Sensor_scanB                            dataBANK0    0048
__end_of_MTOUCH_Delay                    text35       0024
__ptext33                                text33       0024
_Sensor_scanA                            dataBANK0    004A
_MTOUCH_Random                           text34       0026
__end_of___bmul                          text50       0026
__ptext34                                text34       0026
_callback_sampled                        dataBANK0    004C
_callback_notPressed                     dataBANK0    004E
_callback_pressed                        dataBANK0    0050
_mtouch_sensor                           dataBANK0    0052
__end_of_MTOUCH_Sensor_Scan_Initialize   text33       002A
__pswtext2                               swtext2      002A
__pswtext1                               swtext1      002C
_Sensor_isEnabled                        text27       002D
__ptext27                                text27       002D
__pbssBANK0                              bssBANK0     005B
_bright                                  bssBANK0     005B
_packet_sample                           bssBANK0     005D
_GIE                                     (abs)        005F
_myStatus                                bssBANK0     005F
_toggleLED                               bssBANK0     0060
_sample_delay                            bssBANK0     0061
_packet_counter                          bssBANK0     0062
_currentScannSensor                      bssBANK0     0063
_sensor_globalFlags                      bssBANK0     0064
MTOUCH_Random@seed                       bssBANK0     0065
_mtouch_time_toScan                      bssBANK0     0066
_MTOUCH_Sensor_Sampled_ResetAll          text16       0037
__end_of_MTOUCH_Random                   text34       0037
__ptext16                                text16       0037
?___lwdiv                                cstackCOMMON 0070
?_abs                                    cstackCOMMON 0070
Button_DefaultCallback@button            cstackCOMMON 0070
EUSART_Write@txData                      cstackCOMMON 0070
Sensor_DefaultCallback@sensor            cstackCOMMON 0070
Sensor_RawSample_Update@sensor           cstackCOMMON 0070
Sensor_Sampled_Reset@sensor              cstackCOMMON 0070
Sensor_isEnabled@sensor                  cstackCOMMON 0070
Sensor_setActive@sensor                  cstackCOMMON 0070
Sensor_setInactive@sensor                cstackCOMMON 0070
Sensor_setSampled@sensor                 cstackCOMMON 0070
Sensor_setScanFunction@sensor            cstackCOMMON 0070
___bmul@multiplicand                     cstackCOMMON 0070
___lwdiv@divisor                         cstackCOMMON 0070
__pcstackCOMMON                          cstackCOMMON 0070
abs@a                                    cstackCOMMON 0070
MTOUCH_Button_isPressed@name             cstackCOMMON 0071
MTOUCH_Delay@i                           cstackCOMMON 0071
Button_Tick_helper@button                cstackCOMMON 0072
MTOUCH_Button_Initialize@name            cstackCOMMON 0072
MTOUCH_Sensor_Sampled_ResetAll@sensor    cstackCOMMON 0072
___bmul@product                          cstackCOMMON 0072
___lwdiv@dividend                        cstackCOMMON 0072
MTOUCH_Button_Initialize@button          cstackCOMMON 0073
___bmul@multiplier                       cstackCOMMON 0073
?_MTOUCH_Sensor_RawSample_Get            cstackCOMMON 0074
_Sensor_setActive                        text26       003A
__end_of_Sensor_isEnabled                text27       003A
__ptext26                                text26       003A
MTOUCH_Button_InitializeAll@button       cstackCOMMON 0075
MTOUCH_Sensor_Enable@sensor              cstackCOMMON 0075
MTOUCH_Sensor_wasSampled@sensor          cstackCOMMON 0075
___lwdiv@quotient                        cstackCOMMON 0075
Button_Baseline_Update@button            cstackCOMMON 0076
Sensor_Acq_ExecuteScan@result            cstackCOMMON 0076
MTOUCH_Sensor_Initialize@sensor          cstackCOMMON 0077
MTOUCH_Sensor_RawSample_Get@name         cstackCOMMON 0077
___lwdiv@counter                         cstackCOMMON 0077
?___lwmod                                cstackCOMMON 0078
___lwmod@divisor                         cstackCOMMON 0078
MTOUCH_Sensor_InitializeAll@sensor       cstackCOMMON 0079
Button_Reading_Update@button             cstackCOMMON 007A
___lwmod@dividend                        cstackCOMMON 007A
Button_Baseline_Initialize@button        cstackCOMMON 007C
Button_State_Initializing@button         cstackCOMMON 007D
Button_State_NotPressed@button           cstackCOMMON 007D
Button_State_Pressed@button              cstackCOMMON 007D
___lwmod@counter                         cstackCOMMON 007D
btemp                                    (abs)        007E
wtemp0                                   (abs)        007E
_Sensor_setInactive                      text25       0041
__end_of_Sensor_setActive                text26       0041
__ptext25                                text25       0041
_TRISA                                   (abs)        008C
_TRISAbits                               (abs)        008C
_Sensor_setScanFunction                  text29       0048
__end_of_MTOUCH_Sensor_Sampled_ResetAll  text16       0048
__end_of_Sensor_setInactive              text25       0048
__ptext24                                text24       0048
__ptext29                                text29       0048
_abs                                     text24       0048
_WDTCON                                  (abs)        0097
_ADRES                                   (abs)        009B
_ADCON0                                  (abs)        009D
_ADCON0bits                              (abs)        009D
_ADCON1                                  (abs)        009E
_ADACT                                   (abs)        009F
__pbssBANK1                              bssBANK1     00A0
_mtouch_button                           bssBANK1     00A0
_Sensor_DefaultCallback                  text22       0056
__end_of_abs                             text24       0056
__ptext22                                text22       0056
_Sensor_setSampled                       text20       0057
__end_of_Sensor_DefaultCallback          text22       0057
__ptext20                                text20       0057
__Hspace_1                               (abs)        00B0
__S1                                     (abs)        00B0
_PIN_MANAGER_Initialize                  text4        005A
__end_of_Sensor_setScanFunction          text29       005A
__ptext4                                 text4        005A
_Sensor_Sampled_Reset                    text17       005E
__end_of_Sensor_setSampled               text20       005E
__ptext17                                text17       005E
_MTOUCH_Button_Tick                      text14       0065
__end_of_Sensor_Sampled_Reset            text17       0065
__ptext14                                text14       0065
_MTOUCH_Service_Mainloop                 text12       0068
__end_of_MTOUCH_Button_Tick              text14       0068
__ptext12                                text12       0068
_MTOUCH_Sensor_wasSampled                text38       006C
__end_of_PIN_MANAGER_Initialize          text4        006C
__ptext38                                text38       006C
_EUSART_Initialize                       text11       0078
__end_of_MTOUCH_Service_Mainloop         text12       0078
__ptext11                                text11       0078
__end_of_MTOUCH_Sensor_wasSampled        text38       007F
__pstringtext2                           stringtext2  007F
_mtouch_button_init                      stringtext2  007F
_MTOUCH_Sensor_InitializeAll             text7        0084
__end_of_EUSART_Initialize               text11       0084
__ptext7                                 text7        0084
_LATA                                    (abs)        010C
_MTOUCH_Initialize                       text6        008F
__end_of_MTOUCH_Sensor_InitializeAll     text7        008F
__end_of_mtouch_button_init              stringtext2  008F
__ptext6                                 text6        008F
_MTOUCH_Sensor_RawSample_Get             text49       0092
__ptext49                                text49       0092
_OSCILLATOR_Initialize                   text5        0094
__end_of_MTOUCH_Initialize               text6        0094
__ptext5                                 text5        0094
_PMD_Initialize                          text3        009D
__end_of_OSCILLATOR_Initialize           text5        009D
__ptext3                                 text3        009D
_WDT_Initialize                          text2        00A5
__end_of_PMD_Initialize                  text3        00A5
__ptext2                                 text2        00A5
_MTOUCH_Sensor_SampleAll                 text18       00A8
__end_of_MTOUCH_Sensor_RawSample_Get     text49       00A8
__ptext18                                text18       00A8
_SYSTEM_Initialize                       text1        00A9
__end_of_WDT_Initialize                  text2        00A9
__ptext1                                 text1        00A9
__HcstackBANK0                           cstackBANK0  0160
__HcstackCOMMON                          cstackCOMMON 0160
__LcstackBANK0                           cstackBANK0  0160
__LcstackCOMMON                          cstackCOMMON 0160
__end_of_SYSTEM_Initialize               text1        00B0
clear_ram0                               clrtext      00B0
__Hinittext                              inittext     016C
__Linittext                              inittext     016C
init_ram                                 inittext     00B6
__HbssBANK0                              bssBANK0     0178
__HbssBANK1                              bssBANK1     0178
__HdataBANK0                             dataBANK0    0178
__Hstringtext1                           stringtext1  0178
__Hstringtext2                           stringtext2  0178
__Hstringtext3                           stringtext3  0178
__LbssBANK0                              bssBANK0     0178
__LbssBANK1                              bssBANK1     0178
__LdataBANK0                             dataBANK0    0178
__Lstringtext1                           stringtext1  0178
__Lstringtext2                           stringtext2  0178
__Lstringtext3                           stringtext3  0178
__pstringtext1                           stringtext1  00BC
_dpowers                                 stringtext1  00BC
_Sensor_RawSample_Update                 text21       00BE
__end_of_MTOUCH_Sensor_SampleAll         text18       00BE
__ptext21                                text21       00BE
_ANSELA                                  (abs)        018C
_ANSELAbits                              (abs)        018C
__HidataBANK0                            idataBANK0   018C
__LidataBANK0                            idataBANK0   018C
__end_of_dpowers                         stringtext1  00C6
_RC1REG                                  (abs)        0199
_TX1REG                                  (abs)        019A
_SP1BRGL                                 (abs)        019B
_SP1BRGH                                 (abs)        019C
_RC1STA                                  (abs)        019D
_RC1STAbits                              (abs)        019D
_TX1STA                                  (abs)        019E
_TX1STAbits                              (abs)        019E
_BAUD1CON                                (abs)        019F
__end_of_Sensor_RawSample_Update         text21       00D7
__pidataBANK0                            idataBANK0   00D7
_MTOUCH_Button_isPressed                 text52       00F0
__ptext52                                text52       00F0
_WPUA                                    (abs)        020C
_WPUAbits                                (abs)        020C
_MTOUCH_Sensor_Initialize                text8        010A
__end_of_MTOUCH_Button_isPressed         text52       010A
__ptext8                                 text8        010A
_MTOUCH_Button_InitializeAll             text10       0124
__end_of_MTOUCH_Sensor_Initialize        text8        0124
__ptext10                                text10       0124
_Button_Tick_helper                      text15       013F
__end_of_MTOUCH_Button_InitializeAll     text10       013F
__ptext15                                text15       013F
_ODCONA                                  (abs)        028C
_MTOUCH_CVD_ScanA_0                      text32       0162
__end_of_Button_Tick_helper              text15       0162
__ptext32                                text32       0162
_MTOUCH_CVD_ScanB_0                      text31       0187
__end_of_MTOUCH_CVD_ScanA_0              text32       0187
__ptext31                                text31       0187
_DisplayVal                              text53       01AC
__end_of_MTOUCH_CVD_ScanB_0              text31       01AC
__ptext53                                text53       01AC
_Button_Baseline_Initialize              text47       01D4
__end_of_DisplayVal                      text53       01D4
__ptext47                                text47       01D4
___lwmod                                 text55       01FC
__end_of_Button_Baseline_Initialize      text47       01FC
__ptext55                                text55       01FC
_MTOUCH_Button_Initialize                text43       0228
__end_of___lwmod                         text55       0228
__ptext43                                text43       0228
___lwdiv                                 text56       0258
__end_of_MTOUCH_Button_Initialize        text43       0258
__ptext56                                text56       0258
_Sensor_Service                          text19       028C
__end_of___lwdiv                         text56       028C
__ptext19                                text19       028C
_Button_Service                          text37       02C2
__end_of_Sensor_Service                  text19       02C2
__ptext37                                text37       02C2
_Sensor_Acquisition                      text23       0308
__end_of_Button_Service                  text37       0308
__ptext23                                text23       0308
_Button_State_Pressed                    text42       0354
__end_of_Sensor_Acquisition              text23       0354
__ptext42                                text42       0354
_Button_State_Initializing               text41       03A2
__end_of_Button_State_Pressed            text42       03A2
__ptext41                                text41       03A2
_Sensor_Acq_ExecutePacket                text28       03F9
__end_of_Button_State_Initializing       text41       03F9
__ptext28                                text28       03F9
__Hspace_0                               (abs)        0800
__S0                                     (abs)        0800
_Sensor_Acq_ExecuteScan                  text30       0451
__end_of_Sensor_Acq_ExecutePacket        text28       0451
__ptext30                                text30       0451
_PMD0                                    (abs)        0911
_PMD1                                    (abs)        0912
_PMD2                                    (abs)        0913
_PMD3                                    (abs)        0914
_PMD4                                    (abs)        0915
_PMD5                                    (abs)        0916
_OSCCON1                                 (abs)        0919
_OSCCON3                                 (abs)        091B
_OSCEN                                   (abs)        091D
_OSCTUNE                                 (abs)        091E
_OSCFRQ                                  (abs)        091F
_Button_Reading_Update                   text48       04AF
__end_of_Sensor_Acq_ExecuteScan          text30       04AF
__ptext48                                text48       04AF
__end_of_Button_Reading_Update           text48       0510
__pmaintext                              maintext     0510
_main                                    maintext     0510
_Button_State_NotPressed                 text40       0584
__end_of_main                            maintext     0584
__ptext40                                text40       0584
_Button_Baseline_Update                  text46       060A
__end_of_Button_State_NotPressed         text40       060A
__ptext46                                text46       060A
_Button_Deviation_Update                 text51       0691
__end_of_Button_Baseline_Update          text46       0691
__ptext51                                text51       0691
__end_of_Button_Deviation_Update         text51       071F
__ptext54                                text54       071F
_sprintf                                 text54       071F
_RA4PPSbits                              (abs)        0E94
__Lcinit                                 cinit        07E8
__end_of_sprintf                         text54       07E8
__initialization                         cinit        07E8
__end_of__initialization                 cinit        07FE
__Hcinit                                 cinit        0800
end_of_initialization                    cinit        07FE
start_initialization                     cinit        07E8
